2024-07-08 23:36:13,196 - INFO - Image: zwb-2-2-4-1-1-c61_heatmap.png, Predicted: clap, Actual: clap
2024-07-08 23:36:13,206 - INFO - Image: zwb-2-2-4-1-1-c62_heatmap.png, Predicted: clap, Actual: clap
2024-07-08 23:36:13,218 - INFO - Image: zwb-2-2-4-1-1-c63_heatmap.png, Predicted: clap, Actual: clap
2024-07-08 23:36:13,229 - INFO - Image: zwb-2-2-4-1-1-c64_heatmap.png, Predicted: clap, Actual: clap
2024-07-08 23:36:13,240 - INFO - Image: zwb-2-2-4-1-1-c65_heatmap.png, Predicted: clap, Actual: clap
2024-07-08 23:36:13,250 - INFO - Image: zwb-2-2-4-1-1-c66_heatmap.png, Predicted: clap, Actual: clap
2024-07-08 23:36:13,259 - INFO - Image: zwb-2-2-4-1-1-c67_heatmap.png, Predicted: clap, Actual: clap
2024-07-08 23:36:13,269 - INFO - Image: zwb-2-2-4-1-1-c68_heatmap.png, Predicted: clap, Actual: clap
2024-07-08 23:36:13,278 - INFO - Image: zwb-2-2-4-1-1-c69_heatmap.png, Predicted: clap, Actual: clap
2024-07-08 23:36:13,287 - INFO - Image: zwb-2-2-4-1-1-c70_heatmap.png, Predicted: clap, Actual: clap
2024-07-08 23:36:13,296 - INFO - Image: zwb-2-2-4-1-1-c71_heatmap.png, Predicted: clap, Actual: clap
2024-07-08 23:36:13,307 - INFO - Image: zwb-2-2-4-1-1-c72_heatmap.png, Predicted: clap, Actual: clap
2024-07-08 23:36:13,316 - INFO - Image: zwb-2-2-4-1-1-c73_heatmap.png, Predicted: clap, Actual: clap
2024-07-08 23:36:13,326 - INFO - Image: zwb-2-2-4-1-1-c74_heatmap.png, Predicted: clap, Actual: clap
2024-07-08 23:36:13,335 - INFO - Image: zwb-2-2-4-1-1-c75_heatmap.png, Predicted: clap, Actual: clap
2024-07-08 23:36:13,344 - INFO - Image: zwb-2-2-4-1-1-c76_heatmap.png, Predicted: clap, Actual: clap
2024-07-08 23:36:13,353 - INFO - Image: zwb-2-2-4-1-1-c77_heatmap.png, Predicted: clap, Actual: clap
2024-07-08 23:36:13,363 - INFO - Image: zwb-2-2-4-1-1-c78_heatmap.png, Predicted: clap, Actual: clap
2024-07-08 23:36:13,372 - INFO - Image: zwb-2-2-4-1-1-c79_heatmap.png, Predicted: clap, Actual: clap
2024-07-08 23:36:13,381 - INFO - Image: zwb-2-2-4-1-1-c80_heatmap.png, Predicted: clap, Actual: clap
2024-07-08 23:36:13,389 - INFO - Image: zzy-2-2-4-1-1-c01_heatmap.png, Predicted: clap, Actual: clap
2024-07-08 23:36:13,398 - INFO - Image: zzy-2-2-4-1-1-c02_heatmap.png, Predicted: clap, Actual: clap
2024-07-08 23:36:13,408 - INFO - Image: zzy-2-2-4-1-1-c03_heatmap.png, Predicted: clap, Actual: clap
2024-07-08 23:36:13,420 - INFO - Image: zzy-2-2-4-1-1-c04_heatmap.png, Predicted: clap, Actual: clap
2024-07-08 23:36:13,433 - INFO - Image: zzy-2-2-4-1-1-c05_heatmap.png, Predicted: clap, Actual: clap
2024-07-08 23:36:13,446 - INFO - Image: zzy-2-2-4-1-1-c06_heatmap.png, Predicted: clap, Actual: clap
2024-07-08 23:36:13,458 - INFO - Image: zzy-2-2-4-1-1-c07_heatmap.png, Predicted: clap, Actual: clap
2024-07-08 23:36:13,471 - INFO - Image: zzy-2-2-4-1-1-c08_heatmap.png, Predicted: clap, Actual: clap
2024-07-08 23:36:13,482 - INFO - Image: zzy-2-2-4-1-1-c09_heatmap.png, Predicted: clap, Actual: clap
2024-07-08 23:36:13,493 - INFO - Image: zzy-2-2-4-1-1-c10_heatmap.png, Predicted: clap, Actual: clap
2024-07-08 23:36:13,507 - INFO - Image: zzy-2-2-4-1-1-c11_heatmap.png, Predicted: clap, Actual: clap
2024-07-08 23:36:13,520 - INFO - Image: zzy-2-2-4-1-1-c12_heatmap.png, Predicted: clap, Actual: clap
2024-07-08 23:36:13,532 - INFO - Image: zzy-2-2-4-1-1-c13_heatmap.png, Predicted: clap, Actual: clap
2024-07-08 23:36:13,544 - INFO - Image: zzy-2-2-4-1-1-c14_heatmap.png, Predicted: clap, Actual: clap
2024-07-08 23:36:13,556 - INFO - Image: zzy-2-2-4-1-1-c15_heatmap.png, Predicted: clap, Actual: clap
2024-07-08 23:36:13,567 - INFO - Image: zzy-2-2-4-1-1-c16_heatmap.png, Predicted: clap, Actual: clap
2024-07-08 23:36:13,580 - INFO - Image: zzy-2-2-4-1-1-c17_heatmap.png, Predicted: clap, Actual: clap
2024-07-08 23:36:13,591 - INFO - Image: zzy-2-2-4-1-1-c18_heatmap.png, Predicted: clap, Actual: clap
2024-07-08 23:36:13,600 - INFO - Image: zzy-2-2-4-1-1-c19_heatmap.png, Predicted: clap, Actual: clap
2024-07-08 23:36:13,613 - INFO - Image: zzy-2-2-4-1-1-c20_heatmap.png, Predicted: clap, Actual: clap
2024-07-08 23:36:13,626 - INFO - Image: zzy-2-2-4-1-1-c21_heatmap.png, Predicted: clap, Actual: clap
2024-07-08 23:36:13,639 - INFO - Image: zzy-2-2-4-1-1-c22_heatmap.png, Predicted: clap, Actual: clap
2024-07-08 23:36:13,652 - INFO - Image: zzy-2-2-4-1-1-c23_heatmap.png, Predicted: clap, Actual: clap
2024-07-08 23:36:13,664 - INFO - Image: zzy-2-2-4-1-1-c24_heatmap.png, Predicted: clap, Actual: clap
2024-07-08 23:36:13,676 - INFO - Image: zzy-2-2-4-1-1-c25_heatmap.png, Predicted: clap, Actual: clap
2024-07-08 23:36:13,689 - INFO - Image: zzy-2-2-4-1-1-c26_heatmap.png, Predicted: clap, Actual: clap
2024-07-08 23:36:13,702 - INFO - Image: zzy-2-2-4-1-1-c27_heatmap.png, Predicted: clap, Actual: clap
2024-07-08 23:36:13,714 - INFO - Image: zzy-2-2-4-1-1-c28_heatmap.png, Predicted: clap, Actual: clap
2024-07-08 23:36:13,725 - INFO - Image: zzy-2-2-4-1-1-c29_heatmap.png, Predicted: clap, Actual: clap
2024-07-08 23:36:13,735 - INFO - Image: zzy-2-2-4-1-1-c30_heatmap.png, Predicted: clap, Actual: clap
2024-07-08 23:36:13,749 - INFO - Image: zwb-2-2-4-1-1-p59_heatmap.png, Predicted: pickup, Actual: pickup
2024-07-08 23:36:13,762 - INFO - Image: zwb-2-2-4-1-1-p60_heatmap.png, Predicted: pickup, Actual: pickup
2024-07-08 23:36:13,776 - INFO - Image: zwb-2-2-4-1-1-p61_heatmap.png, Predicted: pickup, Actual: pickup
2024-07-08 23:36:13,788 - INFO - Image: zwb-2-2-4-1-1-p62_heatmap.png, Predicted: pickup, Actual: pickup
2024-07-08 23:36:13,800 - INFO - Image: zwb-2-2-4-1-1-p63_heatmap.png, Predicted: pickup, Actual: pickup
2024-07-08 23:36:13,809 - INFO - Image: zwb-2-2-4-1-1-p64_heatmap.png, Predicted: pickup, Actual: pickup
2024-07-08 23:36:13,824 - INFO - Image: zwb-2-2-4-1-1-p65_heatmap.png, Predicted: pickup, Actual: pickup
2024-07-08 23:36:13,838 - INFO - Image: zwb-2-2-4-1-1-p66_heatmap.png, Predicted: pickup, Actual: pickup
2024-07-08 23:36:13,852 - INFO - Image: zwb-2-2-4-1-1-p67_heatmap.png, Predicted: pickup, Actual: pickup
2024-07-08 23:36:13,865 - INFO - Image: zwb-2-2-4-1-1-p68_heatmap.png, Predicted: pickup, Actual: pickup
2024-07-08 23:36:13,877 - INFO - Image: zwb-2-2-4-1-1-p69_heatmap.png, Predicted: walk, Actual: pickup
2024-07-08 23:36:13,892 - INFO - Image: zwb-2-2-4-1-1-p70_heatmap.png, Predicted: pickup, Actual: pickup
2024-07-08 23:36:13,907 - INFO - Image: zwb-2-2-4-1-1-p71_heatmap.png, Predicted: pickup, Actual: pickup
2024-07-08 23:36:13,920 - INFO - Image: zwb-2-2-4-1-1-p72_heatmap.png, Predicted: pickup, Actual: pickup
2024-07-08 23:36:13,934 - INFO - Image: zwb-2-2-4-1-1-p73_heatmap.png, Predicted: pickup, Actual: pickup
2024-07-08 23:36:13,947 - INFO - Image: zwb-2-2-4-1-1-p74_heatmap.png, Predicted: pickup, Actual: pickup
2024-07-08 23:36:13,958 - INFO - Image: zwb-2-2-4-1-1-p75_heatmap.png, Predicted: pickup, Actual: pickup
2024-07-08 23:36:13,970 - INFO - Image: zwb-2-2-4-1-1-p76_heatmap.png, Predicted: sitdown, Actual: pickup
2024-07-08 23:36:13,982 - INFO - Image: zwb-2-2-4-1-1-p77_heatmap.png, Predicted: pickup, Actual: pickup
2024-07-08 23:36:13,995 - INFO - Image: zwb-2-2-4-1-1-p78_heatmap.png, Predicted: pickup, Actual: pickup
2024-07-08 23:36:14,009 - INFO - Image: zwb-2-2-4-1-1-p79_heatmap.png, Predicted: pickup, Actual: pickup
2024-07-08 23:36:14,021 - INFO - Image: zwb-2-2-4-1-1-p80_heatmap.png, Predicted: pickup, Actual: pickup
2024-07-08 23:36:14,033 - INFO - Image: zzy-2-2-4-1-1-p01_heatmap.png, Predicted: kick, Actual: pickup
2024-07-08 23:36:14,043 - INFO - Image: zzy-2-2-4-1-1-p02_heatmap.png, Predicted: clap, Actual: pickup
2024-07-08 23:36:14,056 - INFO - Image: zzy-2-2-4-1-1-p03_heatmap.png, Predicted: pickup, Actual: pickup
2024-07-08 23:36:14,070 - INFO - Image: zzy-2-2-4-1-1-p04_heatmap.png, Predicted: pickup, Actual: pickup
2024-07-08 23:36:14,083 - INFO - Image: zzy-2-2-4-1-1-p05_heatmap.png, Predicted: pickup, Actual: pickup
2024-07-08 23:36:14,096 - INFO - Image: zzy-2-2-4-1-1-p06_heatmap.png, Predicted: pickup, Actual: pickup
2024-07-08 23:36:14,106 - INFO - Image: zzy-2-2-4-1-1-p07_heatmap.png, Predicted: pickup, Actual: pickup
2024-07-08 23:36:14,120 - INFO - Image: zzy-2-2-4-1-1-p08_heatmap.png, Predicted: pickup, Actual: pickup
2024-07-08 23:36:14,133 - INFO - Image: zzy-2-2-4-1-1-p09_heatmap.png, Predicted: pickup, Actual: pickup
2024-07-08 23:36:14,144 - INFO - Image: zzy-2-2-4-1-1-p10_heatmap.png, Predicted: pickup, Actual: pickup
2024-07-08 23:36:14,179 - INFO - Image: zzy-2-2-4-1-1-p11_heatmap.png, Predicted: walk, Actual: pickup
2024-07-08 23:36:14,191 - INFO - Image: zzy-2-2-4-1-1-p12_heatmap.png, Predicted: kick, Actual: pickup
2024-07-08 23:36:14,202 - INFO - Image: zzy-2-2-4-1-1-p13_heatmap.png, Predicted: pickup, Actual: pickup
2024-07-08 23:36:14,213 - INFO - Image: zzy-2-2-4-1-1-p14_heatmap.png, Predicted: kick, Actual: pickup
2024-07-08 23:36:14,227 - INFO - Image: zzy-2-2-4-1-1-p15_heatmap.png, Predicted: kick, Actual: pickup
2024-07-08 23:36:14,238 - INFO - Image: zzy-2-2-4-1-1-p16_heatmap.png, Predicted: kick, Actual: pickup
2024-07-08 23:36:14,248 - INFO - Image: zzy-2-2-4-1-1-p17_heatmap.png, Predicted: kick, Actual: pickup
2024-07-08 23:36:14,260 - INFO - Image: zzy-2-2-4-1-1-p18_heatmap.png, Predicted: kick, Actual: pickup
2024-07-08 23:36:14,270 - INFO - Image: zzy-2-2-4-1-1-p19_heatmap.png, Predicted: pickup, Actual: pickup
2024-07-08 23:36:14,283 - INFO - Image: zzy-2-2-4-1-1-p20_heatmap.png, Predicted: kick, Actual: pickup
2024-07-08 23:36:14,296 - INFO - Image: zzy-2-2-4-1-1-p21_heatmap.png, Predicted: kick, Actual: pickup
2024-07-08 23:36:14,307 - INFO - Image: zzy-2-2-4-1-1-p22_heatmap.png, Predicted: pickup, Actual: pickup
2024-07-08 23:36:14,318 - INFO - Image: zzy-2-2-4-1-1-p23_heatmap.png, Predicted: kick, Actual: pickup
2024-07-08 23:36:14,331 - INFO - Image: zzy-2-2-4-1-1-p24_heatmap.png, Predicted: kick, Actual: pickup
2024-07-08 23:36:14,346 - INFO - Image: zzy-2-2-4-1-1-p25_heatmap.png, Predicted: kick, Actual: pickup
2024-07-08 23:36:14,357 - INFO - Image: zzy-2-2-4-1-1-p26_heatmap.png, Predicted: kick, Actual: pickup
2024-07-08 23:36:14,368 - INFO - Image: zzy-2-2-4-1-1-p27_heatmap.png, Predicted: kick, Actual: pickup
2024-07-08 23:36:14,381 - INFO - Image: zzy-2-2-4-1-1-p28_heatmap.png, Predicted: kick, Actual: pickup
2024-07-08 23:36:14,391 - INFO - Image: zwb-2-2-4-1-1-r61_heatmap.png, Predicted: run, Actual: run
2024-07-08 23:36:14,402 - INFO - Image: zwb-2-2-4-1-1-r62_heatmap.png, Predicted: run, Actual: run
2024-07-08 23:36:14,412 - INFO - Image: zwb-2-2-4-1-1-r63_heatmap.png, Predicted: run, Actual: run
2024-07-08 23:36:14,423 - INFO - Image: zwb-2-2-4-1-1-r64_heatmap.png, Predicted: run, Actual: run
2024-07-08 23:36:14,434 - INFO - Image: zwb-2-2-4-1-1-r65_heatmap.png, Predicted: run, Actual: run
2024-07-08 23:36:14,444 - INFO - Image: zwb-2-2-4-1-1-r66_heatmap.png, Predicted: run, Actual: run
2024-07-08 23:36:14,456 - INFO - Image: zwb-2-2-4-1-1-r67_heatmap.png, Predicted: run, Actual: run
2024-07-08 23:36:14,467 - INFO - Image: zwb-2-2-4-1-1-r68_heatmap.png, Predicted: run, Actual: run
2024-07-08 23:36:14,480 - INFO - Image: zwb-2-2-4-1-1-r69_heatmap.png, Predicted: run, Actual: run
2024-07-08 23:36:14,492 - INFO - Image: zwb-2-2-4-1-1-r70_heatmap.png, Predicted: run, Actual: run
2024-07-08 23:36:14,502 - INFO - Image: zwb-2-2-4-1-1-r71_heatmap.png, Predicted: run, Actual: run
2024-07-08 23:36:14,513 - INFO - Image: zwb-2-2-4-1-1-r72_heatmap.png, Predicted: run, Actual: run
2024-07-08 23:36:14,523 - INFO - Image: zwb-2-2-4-1-1-r73_heatmap.png, Predicted: run, Actual: run
2024-07-08 23:36:14,533 - INFO - Image: zwb-2-2-4-1-1-r74_heatmap.png, Predicted: run, Actual: run
2024-07-08 23:36:14,544 - INFO - Image: zwb-2-2-4-1-1-r75_heatmap.png, Predicted: run, Actual: run
2024-07-08 23:36:14,554 - INFO - Image: zwb-2-2-4-1-1-r76_heatmap.png, Predicted: run, Actual: run
2024-07-08 23:36:14,563 - INFO - Image: zwb-2-2-4-1-1-r77_heatmap.png, Predicted: run, Actual: run
2024-07-08 23:36:14,574 - INFO - Image: zwb-2-2-4-1-1-r78_heatmap.png, Predicted: run, Actual: run
2024-07-08 23:36:14,588 - INFO - Image: zwb-2-2-4-1-1-r79_heatmap.png, Predicted: run, Actual: run
2024-07-08 23:36:14,599 - INFO - Image: zwb-2-2-4-1-1-r80_heatmap.png, Predicted: run, Actual: run
2024-07-08 23:36:14,610 - INFO - Image: zzy-2-2-4-1-1-r01_heatmap.png, Predicted: clap, Actual: run
2024-07-08 23:36:14,621 - INFO - Image: zzy-2-2-4-1-1-r02_heatmap.png, Predicted: clap, Actual: run
2024-07-08 23:36:14,633 - INFO - Image: zzy-2-2-4-1-1-r03_heatmap.png, Predicted: run, Actual: run
2024-07-08 23:36:14,645 - INFO - Image: zzy-2-2-4-1-1-r04_heatmap.png, Predicted: clap, Actual: run
2024-07-08 23:36:14,657 - INFO - Image: zzy-2-2-4-1-1-r05_heatmap.png, Predicted: clap, Actual: run
2024-07-08 23:36:14,668 - INFO - Image: zzy-2-2-4-1-1-r06_heatmap.png, Predicted: run, Actual: run
2024-07-08 23:36:14,679 - INFO - Image: zzy-2-2-4-1-1-r07_heatmap.png, Predicted: run, Actual: run
2024-07-08 23:36:14,690 - INFO - Image: zzy-2-2-4-1-1-r08_heatmap.png, Predicted: run, Actual: run
2024-07-08 23:36:14,700 - INFO - Image: zzy-2-2-4-1-1-r09_heatmap.png, Predicted: run, Actual: run
2024-07-08 23:36:14,712 - INFO - Image: zzy-2-2-4-1-1-r10_heatmap.png, Predicted: run, Actual: run
2024-07-08 23:36:14,722 - INFO - Image: zzy-2-2-4-1-1-r11_heatmap.png, Predicted: clap, Actual: run
2024-07-08 23:36:14,733 - INFO - Image: zzy-2-2-4-1-1-r12_heatmap.png, Predicted: clap, Actual: run
2024-07-08 23:36:14,744 - INFO - Image: zzy-2-2-4-1-1-r13_heatmap.png, Predicted: clap, Actual: run
2024-07-08 23:36:14,756 - INFO - Image: zzy-2-2-4-1-1-r14_heatmap.png, Predicted: clap, Actual: run
2024-07-08 23:36:14,765 - INFO - Image: zzy-2-2-4-1-1-r15_heatmap.png, Predicted: run, Actual: run
2024-07-08 23:36:14,774 - INFO - Image: zzy-2-2-4-1-1-r16_heatmap.png, Predicted: run, Actual: run
2024-07-08 23:36:14,783 - INFO - Image: zzy-2-2-4-1-1-r17_heatmap.png, Predicted: run, Actual: run
2024-07-08 23:36:14,795 - INFO - Image: zzy-2-2-4-1-1-r18_heatmap.png, Predicted: clap, Actual: run
2024-07-08 23:36:14,806 - INFO - Image: zzy-2-2-4-1-1-r19_heatmap.png, Predicted: run, Actual: run
2024-07-08 23:36:14,818 - INFO - Image: zzy-2-2-4-1-1-r20_heatmap.png, Predicted: clap, Actual: run
2024-07-08 23:36:14,830 - INFO - Image: zzy-2-2-4-1-1-r21_heatmap.png, Predicted: clap, Actual: run
2024-07-08 23:36:14,844 - INFO - Image: zzy-2-2-4-1-1-r22_heatmap.png, Predicted: run, Actual: run
2024-07-08 23:36:14,857 - INFO - Image: zzy-2-2-4-1-1-r23_heatmap.png, Predicted: clap, Actual: run
2024-07-08 23:36:14,869 - INFO - Image: zzy-2-2-4-1-1-r24_heatmap.png, Predicted: run, Actual: run
2024-07-08 23:36:14,879 - INFO - Image: zzy-2-2-4-1-1-r25_heatmap.png, Predicted: clap, Actual: run
2024-07-08 23:36:14,890 - INFO - Image: zzy-2-2-4-1-1-r26_heatmap.png, Predicted: clap, Actual: run
2024-07-08 23:36:14,901 - INFO - Image: zzy-2-2-4-1-1-r27_heatmap.png, Predicted: clap, Actual: run
2024-07-08 23:36:14,912 - INFO - Image: zzy-2-2-4-1-1-r28_heatmap.png, Predicted: run, Actual: run
2024-07-08 23:36:14,921 - INFO - Image: zzy-2-2-4-1-1-r29_heatmap.png, Predicted: clap, Actual: run
2024-07-08 23:36:14,931 - INFO - Image: zzy-2-2-4-1-1-r30_heatmap.png, Predicted: run, Actual: run
2024-07-08 23:36:14,942 - INFO - Image: zwb-2-2-4-1-1-sd61_heatmap.png, Predicted: sitdown, Actual: sitdown
2024-07-08 23:36:14,952 - INFO - Image: zwb-2-2-4-1-1-sd62_heatmap.png, Predicted: sitdown, Actual: sitdown
2024-07-08 23:36:14,962 - INFO - Image: zwb-2-2-4-1-1-sd63_heatmap.png, Predicted: sitdown, Actual: sitdown
2024-07-08 23:36:14,972 - INFO - Image: zwb-2-2-4-1-1-sd64_heatmap.png, Predicted: sitdown, Actual: sitdown
2024-07-08 23:36:14,983 - INFO - Image: zwb-2-2-4-1-1-sd65_heatmap.png, Predicted: sitdown, Actual: sitdown
2024-07-08 23:36:14,994 - INFO - Image: zwb-2-2-4-1-1-sd66_heatmap.png, Predicted: sitdown, Actual: sitdown
2024-07-08 23:36:15,006 - INFO - Image: zwb-2-2-4-1-1-sd67_heatmap.png, Predicted: sitdown, Actual: sitdown
2024-07-08 23:36:15,018 - INFO - Image: zwb-2-2-4-1-1-sd68_heatmap.png, Predicted: sitdown, Actual: sitdown
2024-07-08 23:36:15,028 - INFO - Image: zwb-2-2-4-1-1-sd69_heatmap.png, Predicted: sitdown, Actual: sitdown
2024-07-08 23:36:15,038 - INFO - Image: zwb-2-2-4-1-1-sd70_heatmap.png, Predicted: sitdown, Actual: sitdown
2024-07-08 23:36:15,052 - INFO - Image: zwb-2-2-4-1-1-sd71_heatmap.png, Predicted: sitdown, Actual: sitdown
2024-07-08 23:36:15,063 - INFO - Image: zwb-2-2-4-1-1-sd72_heatmap.png, Predicted: sitdown, Actual: sitdown
2024-07-08 23:36:15,073 - INFO - Image: zwb-2-2-4-1-1-sd73_heatmap.png, Predicted: sitdown, Actual: sitdown
2024-07-08 23:36:15,084 - INFO - Image: zwb-2-2-4-1-1-sd74_heatmap.png, Predicted: sitdown, Actual: sitdown
2024-07-08 23:36:15,097 - INFO - Image: zwb-2-2-4-1-1-sd75_heatmap.png, Predicted: sitdown, Actual: sitdown
2024-07-08 23:36:15,108 - INFO - Image: zwb-2-2-4-1-1-sd76_heatmap.png, Predicted: wavehand, Actual: sitdown
2024-07-08 23:36:15,118 - INFO - Image: zwb-2-2-4-1-1-sd77_heatmap.png, Predicted: sitdown, Actual: sitdown
2024-07-08 23:36:15,128 - INFO - Image: zwb-2-2-4-1-1-sd78_heatmap.png, Predicted: sitdown, Actual: sitdown
2024-07-08 23:36:15,140 - INFO - Image: zwb-2-2-4-1-1-sd79_heatmap.png, Predicted: sitdown, Actual: sitdown
2024-07-08 23:36:15,153 - INFO - Image: zwb-2-2-4-1-1-sd80_heatmap.png, Predicted: sitdown, Actual: sitdown
2024-07-08 23:36:15,164 - INFO - Image: zzy-2-2-4-1-1-sd01_heatmap.png, Predicted: sitdown, Actual: sitdown
2024-07-08 23:36:15,175 - INFO - Image: zzy-2-2-4-1-1-sd02_heatmap.png, Predicted: sitdown, Actual: sitdown
2024-07-08 23:36:15,186 - INFO - Image: zzy-2-2-4-1-1-sd03_heatmap.png, Predicted: sitdown, Actual: sitdown
2024-07-08 23:36:15,195 - INFO - Image: zzy-2-2-4-1-1-sd04_heatmap.png, Predicted: sitdown, Actual: sitdown
2024-07-08 23:36:15,208 - INFO - Image: zzy-2-2-4-1-1-sd05_heatmap.png, Predicted: sitdown, Actual: sitdown
2024-07-08 23:36:15,217 - INFO - Image: zzy-2-2-4-1-1-sd06_heatmap.png, Predicted: walk, Actual: sitdown
2024-07-08 23:36:15,231 - INFO - Image: zzy-2-2-4-1-1-sd07_heatmap.png, Predicted: sitdown, Actual: sitdown
2024-07-08 23:36:15,245 - INFO - Image: zzy-2-2-4-1-1-sd08_heatmap.png, Predicted: sitdown, Actual: sitdown
2024-07-08 23:36:15,257 - INFO - Image: zzy-2-2-4-1-1-sd09_heatmap.png, Predicted: sitdown, Actual: sitdown
2024-07-08 23:36:15,268 - INFO - Image: zzy-2-2-4-1-1-sd10_heatmap.png, Predicted: sitdown, Actual: sitdown
2024-07-08 23:36:15,281 - INFO - Image: zzy-2-2-4-1-1-sd11_heatmap.png, Predicted: sitdown, Actual: sitdown
2024-07-08 23:36:15,291 - INFO - Image: zzy-2-2-4-1-1-sd12_heatmap.png, Predicted: sitdown, Actual: sitdown
2024-07-08 23:36:15,302 - INFO - Image: zzy-2-2-4-1-1-sd13_heatmap.png, Predicted: sitdown, Actual: sitdown
2024-07-08 23:36:15,312 - INFO - Image: zzy-2-2-4-1-1-sd14_heatmap.png, Predicted: sitdown, Actual: sitdown
2024-07-08 23:36:15,322 - INFO - Image: zzy-2-2-4-1-1-sd15_heatmap.png, Predicted: sitdown, Actual: sitdown
2024-07-08 23:36:15,333 - INFO - Image: zzy-2-2-4-1-1-sd16_heatmap.png, Predicted: sitdown, Actual: sitdown
2024-07-08 23:36:15,345 - INFO - Image: zzy-2-2-4-1-1-sd17_heatmap.png, Predicted: sitdown, Actual: sitdown
2024-07-08 23:36:15,355 - INFO - Image: zzy-2-2-4-1-1-sd18_heatmap.png, Predicted: sitdown, Actual: sitdown
2024-07-08 23:36:15,365 - INFO - Image: zzy-2-2-4-1-1-sd19_heatmap.png, Predicted: sitdown, Actual: sitdown
2024-07-08 23:36:15,376 - INFO - Image: zzy-2-2-4-1-1-sd20_heatmap.png, Predicted: sitdown, Actual: sitdown
2024-07-08 23:36:15,385 - INFO - Image: zzy-2-2-4-1-1-sd21_heatmap.png, Predicted: sitdown, Actual: sitdown
2024-07-08 23:36:15,396 - INFO - Image: zzy-2-2-4-1-1-sd22_heatmap.png, Predicted: sitdown, Actual: sitdown
2024-07-08 23:36:15,404 - INFO - Image: zzy-2-2-4-1-1-sd23_heatmap.png, Predicted: sitdown, Actual: sitdown
2024-07-08 23:36:15,415 - INFO - Image: zzy-2-2-4-1-1-sd24_heatmap.png, Predicted: sitdown, Actual: sitdown
2024-07-08 23:36:15,429 - INFO - Image: zzy-2-2-4-1-1-sd25_heatmap.png, Predicted: sitdown, Actual: sitdown
2024-07-08 23:36:15,442 - INFO - Image: zzy-2-2-4-1-1-sd26_heatmap.png, Predicted: sitdown, Actual: sitdown
2024-07-08 23:36:15,456 - INFO - Image: zzy-2-2-4-1-1-sd27_heatmap.png, Predicted: sitdown, Actual: sitdown
2024-07-08 23:36:15,470 - INFO - Image: zzy-2-2-4-1-1-sd28_heatmap.png, Predicted: sitdown, Actual: sitdown
2024-07-08 23:36:15,483 - INFO - Image: zzy-2-2-4-1-1-sd29_heatmap.png, Predicted: sitdown, Actual: sitdown
2024-07-08 23:36:15,497 - INFO - Image: zzy-2-2-4-1-1-sd30_heatmap.png, Predicted: sitdown, Actual: sitdown
2024-07-08 23:36:15,510 - INFO - Image: zwb-2-2-4-1-1-su61_heatmap.png, Predicted: standup, Actual: standup
2024-07-08 23:36:15,524 - INFO - Image: zwb-2-2-4-1-1-su62_heatmap.png, Predicted: standup, Actual: standup
2024-07-08 23:36:15,537 - INFO - Image: zwb-2-2-4-1-1-su63_heatmap.png, Predicted: standup, Actual: standup
2024-07-08 23:36:15,550 - INFO - Image: zwb-2-2-4-1-1-su64_heatmap.png, Predicted: standup, Actual: standup
2024-07-08 23:36:15,563 - INFO - Image: zwb-2-2-4-1-1-su65_heatmap.png, Predicted: standup, Actual: standup
2024-07-08 23:36:15,578 - INFO - Image: zwb-2-2-4-1-1-su66_heatmap.png, Predicted: standup, Actual: standup
2024-07-08 23:36:15,591 - INFO - Image: zwb-2-2-4-1-1-su67_heatmap.png, Predicted: standup, Actual: standup
2024-07-08 23:36:15,604 - INFO - Image: zwb-2-2-4-1-1-su68_heatmap.png, Predicted: standup, Actual: standup
2024-07-08 23:36:15,618 - INFO - Image: zwb-2-2-4-1-1-su69_heatmap.png, Predicted: standup, Actual: standup
2024-07-08 23:36:15,633 - INFO - Image: zwb-2-2-4-1-1-su70_heatmap.png, Predicted: standup, Actual: standup
2024-07-08 23:36:15,646 - INFO - Image: zwb-2-2-4-1-1-su71_heatmap.png, Predicted: sitdown, Actual: standup
2024-07-08 23:36:15,658 - INFO - Image: zwb-2-2-4-1-1-su72_heatmap.png, Predicted: sitdown, Actual: standup
2024-07-08 23:36:15,673 - INFO - Image: zwb-2-2-4-1-1-su73_heatmap.png, Predicted: standup, Actual: standup
2024-07-08 23:36:15,686 - INFO - Image: zwb-2-2-4-1-1-su74_heatmap.png, Predicted: standup, Actual: standup
2024-07-08 23:36:15,698 - INFO - Image: zwb-2-2-4-1-1-su75_heatmap.png, Predicted: standup, Actual: standup
2024-07-08 23:36:15,713 - INFO - Image: zwb-2-2-4-1-1-su76_heatmap.png, Predicted: standup, Actual: standup
2024-07-08 23:36:15,726 - INFO - Image: zwb-2-2-4-1-1-su77_heatmap.png, Predicted: standup, Actual: standup
2024-07-08 23:36:15,739 - INFO - Image: zwb-2-2-4-1-1-su78_heatmap.png, Predicted: standup, Actual: standup
2024-07-08 23:36:15,752 - INFO - Image: zwb-2-2-4-1-1-su79_heatmap.png, Predicted: standup, Actual: standup
2024-07-08 23:36:15,764 - INFO - Image: zwb-2-2-4-1-1-su80_heatmap.png, Predicted: standup, Actual: standup
2024-07-08 23:36:15,778 - INFO - Image: zzy-2-2-4-1-1-su01_heatmap.png, Predicted: standup, Actual: standup
2024-07-08 23:36:15,791 - INFO - Image: zzy-2-2-4-1-1-su02_heatmap.png, Predicted: standup, Actual: standup
2024-07-08 23:36:15,806 - INFO - Image: zzy-2-2-4-1-1-su03_heatmap.png, Predicted: sitdown, Actual: standup
2024-07-08 23:36:15,821 - INFO - Image: zzy-2-2-4-1-1-su04_heatmap.png, Predicted: kick, Actual: standup
2024-07-08 23:36:15,834 - INFO - Image: zzy-2-2-4-1-1-su05_heatmap.png, Predicted: standup, Actual: standup
2024-07-08 23:36:15,848 - INFO - Image: zzy-2-2-4-1-1-su06_heatmap.png, Predicted: standup, Actual: standup
2024-07-08 23:36:15,862 - INFO - Image: zzy-2-2-4-1-1-su07_heatmap.png, Predicted: sitdown, Actual: standup
2024-07-08 23:36:15,874 - INFO - Image: zzy-2-2-4-1-1-su08_heatmap.png, Predicted: standup, Actual: standup
2024-07-08 23:36:15,885 - INFO - Image: zzy-2-2-4-1-1-su09_heatmap.png, Predicted: standup, Actual: standup
2024-07-08 23:36:15,897 - INFO - Image: zzy-2-2-4-1-1-su10_heatmap.png, Predicted: standup, Actual: standup
2024-07-08 23:36:15,912 - INFO - Image: zzy-2-2-4-1-1-su11_heatmap.png, Predicted: standup, Actual: standup
2024-07-08 23:36:15,931 - INFO - Image: zzy-2-2-4-1-1-su12_heatmap.png, Predicted: walk, Actual: standup
2024-07-08 23:36:15,945 - INFO - Image: zzy-2-2-4-1-1-su13_heatmap.png, Predicted: walk, Actual: standup
2024-07-08 23:36:15,959 - INFO - Image: zzy-2-2-4-1-1-su14_heatmap.png, Predicted: walk, Actual: standup
2024-07-08 23:36:15,973 - INFO - Image: zzy-2-2-4-1-1-su15_heatmap.png, Predicted: pickup, Actual: standup
2024-07-08 23:36:15,987 - INFO - Image: zzy-2-2-4-1-1-su16_heatmap.png, Predicted: standup, Actual: standup
2024-07-08 23:36:16,000 - INFO - Image: zzy-2-2-4-1-1-su17_heatmap.png, Predicted: walk, Actual: standup
2024-07-08 23:36:16,012 - INFO - Image: zzy-2-2-4-1-1-su18_heatmap.png, Predicted: standup, Actual: standup
2024-07-08 23:36:16,026 - INFO - Image: zzy-2-2-4-1-1-su19_heatmap.png, Predicted: standup, Actual: standup
2024-07-08 23:36:16,039 - INFO - Image: zzy-2-2-4-1-1-su20_heatmap.png, Predicted: standup, Actual: standup
2024-07-08 23:36:16,053 - INFO - Image: zzy-2-2-4-1-1-su21_heatmap.png, Predicted: standup, Actual: standup
2024-07-08 23:36:16,065 - INFO - Image: zzy-2-2-4-1-1-su22_heatmap.png, Predicted: standup, Actual: standup
2024-07-08 23:36:16,079 - INFO - Image: zzy-2-2-4-1-1-su23_heatmap.png, Predicted: standup, Actual: standup
2024-07-08 23:36:16,091 - INFO - Image: zzy-2-2-4-1-1-su24_heatmap.png, Predicted: standup, Actual: standup
2024-07-08 23:36:16,102 - INFO - Image: zzy-2-2-4-1-1-su25_heatmap.png, Predicted: standup, Actual: standup
2024-07-08 23:36:16,113 - INFO - Image: zzy-2-2-4-1-1-su26_heatmap.png, Predicted: standup, Actual: standup
2024-07-08 23:36:16,122 - INFO - Image: zzy-2-2-4-1-1-su27_heatmap.png, Predicted: standup, Actual: standup
2024-07-08 23:36:16,134 - INFO - Image: zzy-2-2-4-1-1-su28_heatmap.png, Predicted: standup, Actual: standup
2024-07-08 23:36:16,145 - INFO - Image: zzy-2-2-4-1-1-su29_heatmap.png, Predicted: standup, Actual: standup
2024-07-08 23:36:16,157 - INFO - Image: zzy-2-2-4-1-1-su30_heatmap.png, Predicted: standup, Actual: standup
2024-07-08 23:36:16,167 - INFO - Image: zwb-2-2-4-1-1-w61_heatmap.png, Predicted: walk, Actual: walk
2024-07-08 23:36:16,178 - INFO - Image: zwb-2-2-4-1-1-w62_heatmap.png, Predicted: walk, Actual: walk
2024-07-08 23:36:16,191 - INFO - Image: zwb-2-2-4-1-1-w63_heatmap.png, Predicted: walk, Actual: walk
2024-07-08 23:36:16,201 - INFO - Image: zwb-2-2-4-1-1-w64_heatmap.png, Predicted: walk, Actual: walk
2024-07-08 23:36:16,212 - INFO - Image: zwb-2-2-4-1-1-w65_heatmap.png, Predicted: walk, Actual: walk
2024-07-08 23:36:16,224 - INFO - Image: zwb-2-2-4-1-1-w66_heatmap.png, Predicted: wavehand, Actual: walk
2024-07-08 23:36:16,233 - INFO - Image: zwb-2-2-4-1-1-w67_heatmap.png, Predicted: walk, Actual: walk
2024-07-08 23:36:16,243 - INFO - Image: zwb-2-2-4-1-1-w68_heatmap.png, Predicted: walk, Actual: walk
2024-07-08 23:36:16,252 - INFO - Image: zwb-2-2-4-1-1-w69_heatmap.png, Predicted: walk, Actual: walk
2024-07-08 23:36:16,261 - INFO - Image: zwb-2-2-4-1-1-w70_heatmap.png, Predicted: walk, Actual: walk
2024-07-08 23:36:16,272 - INFO - Image: zwb-2-2-4-1-1-w71_heatmap.png, Predicted: walk, Actual: walk
2024-07-08 23:36:16,280 - INFO - Image: zwb-2-2-4-1-1-w72_heatmap.png, Predicted: walk, Actual: walk
2024-07-08 23:36:16,290 - INFO - Image: zwb-2-2-4-1-1-w73_heatmap.png, Predicted: walk, Actual: walk
2024-07-08 23:36:16,301 - INFO - Image: zwb-2-2-4-1-1-w74_heatmap.png, Predicted: walk, Actual: walk
2024-07-08 23:36:16,310 - INFO - Image: zwb-2-2-4-1-1-w75_heatmap.png, Predicted: walk, Actual: walk
2024-07-08 23:36:16,320 - INFO - Image: zwb-2-2-4-1-1-w76_heatmap.png, Predicted: sitdown, Actual: walk
2024-07-08 23:36:16,331 - INFO - Image: zwb-2-2-4-1-1-w77_heatmap.png, Predicted: sitdown, Actual: walk
2024-07-08 23:36:16,344 - INFO - Image: zwb-2-2-4-1-1-w78_heatmap.png, Predicted: sitdown, Actual: walk
2024-07-08 23:36:16,354 - INFO - Image: zwb-2-2-4-1-1-w79_heatmap.png, Predicted: walk, Actual: walk
2024-07-08 23:36:16,363 - INFO - Image: zwb-2-2-4-1-1-w80_heatmap.png, Predicted: walk, Actual: walk
2024-07-08 23:36:16,377 - INFO - Image: zzy-2-2-4-1-1-w01_heatmap.png, Predicted: walk, Actual: walk
2024-07-08 23:36:16,388 - INFO - Image: zzy-2-2-4-1-1-w02_heatmap.png, Predicted: walk, Actual: walk
2024-07-08 23:36:16,398 - INFO - Image: zzy-2-2-4-1-1-w03_heatmap.png, Predicted: walk, Actual: walk
2024-07-08 23:36:16,407 - INFO - Image: zzy-2-2-4-1-1-w04_heatmap.png, Predicted: walk, Actual: walk
2024-07-08 23:36:16,418 - INFO - Image: zzy-2-2-4-1-1-w05_heatmap.png, Predicted: walk, Actual: walk
2024-07-08 23:36:16,429 - INFO - Image: zzy-2-2-4-1-1-w06_heatmap.png, Predicted: walk, Actual: walk
2024-07-08 23:36:16,440 - INFO - Image: zzy-2-2-4-1-1-w07_heatmap.png, Predicted: walk, Actual: walk
2024-07-08 23:36:16,450 - INFO - Image: zzy-2-2-4-1-1-w08_heatmap.png, Predicted: walk, Actual: walk
2024-07-08 23:36:16,460 - INFO - Image: zzy-2-2-4-1-1-w09_heatmap.png, Predicted: walk, Actual: walk
2024-07-08 23:36:16,471 - INFO - Image: zzy-2-2-4-1-1-w10_heatmap.png, Predicted: walk, Actual: walk
2024-07-08 23:36:16,484 - INFO - Image: zzy-2-2-4-1-1-w11_heatmap.png, Predicted: walk, Actual: walk
2024-07-08 23:36:16,494 - INFO - Image: zzy-2-2-4-1-1-w12_heatmap.png, Predicted: walk, Actual: walk
2024-07-08 23:36:16,505 - INFO - Image: zzy-2-2-4-1-1-w13_heatmap.png, Predicted: walk, Actual: walk
2024-07-08 23:36:16,517 - INFO - Image: zzy-2-2-4-1-1-w14_heatmap.png, Predicted: walk, Actual: walk
2024-07-08 23:36:16,526 - INFO - Image: zzy-2-2-4-1-1-w15_heatmap.png, Predicted: walk, Actual: walk
2024-07-08 23:36:16,536 - INFO - Image: zzy-2-2-4-1-1-w16_heatmap.png, Predicted: walk, Actual: walk
2024-07-08 23:36:16,546 - INFO - Image: zzy-2-2-4-1-1-w17_heatmap.png, Predicted: walk, Actual: walk
2024-07-08 23:36:16,557 - INFO - Image: zzy-2-2-4-1-1-w18_heatmap.png, Predicted: walk, Actual: walk
2024-07-08 23:36:16,568 - INFO - Image: zzy-2-2-4-1-1-w19_heatmap.png, Predicted: walk, Actual: walk
2024-07-08 23:36:16,578 - INFO - Image: zzy-2-2-4-1-1-w20_heatmap.png, Predicted: walk, Actual: walk
2024-07-08 23:36:16,589 - INFO - Image: zzy-2-2-4-1-1-w21_heatmap.png, Predicted: walk, Actual: walk
2024-07-08 23:36:16,600 - INFO - Image: zzy-2-2-4-1-1-w22_heatmap.png, Predicted: walk, Actual: walk
2024-07-08 23:36:16,612 - INFO - Image: zzy-2-2-4-1-1-w23_heatmap.png, Predicted: walk, Actual: walk
2024-07-08 23:36:16,623 - INFO - Image: zzy-2-2-4-1-1-w24_heatmap.png, Predicted: walk, Actual: walk
2024-07-08 23:36:16,632 - INFO - Image: zzy-2-2-4-1-1-w25_heatmap.png, Predicted: walk, Actual: walk
2024-07-08 23:36:16,642 - INFO - Image: zzy-2-2-4-1-1-w26_heatmap.png, Predicted: walk, Actual: walk
2024-07-08 23:36:16,651 - INFO - Image: zzy-2-2-4-1-1-w27_heatmap.png, Predicted: walk, Actual: walk
2024-07-08 23:36:16,661 - INFO - Image: zzy-2-2-4-1-1-w28_heatmap.png, Predicted: walk, Actual: walk
2024-07-08 23:36:16,671 - INFO - Image: zzy-2-2-4-1-1-w29_heatmap.png, Predicted: walk, Actual: walk
2024-07-08 23:36:16,683 - INFO - Image: zzy-2-2-4-1-1-w30_heatmap.png, Predicted: walk, Actual: walk
2024-07-08 23:36:16,683 - INFO - Accuracy: 83.00%
2024-07-09 13:33:48,937 - INFO - Image: zwb-2-2-4-1-1-c61_heatmap.png, Predicted: clap, Actual: clap
2024-07-09 13:33:48,949 - INFO - Image: zwb-2-2-4-1-1-c62_heatmap.png, Predicted: clap, Actual: clap
2024-07-09 13:33:48,958 - INFO - Image: zwb-2-2-4-1-1-c63_heatmap.png, Predicted: clap, Actual: clap
2024-07-09 13:33:48,968 - INFO - Image: zwb-2-2-4-1-1-c64_heatmap.png, Predicted: clap, Actual: clap
2024-07-09 13:33:48,978 - INFO - Image: zwb-2-2-4-1-1-c65_heatmap.png, Predicted: clap, Actual: clap
2024-07-09 13:33:48,988 - INFO - Image: zwb-2-2-4-1-1-c66_heatmap.png, Predicted: clap, Actual: clap
2024-07-09 13:33:48,998 - INFO - Image: zwb-2-2-4-1-1-c67_heatmap.png, Predicted: clap, Actual: clap
2024-07-09 13:33:49,006 - INFO - Image: zwb-2-2-4-1-1-c68_heatmap.png, Predicted: clap, Actual: clap
2024-07-09 13:33:49,015 - INFO - Image: zwb-2-2-4-1-1-c69_heatmap.png, Predicted: clap, Actual: clap
2024-07-09 13:33:49,024 - INFO - Image: zwb-2-2-4-1-1-c70_heatmap.png, Predicted: clap, Actual: clap
2024-07-09 13:33:49,033 - INFO - Image: zwb-2-2-4-1-1-c71_heatmap.png, Predicted: clap, Actual: clap
2024-07-09 13:33:49,043 - INFO - Image: zwb-2-2-4-1-1-c72_heatmap.png, Predicted: clap, Actual: clap
2024-07-09 13:33:49,052 - INFO - Image: zwb-2-2-4-1-1-c73_heatmap.png, Predicted: clap, Actual: clap
2024-07-09 13:33:49,061 - INFO - Image: zwb-2-2-4-1-1-c74_heatmap.png, Predicted: sitdown, Actual: clap
2024-07-09 13:33:49,069 - INFO - Image: zwb-2-2-4-1-1-c75_heatmap.png, Predicted: clap, Actual: clap
2024-07-09 13:33:49,079 - INFO - Image: zwb-2-2-4-1-1-c76_heatmap.png, Predicted: clap, Actual: clap
2024-07-09 13:33:49,088 - INFO - Image: zwb-2-2-4-1-1-c77_heatmap.png, Predicted: clap, Actual: clap
2024-07-09 13:33:49,098 - INFO - Image: zwb-2-2-4-1-1-c78_heatmap.png, Predicted: clap, Actual: clap
2024-07-09 13:33:49,110 - INFO - Image: zwb-2-2-4-1-1-c79_heatmap.png, Predicted: clap, Actual: clap
2024-07-09 13:33:49,119 - INFO - Image: zwb-2-2-4-1-1-c80_heatmap.png, Predicted: clap, Actual: clap
2024-07-09 13:33:49,127 - INFO - Image: zzy-2-2-4-1-1-c01_heatmap.png, Predicted: clap, Actual: clap
2024-07-09 13:33:49,136 - INFO - Image: zzy-2-2-4-1-1-c02_heatmap.png, Predicted: clap, Actual: clap
2024-07-09 13:33:49,146 - INFO - Image: zzy-2-2-4-1-1-c03_heatmap.png, Predicted: clap, Actual: clap
2024-07-09 13:33:49,154 - INFO - Image: zzy-2-2-4-1-1-c04_heatmap.png, Predicted: clap, Actual: clap
2024-07-09 13:33:49,163 - INFO - Image: zzy-2-2-4-1-1-c05_heatmap.png, Predicted: clap, Actual: clap
2024-07-09 13:33:49,171 - INFO - Image: zzy-2-2-4-1-1-c06_heatmap.png, Predicted: kick, Actual: clap
2024-07-09 13:33:49,181 - INFO - Image: zzy-2-2-4-1-1-c07_heatmap.png, Predicted: clap, Actual: clap
2024-07-09 13:33:49,190 - INFO - Image: zzy-2-2-4-1-1-c08_heatmap.png, Predicted: clap, Actual: clap
2024-07-09 13:33:49,199 - INFO - Image: zzy-2-2-4-1-1-c09_heatmap.png, Predicted: clap, Actual: clap
2024-07-09 13:33:49,208 - INFO - Image: zzy-2-2-4-1-1-c10_heatmap.png, Predicted: clap, Actual: clap
2024-07-09 13:33:49,217 - INFO - Image: zzy-2-2-4-1-1-c11_heatmap.png, Predicted: sitdown, Actual: clap
2024-07-09 13:33:49,225 - INFO - Image: zzy-2-2-4-1-1-c12_heatmap.png, Predicted: clap, Actual: clap
2024-07-09 13:33:49,234 - INFO - Image: zzy-2-2-4-1-1-c13_heatmap.png, Predicted: clap, Actual: clap
2024-07-09 13:33:49,247 - INFO - Image: zzy-2-2-4-1-1-c14_heatmap.png, Predicted: sitdown, Actual: clap
2024-07-09 13:33:49,258 - INFO - Image: zzy-2-2-4-1-1-c15_heatmap.png, Predicted: wavehand, Actual: clap
2024-07-09 13:33:49,269 - INFO - Image: zzy-2-2-4-1-1-c16_heatmap.png, Predicted: sitdown, Actual: clap
2024-07-09 13:33:49,279 - INFO - Image: zzy-2-2-4-1-1-c17_heatmap.png, Predicted: kick, Actual: clap
2024-07-09 13:33:49,287 - INFO - Image: zzy-2-2-4-1-1-c18_heatmap.png, Predicted: clap, Actual: clap
2024-07-09 13:33:49,299 - INFO - Image: zzy-2-2-4-1-1-c19_heatmap.png, Predicted: walk, Actual: clap
2024-07-09 13:33:49,312 - INFO - Image: zzy-2-2-4-1-1-c20_heatmap.png, Predicted: clap, Actual: clap
2024-07-09 13:33:49,324 - INFO - Image: zzy-2-2-4-1-1-c21_heatmap.png, Predicted: pickup, Actual: clap
2024-07-09 13:33:49,334 - INFO - Image: zzy-2-2-4-1-1-c22_heatmap.png, Predicted: wavehand, Actual: clap
2024-07-09 13:33:49,344 - INFO - Image: zzy-2-2-4-1-1-c23_heatmap.png, Predicted: kick, Actual: clap
2024-07-09 13:33:49,354 - INFO - Image: zzy-2-2-4-1-1-c24_heatmap.png, Predicted: clap, Actual: clap
2024-07-09 13:33:49,363 - INFO - Image: zzy-2-2-4-1-1-c25_heatmap.png, Predicted: clap, Actual: clap
2024-07-09 13:33:49,372 - INFO - Image: zzy-2-2-4-1-1-c26_heatmap.png, Predicted: sitdown, Actual: clap
2024-07-09 13:33:49,382 - INFO - Image: zzy-2-2-4-1-1-c27_heatmap.png, Predicted: walk, Actual: clap
2024-07-09 13:33:49,391 - INFO - Image: zzy-2-2-4-1-1-c28_heatmap.png, Predicted: sitdown, Actual: clap
2024-07-09 13:33:49,400 - INFO - Image: zzy-2-2-4-1-1-c29_heatmap.png, Predicted: clap, Actual: clap
2024-07-09 13:33:49,411 - INFO - Image: zzy-2-2-4-1-1-c30_heatmap.png, Predicted: kick, Actual: clap
2024-07-09 13:33:49,420 - INFO - Image: zwb-2-2-4-1-1-p59_heatmap.png, Predicted: pickup, Actual: pickup
2024-07-09 13:33:49,429 - INFO - Image: zwb-2-2-4-1-1-p60_heatmap.png, Predicted: pickup, Actual: pickup
2024-07-09 13:33:49,439 - INFO - Image: zwb-2-2-4-1-1-p61_heatmap.png, Predicted: pickup, Actual: pickup
2024-07-09 13:33:49,450 - INFO - Image: zwb-2-2-4-1-1-p62_heatmap.png, Predicted: pickup, Actual: pickup
2024-07-09 13:33:49,460 - INFO - Image: zwb-2-2-4-1-1-p63_heatmap.png, Predicted: pickup, Actual: pickup
2024-07-09 13:33:49,469 - INFO - Image: zwb-2-2-4-1-1-p64_heatmap.png, Predicted: pickup, Actual: pickup
2024-07-09 13:33:49,479 - INFO - Image: zwb-2-2-4-1-1-p65_heatmap.png, Predicted: pickup, Actual: pickup
2024-07-09 13:33:49,488 - INFO - Image: zwb-2-2-4-1-1-p66_heatmap.png, Predicted: pickup, Actual: pickup
2024-07-09 13:33:49,497 - INFO - Image: zwb-2-2-4-1-1-p67_heatmap.png, Predicted: pickup, Actual: pickup
2024-07-09 13:33:49,506 - INFO - Image: zwb-2-2-4-1-1-p68_heatmap.png, Predicted: pickup, Actual: pickup
2024-07-09 13:33:49,516 - INFO - Image: zwb-2-2-4-1-1-p69_heatmap.png, Predicted: pickup, Actual: pickup
2024-07-09 13:33:49,527 - INFO - Image: zwb-2-2-4-1-1-p70_heatmap.png, Predicted: pickup, Actual: pickup
2024-07-09 13:33:49,536 - INFO - Image: zwb-2-2-4-1-1-p71_heatmap.png, Predicted: pickup, Actual: pickup
2024-07-09 13:33:49,545 - INFO - Image: zwb-2-2-4-1-1-p72_heatmap.png, Predicted: pickup, Actual: pickup
2024-07-09 13:33:49,555 - INFO - Image: zwb-2-2-4-1-1-p73_heatmap.png, Predicted: pickup, Actual: pickup
2024-07-09 13:33:49,564 - INFO - Image: zwb-2-2-4-1-1-p74_heatmap.png, Predicted: pickup, Actual: pickup
2024-07-09 13:33:49,573 - INFO - Image: zwb-2-2-4-1-1-p75_heatmap.png, Predicted: pickup, Actual: pickup
2024-07-09 13:33:49,583 - INFO - Image: zwb-2-2-4-1-1-p76_heatmap.png, Predicted: pickup, Actual: pickup
2024-07-09 13:33:49,591 - INFO - Image: zwb-2-2-4-1-1-p77_heatmap.png, Predicted: pickup, Actual: pickup
2024-07-09 13:33:49,601 - INFO - Image: zwb-2-2-4-1-1-p78_heatmap.png, Predicted: pickup, Actual: pickup
2024-07-09 13:33:49,610 - INFO - Image: zwb-2-2-4-1-1-p79_heatmap.png, Predicted: pickup, Actual: pickup
2024-07-09 13:33:49,620 - INFO - Image: zwb-2-2-4-1-1-p80_heatmap.png, Predicted: pickup, Actual: pickup
2024-07-09 13:33:49,632 - INFO - Image: zzy-2-2-4-1-1-p01_heatmap.png, Predicted: run, Actual: pickup
2024-07-09 13:33:49,641 - INFO - Image: zzy-2-2-4-1-1-p02_heatmap.png, Predicted: standup, Actual: pickup
2024-07-09 13:33:49,650 - INFO - Image: zzy-2-2-4-1-1-p03_heatmap.png, Predicted: pickup, Actual: pickup
2024-07-09 13:33:49,660 - INFO - Image: zzy-2-2-4-1-1-p04_heatmap.png, Predicted: pickup, Actual: pickup
2024-07-09 13:33:49,668 - INFO - Image: zzy-2-2-4-1-1-p05_heatmap.png, Predicted: pickup, Actual: pickup
2024-07-09 13:33:49,679 - INFO - Image: zzy-2-2-4-1-1-p06_heatmap.png, Predicted: walk, Actual: pickup
2024-07-09 13:33:49,687 - INFO - Image: zzy-2-2-4-1-1-p07_heatmap.png, Predicted: pickup, Actual: pickup
2024-07-09 13:33:49,697 - INFO - Image: zzy-2-2-4-1-1-p08_heatmap.png, Predicted: pickup, Actual: pickup
2024-07-09 13:33:49,707 - INFO - Image: zzy-2-2-4-1-1-p09_heatmap.png, Predicted: pickup, Actual: pickup
2024-07-09 13:33:49,716 - INFO - Image: zzy-2-2-4-1-1-p10_heatmap.png, Predicted: walk, Actual: pickup
2024-07-09 13:33:49,725 - INFO - Image: zzy-2-2-4-1-1-p11_heatmap.png, Predicted: pickup, Actual: pickup
2024-07-09 13:33:49,739 - INFO - Image: zzy-2-2-4-1-1-p12_heatmap.png, Predicted: pickup, Actual: pickup
2024-07-09 13:33:49,749 - INFO - Image: zzy-2-2-4-1-1-p13_heatmap.png, Predicted: standup, Actual: pickup
2024-07-09 13:33:49,758 - INFO - Image: zzy-2-2-4-1-1-p14_heatmap.png, Predicted: pickup, Actual: pickup
2024-07-09 13:33:49,767 - INFO - Image: zzy-2-2-4-1-1-p15_heatmap.png, Predicted: pickup, Actual: pickup
2024-07-09 13:33:49,776 - INFO - Image: zzy-2-2-4-1-1-p16_heatmap.png, Predicted: pickup, Actual: pickup
2024-07-09 13:33:49,789 - INFO - Image: zzy-2-2-4-1-1-p17_heatmap.png, Predicted: kick, Actual: pickup
2024-07-09 13:33:49,800 - INFO - Image: zzy-2-2-4-1-1-p18_heatmap.png, Predicted: pickup, Actual: pickup
2024-07-09 13:33:49,809 - INFO - Image: zzy-2-2-4-1-1-p19_heatmap.png, Predicted: pickup, Actual: pickup
2024-07-09 13:33:49,818 - INFO - Image: zzy-2-2-4-1-1-p20_heatmap.png, Predicted: kick, Actual: pickup
2024-07-09 13:33:49,826 - INFO - Image: zzy-2-2-4-1-1-p21_heatmap.png, Predicted: kick, Actual: pickup
2024-07-09 13:33:49,836 - INFO - Image: zzy-2-2-4-1-1-p22_heatmap.png, Predicted: pickup, Actual: pickup
2024-07-09 13:33:49,845 - INFO - Image: zzy-2-2-4-1-1-p23_heatmap.png, Predicted: kick, Actual: pickup
2024-07-09 13:33:49,855 - INFO - Image: zzy-2-2-4-1-1-p24_heatmap.png, Predicted: kick, Actual: pickup
2024-07-09 13:33:49,864 - INFO - Image: zzy-2-2-4-1-1-p25_heatmap.png, Predicted: kick, Actual: pickup
2024-07-09 13:33:49,872 - INFO - Image: zzy-2-2-4-1-1-p26_heatmap.png, Predicted: pickup, Actual: pickup
2024-07-09 13:33:49,882 - INFO - Image: zzy-2-2-4-1-1-p27_heatmap.png, Predicted: kick, Actual: pickup
2024-07-09 13:33:49,895 - INFO - Image: zzy-2-2-4-1-1-p28_heatmap.png, Predicted: pickup, Actual: pickup
2024-07-09 13:33:49,904 - INFO - Image: zwb-2-2-4-1-1-r61_heatmap.png, Predicted: run, Actual: run
2024-07-09 13:33:49,914 - INFO - Image: zwb-2-2-4-1-1-r62_heatmap.png, Predicted: run, Actual: run
2024-07-09 13:33:49,922 - INFO - Image: zwb-2-2-4-1-1-r63_heatmap.png, Predicted: run, Actual: run
2024-07-09 13:33:49,931 - INFO - Image: zwb-2-2-4-1-1-r64_heatmap.png, Predicted: run, Actual: run
2024-07-09 13:33:49,941 - INFO - Image: zwb-2-2-4-1-1-r65_heatmap.png, Predicted: run, Actual: run
2024-07-09 13:33:49,951 - INFO - Image: zwb-2-2-4-1-1-r66_heatmap.png, Predicted: run, Actual: run
2024-07-09 13:33:49,959 - INFO - Image: zwb-2-2-4-1-1-r67_heatmap.png, Predicted: run, Actual: run
2024-07-09 13:33:49,968 - INFO - Image: zwb-2-2-4-1-1-r68_heatmap.png, Predicted: run, Actual: run
2024-07-09 13:33:49,976 - INFO - Image: zwb-2-2-4-1-1-r69_heatmap.png, Predicted: run, Actual: run
2024-07-09 13:33:49,986 - INFO - Image: zwb-2-2-4-1-1-r70_heatmap.png, Predicted: run, Actual: run
2024-07-09 13:33:49,994 - INFO - Image: zwb-2-2-4-1-1-r71_heatmap.png, Predicted: run, Actual: run
2024-07-09 13:33:50,006 - INFO - Image: zwb-2-2-4-1-1-r72_heatmap.png, Predicted: run, Actual: run
2024-07-09 13:33:50,017 - INFO - Image: zwb-2-2-4-1-1-r73_heatmap.png, Predicted: run, Actual: run
2024-07-09 13:33:50,026 - INFO - Image: zwb-2-2-4-1-1-r74_heatmap.png, Predicted: run, Actual: run
2024-07-09 13:33:50,037 - INFO - Image: zwb-2-2-4-1-1-r75_heatmap.png, Predicted: run, Actual: run
2024-07-09 13:33:50,047 - INFO - Image: zwb-2-2-4-1-1-r76_heatmap.png, Predicted: run, Actual: run
2024-07-09 13:33:50,055 - INFO - Image: zwb-2-2-4-1-1-r77_heatmap.png, Predicted: run, Actual: run
2024-07-09 13:33:50,065 - INFO - Image: zwb-2-2-4-1-1-r78_heatmap.png, Predicted: run, Actual: run
2024-07-09 13:33:50,073 - INFO - Image: zwb-2-2-4-1-1-r79_heatmap.png, Predicted: run, Actual: run
2024-07-09 13:33:50,082 - INFO - Image: zwb-2-2-4-1-1-r80_heatmap.png, Predicted: run, Actual: run
2024-07-09 13:33:50,091 - INFO - Image: zzy-2-2-4-1-1-r01_heatmap.png, Predicted: kick, Actual: run
2024-07-09 13:33:50,100 - INFO - Image: zzy-2-2-4-1-1-r02_heatmap.png, Predicted: clap, Actual: run
2024-07-09 13:33:50,109 - INFO - Image: zzy-2-2-4-1-1-r03_heatmap.png, Predicted: run, Actual: run
2024-07-09 13:33:50,122 - INFO - Image: zzy-2-2-4-1-1-r04_heatmap.png, Predicted: standup, Actual: run
2024-07-09 13:33:50,134 - INFO - Image: zzy-2-2-4-1-1-r05_heatmap.png, Predicted: pickup, Actual: run
2024-07-09 13:33:50,143 - INFO - Image: zzy-2-2-4-1-1-r06_heatmap.png, Predicted: walk, Actual: run
2024-07-09 13:33:50,152 - INFO - Image: zzy-2-2-4-1-1-r07_heatmap.png, Predicted: run, Actual: run
2024-07-09 13:33:50,161 - INFO - Image: zzy-2-2-4-1-1-r08_heatmap.png, Predicted: standup, Actual: run
2024-07-09 13:33:50,169 - INFO - Image: zzy-2-2-4-1-1-r09_heatmap.png, Predicted: run, Actual: run
2024-07-09 13:33:50,178 - INFO - Image: zzy-2-2-4-1-1-r10_heatmap.png, Predicted: run, Actual: run
2024-07-09 13:33:50,186 - INFO - Image: zzy-2-2-4-1-1-r11_heatmap.png, Predicted: kick, Actual: run
2024-07-09 13:33:50,195 - INFO - Image: zzy-2-2-4-1-1-r12_heatmap.png, Predicted: pickup, Actual: run
2024-07-09 13:33:50,204 - INFO - Image: zzy-2-2-4-1-1-r13_heatmap.png, Predicted: standup, Actual: run
2024-07-09 13:33:50,214 - INFO - Image: zzy-2-2-4-1-1-r14_heatmap.png, Predicted: kick, Actual: run
2024-07-09 13:33:50,225 - INFO - Image: zzy-2-2-4-1-1-r15_heatmap.png, Predicted: run, Actual: run
2024-07-09 13:33:50,236 - INFO - Image: zzy-2-2-4-1-1-r16_heatmap.png, Predicted: kick, Actual: run
2024-07-09 13:33:50,247 - INFO - Image: zzy-2-2-4-1-1-r17_heatmap.png, Predicted: run, Actual: run
2024-07-09 13:33:50,257 - INFO - Image: zzy-2-2-4-1-1-r18_heatmap.png, Predicted: kick, Actual: run
2024-07-09 13:33:50,268 - INFO - Image: zzy-2-2-4-1-1-r19_heatmap.png, Predicted: pickup, Actual: run
2024-07-09 13:33:50,278 - INFO - Image: zzy-2-2-4-1-1-r20_heatmap.png, Predicted: walk, Actual: run
2024-07-09 13:33:50,288 - INFO - Image: zzy-2-2-4-1-1-r21_heatmap.png, Predicted: pickup, Actual: run
2024-07-09 13:33:50,297 - INFO - Image: zzy-2-2-4-1-1-r22_heatmap.png, Predicted: walk, Actual: run
2024-07-09 13:33:50,306 - INFO - Image: zzy-2-2-4-1-1-r23_heatmap.png, Predicted: standup, Actual: run
2024-07-09 13:33:50,314 - INFO - Image: zzy-2-2-4-1-1-r24_heatmap.png, Predicted: walk, Actual: run
2024-07-09 13:33:50,324 - INFO - Image: zzy-2-2-4-1-1-r25_heatmap.png, Predicted: kick, Actual: run
2024-07-09 13:33:50,332 - INFO - Image: zzy-2-2-4-1-1-r26_heatmap.png, Predicted: pickup, Actual: run
2024-07-09 13:33:50,341 - INFO - Image: zzy-2-2-4-1-1-r27_heatmap.png, Predicted: pickup, Actual: run
2024-07-09 13:33:50,350 - INFO - Image: zzy-2-2-4-1-1-r28_heatmap.png, Predicted: walk, Actual: run
2024-07-09 13:33:50,360 - INFO - Image: zzy-2-2-4-1-1-r29_heatmap.png, Predicted: kick, Actual: run
2024-07-09 13:33:50,370 - INFO - Image: zzy-2-2-4-1-1-r30_heatmap.png, Predicted: walk, Actual: run
2024-07-09 13:33:50,379 - INFO - Image: zwb-2-2-4-1-1-sd61_heatmap.png, Predicted: sitdown, Actual: sitdown
2024-07-09 13:33:50,392 - INFO - Image: zwb-2-2-4-1-1-sd62_heatmap.png, Predicted: sitdown, Actual: sitdown
2024-07-09 13:33:50,404 - INFO - Image: zwb-2-2-4-1-1-sd63_heatmap.png, Predicted: sitdown, Actual: sitdown
2024-07-09 13:33:50,414 - INFO - Image: zwb-2-2-4-1-1-sd64_heatmap.png, Predicted: sitdown, Actual: sitdown
2024-07-09 13:33:50,425 - INFO - Image: zwb-2-2-4-1-1-sd65_heatmap.png, Predicted: sitdown, Actual: sitdown
2024-07-09 13:33:50,437 - INFO - Image: zwb-2-2-4-1-1-sd66_heatmap.png, Predicted: sitdown, Actual: sitdown
2024-07-09 13:33:50,449 - INFO - Image: zwb-2-2-4-1-1-sd67_heatmap.png, Predicted: sitdown, Actual: sitdown
2024-07-09 13:33:50,462 - INFO - Image: zwb-2-2-4-1-1-sd68_heatmap.png, Predicted: kick, Actual: sitdown
2024-07-09 13:33:50,474 - INFO - Image: zwb-2-2-4-1-1-sd69_heatmap.png, Predicted: sitdown, Actual: sitdown
2024-07-09 13:33:50,485 - INFO - Image: zwb-2-2-4-1-1-sd70_heatmap.png, Predicted: sitdown, Actual: sitdown
2024-07-09 13:33:50,494 - INFO - Image: zwb-2-2-4-1-1-sd71_heatmap.png, Predicted: sitdown, Actual: sitdown
2024-07-09 13:33:50,504 - INFO - Image: zwb-2-2-4-1-1-sd72_heatmap.png, Predicted: clap, Actual: sitdown
2024-07-09 13:33:50,513 - INFO - Image: zwb-2-2-4-1-1-sd73_heatmap.png, Predicted: sitdown, Actual: sitdown
2024-07-09 13:33:50,522 - INFO - Image: zwb-2-2-4-1-1-sd74_heatmap.png, Predicted: clap, Actual: sitdown
2024-07-09 13:33:50,531 - INFO - Image: zwb-2-2-4-1-1-sd75_heatmap.png, Predicted: sitdown, Actual: sitdown
2024-07-09 13:33:50,541 - INFO - Image: zwb-2-2-4-1-1-sd76_heatmap.png, Predicted: sitdown, Actual: sitdown
2024-07-09 13:33:50,550 - INFO - Image: zwb-2-2-4-1-1-sd77_heatmap.png, Predicted: sitdown, Actual: sitdown
2024-07-09 13:33:50,563 - INFO - Image: zwb-2-2-4-1-1-sd78_heatmap.png, Predicted: clap, Actual: sitdown
2024-07-09 13:33:50,573 - INFO - Image: zwb-2-2-4-1-1-sd79_heatmap.png, Predicted: clap, Actual: sitdown
2024-07-09 13:33:50,584 - INFO - Image: zwb-2-2-4-1-1-sd80_heatmap.png, Predicted: clap, Actual: sitdown
2024-07-09 13:33:50,593 - INFO - Image: zzy-2-2-4-1-1-sd01_heatmap.png, Predicted: pickup, Actual: sitdown
2024-07-09 13:33:50,601 - INFO - Image: zzy-2-2-4-1-1-sd02_heatmap.png, Predicted: standup, Actual: sitdown
2024-07-09 13:33:50,610 - INFO - Image: zzy-2-2-4-1-1-sd03_heatmap.png, Predicted: pickup, Actual: sitdown
2024-07-09 13:33:50,623 - INFO - Image: zzy-2-2-4-1-1-sd04_heatmap.png, Predicted: standup, Actual: sitdown
2024-07-09 13:33:50,634 - INFO - Image: zzy-2-2-4-1-1-sd05_heatmap.png, Predicted: sitdown, Actual: sitdown
2024-07-09 13:33:50,642 - INFO - Image: zzy-2-2-4-1-1-sd06_heatmap.png, Predicted: standup, Actual: sitdown
2024-07-09 13:33:50,651 - INFO - Image: zzy-2-2-4-1-1-sd07_heatmap.png, Predicted: standup, Actual: sitdown
2024-07-09 13:33:50,661 - INFO - Image: zzy-2-2-4-1-1-sd08_heatmap.png, Predicted: standup, Actual: sitdown
2024-07-09 13:33:50,670 - INFO - Image: zzy-2-2-4-1-1-sd09_heatmap.png, Predicted: standup, Actual: sitdown
2024-07-09 13:33:50,680 - INFO - Image: zzy-2-2-4-1-1-sd10_heatmap.png, Predicted: standup, Actual: sitdown
2024-07-09 13:33:50,690 - INFO - Image: zzy-2-2-4-1-1-sd11_heatmap.png, Predicted: standup, Actual: sitdown
2024-07-09 13:33:50,700 - INFO - Image: zzy-2-2-4-1-1-sd12_heatmap.png, Predicted: pickup, Actual: sitdown
2024-07-09 13:33:50,710 - INFO - Image: zzy-2-2-4-1-1-sd13_heatmap.png, Predicted: pickup, Actual: sitdown
2024-07-09 13:33:50,719 - INFO - Image: zzy-2-2-4-1-1-sd14_heatmap.png, Predicted: standup, Actual: sitdown
2024-07-09 13:33:50,731 - INFO - Image: zzy-2-2-4-1-1-sd15_heatmap.png, Predicted: standup, Actual: sitdown
2024-07-09 13:33:50,742 - INFO - Image: zzy-2-2-4-1-1-sd16_heatmap.png, Predicted: sitdown, Actual: sitdown
2024-07-09 13:33:50,754 - INFO - Image: zzy-2-2-4-1-1-sd17_heatmap.png, Predicted: standup, Actual: sitdown
2024-07-09 13:33:50,762 - INFO - Image: zzy-2-2-4-1-1-sd18_heatmap.png, Predicted: pickup, Actual: sitdown
2024-07-09 13:33:50,771 - INFO - Image: zzy-2-2-4-1-1-sd19_heatmap.png, Predicted: standup, Actual: sitdown
2024-07-09 13:33:50,781 - INFO - Image: zzy-2-2-4-1-1-sd20_heatmap.png, Predicted: standup, Actual: sitdown
2024-07-09 13:33:50,790 - INFO - Image: zzy-2-2-4-1-1-sd21_heatmap.png, Predicted: pickup, Actual: sitdown
2024-07-09 13:33:50,798 - INFO - Image: zzy-2-2-4-1-1-sd22_heatmap.png, Predicted: pickup, Actual: sitdown
2024-07-09 13:33:50,808 - INFO - Image: zzy-2-2-4-1-1-sd23_heatmap.png, Predicted: standup, Actual: sitdown
2024-07-09 13:33:50,817 - INFO - Image: zzy-2-2-4-1-1-sd24_heatmap.png, Predicted: pickup, Actual: sitdown
2024-07-09 13:33:50,825 - INFO - Image: zzy-2-2-4-1-1-sd25_heatmap.png, Predicted: standup, Actual: sitdown
2024-07-09 13:33:50,835 - INFO - Image: zzy-2-2-4-1-1-sd26_heatmap.png, Predicted: pickup, Actual: sitdown
2024-07-09 13:33:50,846 - INFO - Image: zzy-2-2-4-1-1-sd27_heatmap.png, Predicted: standup, Actual: sitdown
2024-07-09 13:33:50,855 - INFO - Image: zzy-2-2-4-1-1-sd28_heatmap.png, Predicted: standup, Actual: sitdown
2024-07-09 13:33:50,866 - INFO - Image: zzy-2-2-4-1-1-sd29_heatmap.png, Predicted: standup, Actual: sitdown
2024-07-09 13:33:50,873 - INFO - Image: zzy-2-2-4-1-1-sd30_heatmap.png, Predicted: standup, Actual: sitdown
2024-07-09 13:33:50,882 - INFO - Image: zwb-2-2-4-1-1-su61_heatmap.png, Predicted: standup, Actual: standup
2024-07-09 13:33:50,891 - INFO - Image: zwb-2-2-4-1-1-su62_heatmap.png, Predicted: standup, Actual: standup
2024-07-09 13:33:50,899 - INFO - Image: zwb-2-2-4-1-1-su63_heatmap.png, Predicted: standup, Actual: standup
2024-07-09 13:33:50,910 - INFO - Image: zwb-2-2-4-1-1-su64_heatmap.png, Predicted: standup, Actual: standup
2024-07-09 13:33:50,919 - INFO - Image: zwb-2-2-4-1-1-su65_heatmap.png, Predicted: standup, Actual: standup
2024-07-09 13:33:50,926 - INFO - Image: zwb-2-2-4-1-1-su66_heatmap.png, Predicted: standup, Actual: standup
2024-07-09 13:33:50,936 - INFO - Image: zwb-2-2-4-1-1-su67_heatmap.png, Predicted: standup, Actual: standup
2024-07-09 13:33:50,944 - INFO - Image: zwb-2-2-4-1-1-su68_heatmap.png, Predicted: standup, Actual: standup
2024-07-09 13:33:50,953 - INFO - Image: zwb-2-2-4-1-1-su69_heatmap.png, Predicted: standup, Actual: standup
2024-07-09 13:33:50,962 - INFO - Image: zwb-2-2-4-1-1-su70_heatmap.png, Predicted: standup, Actual: standup
2024-07-09 13:33:50,971 - INFO - Image: zwb-2-2-4-1-1-su71_heatmap.png, Predicted: standup, Actual: standup
2024-07-09 13:33:50,980 - INFO - Image: zwb-2-2-4-1-1-su72_heatmap.png, Predicted: standup, Actual: standup
2024-07-09 13:33:50,988 - INFO - Image: zwb-2-2-4-1-1-su73_heatmap.png, Predicted: kick, Actual: standup
2024-07-09 13:33:50,996 - INFO - Image: zwb-2-2-4-1-1-su74_heatmap.png, Predicted: standup, Actual: standup
2024-07-09 13:33:51,005 - INFO - Image: zwb-2-2-4-1-1-su75_heatmap.png, Predicted: standup, Actual: standup
2024-07-09 13:33:51,015 - INFO - Image: zwb-2-2-4-1-1-su76_heatmap.png, Predicted: standup, Actual: standup
2024-07-09 13:33:51,024 - INFO - Image: zwb-2-2-4-1-1-su77_heatmap.png, Predicted: standup, Actual: standup
2024-07-09 13:33:51,033 - INFO - Image: zwb-2-2-4-1-1-su78_heatmap.png, Predicted: standup, Actual: standup
2024-07-09 13:33:51,041 - INFO - Image: zwb-2-2-4-1-1-su79_heatmap.png, Predicted: standup, Actual: standup
2024-07-09 13:33:51,050 - INFO - Image: zwb-2-2-4-1-1-su80_heatmap.png, Predicted: standup, Actual: standup
2024-07-09 13:33:51,059 - INFO - Image: zzy-2-2-4-1-1-su01_heatmap.png, Predicted: standup, Actual: standup
2024-07-09 13:33:51,068 - INFO - Image: zzy-2-2-4-1-1-su02_heatmap.png, Predicted: kick, Actual: standup
2024-07-09 13:33:51,078 - INFO - Image: zzy-2-2-4-1-1-su03_heatmap.png, Predicted: run, Actual: standup
2024-07-09 13:33:51,087 - INFO - Image: zzy-2-2-4-1-1-su04_heatmap.png, Predicted: kick, Actual: standup
2024-07-09 13:33:51,095 - INFO - Image: zzy-2-2-4-1-1-su05_heatmap.png, Predicted: pickup, Actual: standup
2024-07-09 13:33:51,104 - INFO - Image: zzy-2-2-4-1-1-su06_heatmap.png, Predicted: pickup, Actual: standup
2024-07-09 13:33:51,115 - INFO - Image: zzy-2-2-4-1-1-su07_heatmap.png, Predicted: standup, Actual: standup
2024-07-09 13:33:51,123 - INFO - Image: zzy-2-2-4-1-1-su08_heatmap.png, Predicted: walk, Actual: standup
2024-07-09 13:33:51,132 - INFO - Image: zzy-2-2-4-1-1-su09_heatmap.png, Predicted: run, Actual: standup
2024-07-09 13:33:51,141 - INFO - Image: zzy-2-2-4-1-1-su10_heatmap.png, Predicted: kick, Actual: standup
2024-07-09 13:33:51,150 - INFO - Image: zzy-2-2-4-1-1-su11_heatmap.png, Predicted: run, Actual: standup
2024-07-09 13:33:51,159 - INFO - Image: zzy-2-2-4-1-1-su12_heatmap.png, Predicted: run, Actual: standup
2024-07-09 13:33:51,169 - INFO - Image: zzy-2-2-4-1-1-su13_heatmap.png, Predicted: run, Actual: standup
2024-07-09 13:33:51,177 - INFO - Image: zzy-2-2-4-1-1-su14_heatmap.png, Predicted: kick, Actual: standup
2024-07-09 13:33:51,186 - INFO - Image: zzy-2-2-4-1-1-su15_heatmap.png, Predicted: pickup, Actual: standup
2024-07-09 13:33:51,194 - INFO - Image: zzy-2-2-4-1-1-su16_heatmap.png, Predicted: standup, Actual: standup
2024-07-09 13:33:51,203 - INFO - Image: zzy-2-2-4-1-1-su17_heatmap.png, Predicted: run, Actual: standup
2024-07-09 13:33:51,212 - INFO - Image: zzy-2-2-4-1-1-su18_heatmap.png, Predicted: run, Actual: standup
2024-07-09 13:33:51,221 - INFO - Image: zzy-2-2-4-1-1-su19_heatmap.png, Predicted: run, Actual: standup
2024-07-09 13:33:51,229 - INFO - Image: zzy-2-2-4-1-1-su20_heatmap.png, Predicted: kick, Actual: standup
2024-07-09 13:33:51,241 - INFO - Image: zzy-2-2-4-1-1-su21_heatmap.png, Predicted: walk, Actual: standup
2024-07-09 13:33:51,249 - INFO - Image: zzy-2-2-4-1-1-su22_heatmap.png, Predicted: walk, Actual: standup
2024-07-09 13:33:51,258 - INFO - Image: zzy-2-2-4-1-1-su23_heatmap.png, Predicted: walk, Actual: standup
2024-07-09 13:33:51,267 - INFO - Image: zzy-2-2-4-1-1-su24_heatmap.png, Predicted: pickup, Actual: standup
2024-07-09 13:33:51,276 - INFO - Image: zzy-2-2-4-1-1-su25_heatmap.png, Predicted: run, Actual: standup
2024-07-09 13:33:51,285 - INFO - Image: zzy-2-2-4-1-1-su26_heatmap.png, Predicted: run, Actual: standup
2024-07-09 13:33:51,294 - INFO - Image: zzy-2-2-4-1-1-su27_heatmap.png, Predicted: kick, Actual: standup
2024-07-09 13:33:51,303 - INFO - Image: zzy-2-2-4-1-1-su28_heatmap.png, Predicted: pickup, Actual: standup
2024-07-09 13:33:51,313 - INFO - Image: zzy-2-2-4-1-1-su29_heatmap.png, Predicted: pickup, Actual: standup
2024-07-09 13:33:51,321 - INFO - Image: zzy-2-2-4-1-1-su30_heatmap.png, Predicted: run, Actual: standup
2024-07-09 13:33:51,330 - INFO - Image: zwb-2-2-4-1-1-w61_heatmap.png, Predicted: walk, Actual: walk
2024-07-09 13:33:51,340 - INFO - Image: zwb-2-2-4-1-1-w62_heatmap.png, Predicted: kick, Actual: walk
2024-07-09 13:33:51,351 - INFO - Image: zwb-2-2-4-1-1-w63_heatmap.png, Predicted: walk, Actual: walk
2024-07-09 13:33:51,362 - INFO - Image: zwb-2-2-4-1-1-w64_heatmap.png, Predicted: pickup, Actual: walk
2024-07-09 13:33:51,372 - INFO - Image: zwb-2-2-4-1-1-w65_heatmap.png, Predicted: walk, Actual: walk
2024-07-09 13:33:51,381 - INFO - Image: zwb-2-2-4-1-1-w66_heatmap.png, Predicted: run, Actual: walk
2024-07-09 13:33:51,391 - INFO - Image: zwb-2-2-4-1-1-w67_heatmap.png, Predicted: walk, Actual: walk
2024-07-09 13:33:51,402 - INFO - Image: zwb-2-2-4-1-1-w68_heatmap.png, Predicted: walk, Actual: walk
2024-07-09 13:33:51,412 - INFO - Image: zwb-2-2-4-1-1-w69_heatmap.png, Predicted: walk, Actual: walk
2024-07-09 13:33:51,425 - INFO - Image: zwb-2-2-4-1-1-w70_heatmap.png, Predicted: walk, Actual: walk
2024-07-09 13:33:51,435 - INFO - Image: zwb-2-2-4-1-1-w71_heatmap.png, Predicted: pickup, Actual: walk
2024-07-09 13:33:51,444 - INFO - Image: zwb-2-2-4-1-1-w72_heatmap.png, Predicted: run, Actual: walk
2024-07-09 13:33:51,455 - INFO - Image: zwb-2-2-4-1-1-w73_heatmap.png, Predicted: kick, Actual: walk
2024-07-09 13:33:51,464 - INFO - Image: zwb-2-2-4-1-1-w74_heatmap.png, Predicted: walk, Actual: walk
2024-07-09 13:33:51,473 - INFO - Image: zwb-2-2-4-1-1-w75_heatmap.png, Predicted: walk, Actual: walk
2024-07-09 13:33:51,481 - INFO - Image: zwb-2-2-4-1-1-w76_heatmap.png, Predicted: walk, Actual: walk
2024-07-09 13:33:51,490 - INFO - Image: zwb-2-2-4-1-1-w77_heatmap.png, Predicted: walk, Actual: walk
2024-07-09 13:33:51,499 - INFO - Image: zwb-2-2-4-1-1-w78_heatmap.png, Predicted: run, Actual: walk
2024-07-09 13:33:51,508 - INFO - Image: zwb-2-2-4-1-1-w79_heatmap.png, Predicted: walk, Actual: walk
2024-07-09 13:33:51,516 - INFO - Image: zwb-2-2-4-1-1-w80_heatmap.png, Predicted: walk, Actual: walk
2024-07-09 13:33:51,527 - INFO - Image: zzy-2-2-4-1-1-w01_heatmap.png, Predicted: run, Actual: walk
2024-07-09 13:33:51,535 - INFO - Image: zzy-2-2-4-1-1-w02_heatmap.png, Predicted: walk, Actual: walk
2024-07-09 13:33:51,544 - INFO - Image: zzy-2-2-4-1-1-w03_heatmap.png, Predicted: walk, Actual: walk
2024-07-09 13:33:51,554 - INFO - Image: zzy-2-2-4-1-1-w04_heatmap.png, Predicted: walk, Actual: walk
2024-07-09 13:33:51,564 - INFO - Image: zzy-2-2-4-1-1-w05_heatmap.png, Predicted: walk, Actual: walk
2024-07-09 13:33:51,573 - INFO - Image: zzy-2-2-4-1-1-w06_heatmap.png, Predicted: walk, Actual: walk
2024-07-09 13:33:51,582 - INFO - Image: zzy-2-2-4-1-1-w07_heatmap.png, Predicted: walk, Actual: walk
2024-07-09 13:33:51,590 - INFO - Image: zzy-2-2-4-1-1-w08_heatmap.png, Predicted: walk, Actual: walk
2024-07-09 13:33:51,598 - INFO - Image: zzy-2-2-4-1-1-w09_heatmap.png, Predicted: walk, Actual: walk
2024-07-09 13:33:51,608 - INFO - Image: zzy-2-2-4-1-1-w10_heatmap.png, Predicted: walk, Actual: walk
2024-07-09 13:33:51,618 - INFO - Image: zzy-2-2-4-1-1-w11_heatmap.png, Predicted: run, Actual: walk
2024-07-09 13:33:51,627 - INFO - Image: zzy-2-2-4-1-1-w12_heatmap.png, Predicted: pickup, Actual: walk
2024-07-09 13:33:51,636 - INFO - Image: zzy-2-2-4-1-1-w13_heatmap.png, Predicted: walk, Actual: walk
2024-07-09 13:33:51,645 - INFO - Image: zzy-2-2-4-1-1-w14_heatmap.png, Predicted: walk, Actual: walk
2024-07-09 13:33:51,655 - INFO - Image: zzy-2-2-4-1-1-w15_heatmap.png, Predicted: walk, Actual: walk
2024-07-09 13:33:51,665 - INFO - Image: zzy-2-2-4-1-1-w16_heatmap.png, Predicted: pickup, Actual: walk
2024-07-09 13:33:51,674 - INFO - Image: zzy-2-2-4-1-1-w17_heatmap.png, Predicted: walk, Actual: walk
2024-07-09 13:33:51,684 - INFO - Image: zzy-2-2-4-1-1-w18_heatmap.png, Predicted: walk, Actual: walk
2024-07-09 13:33:51,693 - INFO - Image: zzy-2-2-4-1-1-w19_heatmap.png, Predicted: walk, Actual: walk
2024-07-09 13:33:51,702 - INFO - Image: zzy-2-2-4-1-1-w20_heatmap.png, Predicted: pickup, Actual: walk
2024-07-09 13:33:51,710 - INFO - Image: zzy-2-2-4-1-1-w21_heatmap.png, Predicted: walk, Actual: walk
2024-07-09 13:33:51,721 - INFO - Image: zzy-2-2-4-1-1-w22_heatmap.png, Predicted: pickup, Actual: walk
2024-07-09 13:33:51,730 - INFO - Image: zzy-2-2-4-1-1-w23_heatmap.png, Predicted: run, Actual: walk
2024-07-09 13:33:51,741 - INFO - Image: zzy-2-2-4-1-1-w24_heatmap.png, Predicted: walk, Actual: walk
2024-07-09 13:33:51,750 - INFO - Image: zzy-2-2-4-1-1-w25_heatmap.png, Predicted: run, Actual: walk
2024-07-09 13:33:51,758 - INFO - Image: zzy-2-2-4-1-1-w26_heatmap.png, Predicted: walk, Actual: walk
2024-07-09 13:33:51,767 - INFO - Image: zzy-2-2-4-1-1-w27_heatmap.png, Predicted: run, Actual: walk
2024-07-09 13:33:51,775 - INFO - Image: zzy-2-2-4-1-1-w28_heatmap.png, Predicted: pickup, Actual: walk
2024-07-09 13:33:51,783 - INFO - Image: zzy-2-2-4-1-1-w29_heatmap.png, Predicted: walk, Actual: walk
2024-07-09 13:33:51,795 - INFO - Image: zzy-2-2-4-1-1-w30_heatmap.png, Predicted: walk, Actual: walk
2024-07-09 13:33:51,796 - INFO - Accuracy: 56.67%
2024-07-09 13:34:05,701 - INFO - Image: zwb-2-2-4-1-1-c61_heatmap.png, Predicted: clap, Actual: clap
2024-07-09 13:34:05,708 - INFO - Image: zwb-2-2-4-1-1-c62_heatmap.png, Predicted: clap, Actual: clap
2024-07-09 13:34:05,714 - INFO - Image: zwb-2-2-4-1-1-c63_heatmap.png, Predicted: clap, Actual: clap
2024-07-09 13:34:05,719 - INFO - Image: zwb-2-2-4-1-1-c64_heatmap.png, Predicted: clap, Actual: clap
2024-07-09 13:34:05,726 - INFO - Image: zwb-2-2-4-1-1-c65_heatmap.png, Predicted: clap, Actual: clap
2024-07-09 13:34:05,733 - INFO - Image: zwb-2-2-4-1-1-c66_heatmap.png, Predicted: clap, Actual: clap
2024-07-09 13:34:05,739 - INFO - Image: zwb-2-2-4-1-1-c67_heatmap.png, Predicted: clap, Actual: clap
2024-07-09 13:34:05,745 - INFO - Image: zwb-2-2-4-1-1-c68_heatmap.png, Predicted: clap, Actual: clap
2024-07-09 13:34:05,751 - INFO - Image: zwb-2-2-4-1-1-c69_heatmap.png, Predicted: clap, Actual: clap
2024-07-09 13:34:05,757 - INFO - Image: zwb-2-2-4-1-1-c70_heatmap.png, Predicted: clap, Actual: clap
2024-07-09 13:34:05,763 - INFO - Image: zwb-2-2-4-1-1-c71_heatmap.png, Predicted: clap, Actual: clap
2024-07-09 13:34:05,769 - INFO - Image: zwb-2-2-4-1-1-c72_heatmap.png, Predicted: clap, Actual: clap
2024-07-09 13:34:05,775 - INFO - Image: zwb-2-2-4-1-1-c73_heatmap.png, Predicted: clap, Actual: clap
2024-07-09 13:34:05,781 - INFO - Image: zwb-2-2-4-1-1-c74_heatmap.png, Predicted: sitdown, Actual: clap
2024-07-09 13:34:05,787 - INFO - Image: zwb-2-2-4-1-1-c75_heatmap.png, Predicted: clap, Actual: clap
2024-07-09 13:34:05,793 - INFO - Image: zwb-2-2-4-1-1-c76_heatmap.png, Predicted: clap, Actual: clap
2024-07-09 13:34:05,800 - INFO - Image: zwb-2-2-4-1-1-c77_heatmap.png, Predicted: clap, Actual: clap
2024-07-09 13:34:05,806 - INFO - Image: zwb-2-2-4-1-1-c78_heatmap.png, Predicted: clap, Actual: clap
2024-07-09 13:34:05,811 - INFO - Image: zwb-2-2-4-1-1-c79_heatmap.png, Predicted: clap, Actual: clap
2024-07-09 13:34:05,819 - INFO - Image: zwb-2-2-4-1-1-c80_heatmap.png, Predicted: clap, Actual: clap
2024-07-09 13:34:05,825 - INFO - Image: zzy-2-2-4-1-1-c01_heatmap.png, Predicted: clap, Actual: clap
2024-07-09 13:34:05,831 - INFO - Image: zzy-2-2-4-1-1-c02_heatmap.png, Predicted: clap, Actual: clap
2024-07-09 13:34:05,837 - INFO - Image: zzy-2-2-4-1-1-c03_heatmap.png, Predicted: clap, Actual: clap
2024-07-09 13:34:05,844 - INFO - Image: zzy-2-2-4-1-1-c04_heatmap.png, Predicted: clap, Actual: clap
2024-07-09 13:34:05,850 - INFO - Image: zzy-2-2-4-1-1-c05_heatmap.png, Predicted: clap, Actual: clap
2024-07-09 13:34:05,857 - INFO - Image: zzy-2-2-4-1-1-c06_heatmap.png, Predicted: kick, Actual: clap
2024-07-09 13:34:05,863 - INFO - Image: zzy-2-2-4-1-1-c07_heatmap.png, Predicted: clap, Actual: clap
2024-07-09 13:34:05,869 - INFO - Image: zzy-2-2-4-1-1-c08_heatmap.png, Predicted: clap, Actual: clap
2024-07-09 13:34:05,876 - INFO - Image: zzy-2-2-4-1-1-c09_heatmap.png, Predicted: clap, Actual: clap
2024-07-09 13:34:05,881 - INFO - Image: zzy-2-2-4-1-1-c10_heatmap.png, Predicted: clap, Actual: clap
2024-07-09 13:34:05,888 - INFO - Image: zzy-2-2-4-1-1-c11_heatmap.png, Predicted: sitdown, Actual: clap
2024-07-09 13:34:05,895 - INFO - Image: zzy-2-2-4-1-1-c12_heatmap.png, Predicted: clap, Actual: clap
2024-07-09 13:34:05,900 - INFO - Image: zzy-2-2-4-1-1-c13_heatmap.png, Predicted: clap, Actual: clap
2024-07-09 13:34:05,906 - INFO - Image: zzy-2-2-4-1-1-c14_heatmap.png, Predicted: sitdown, Actual: clap
2024-07-09 13:34:05,912 - INFO - Image: zzy-2-2-4-1-1-c15_heatmap.png, Predicted: wavehand, Actual: clap
2024-07-09 13:34:05,917 - INFO - Image: zzy-2-2-4-1-1-c16_heatmap.png, Predicted: sitdown, Actual: clap
2024-07-09 13:34:05,923 - INFO - Image: zzy-2-2-4-1-1-c17_heatmap.png, Predicted: kick, Actual: clap
2024-07-09 13:34:05,928 - INFO - Image: zzy-2-2-4-1-1-c18_heatmap.png, Predicted: clap, Actual: clap
2024-07-09 13:34:05,934 - INFO - Image: zzy-2-2-4-1-1-c19_heatmap.png, Predicted: walk, Actual: clap
2024-07-09 13:34:05,939 - INFO - Image: zzy-2-2-4-1-1-c20_heatmap.png, Predicted: clap, Actual: clap
2024-07-09 13:34:05,945 - INFO - Image: zzy-2-2-4-1-1-c21_heatmap.png, Predicted: pickup, Actual: clap
2024-07-09 13:34:05,951 - INFO - Image: zzy-2-2-4-1-1-c22_heatmap.png, Predicted: wavehand, Actual: clap
2024-07-09 13:34:05,960 - INFO - Image: zzy-2-2-4-1-1-c23_heatmap.png, Predicted: kick, Actual: clap
2024-07-09 13:34:05,966 - INFO - Image: zzy-2-2-4-1-1-c24_heatmap.png, Predicted: clap, Actual: clap
2024-07-09 13:34:05,972 - INFO - Image: zzy-2-2-4-1-1-c25_heatmap.png, Predicted: clap, Actual: clap
2024-07-09 13:34:05,979 - INFO - Image: zzy-2-2-4-1-1-c26_heatmap.png, Predicted: sitdown, Actual: clap
2024-07-09 13:34:05,985 - INFO - Image: zzy-2-2-4-1-1-c27_heatmap.png, Predicted: walk, Actual: clap
2024-07-09 13:34:05,991 - INFO - Image: zzy-2-2-4-1-1-c28_heatmap.png, Predicted: sitdown, Actual: clap
2024-07-09 13:34:05,997 - INFO - Image: zzy-2-2-4-1-1-c29_heatmap.png, Predicted: clap, Actual: clap
2024-07-09 13:34:06,003 - INFO - Image: zzy-2-2-4-1-1-c30_heatmap.png, Predicted: kick, Actual: clap
2024-07-09 13:34:06,008 - INFO - Image: zwb-2-2-4-1-1-p59_heatmap.png, Predicted: pickup, Actual: pickup
2024-07-09 13:34:06,014 - INFO - Image: zwb-2-2-4-1-1-p60_heatmap.png, Predicted: pickup, Actual: pickup
2024-07-09 13:34:06,019 - INFO - Image: zwb-2-2-4-1-1-p61_heatmap.png, Predicted: pickup, Actual: pickup
2024-07-09 13:34:06,025 - INFO - Image: zwb-2-2-4-1-1-p62_heatmap.png, Predicted: pickup, Actual: pickup
2024-07-09 13:34:06,030 - INFO - Image: zwb-2-2-4-1-1-p63_heatmap.png, Predicted: pickup, Actual: pickup
2024-07-09 13:34:06,036 - INFO - Image: zwb-2-2-4-1-1-p64_heatmap.png, Predicted: pickup, Actual: pickup
2024-07-09 13:34:06,041 - INFO - Image: zwb-2-2-4-1-1-p65_heatmap.png, Predicted: pickup, Actual: pickup
2024-07-09 13:34:06,046 - INFO - Image: zwb-2-2-4-1-1-p66_heatmap.png, Predicted: pickup, Actual: pickup
2024-07-09 13:34:06,052 - INFO - Image: zwb-2-2-4-1-1-p67_heatmap.png, Predicted: pickup, Actual: pickup
2024-07-09 13:34:06,057 - INFO - Image: zwb-2-2-4-1-1-p68_heatmap.png, Predicted: pickup, Actual: pickup
2024-07-09 13:34:06,063 - INFO - Image: zwb-2-2-4-1-1-p69_heatmap.png, Predicted: pickup, Actual: pickup
2024-07-09 13:34:06,068 - INFO - Image: zwb-2-2-4-1-1-p70_heatmap.png, Predicted: pickup, Actual: pickup
2024-07-09 13:34:06,073 - INFO - Image: zwb-2-2-4-1-1-p71_heatmap.png, Predicted: pickup, Actual: pickup
2024-07-09 13:34:06,079 - INFO - Image: zwb-2-2-4-1-1-p72_heatmap.png, Predicted: pickup, Actual: pickup
2024-07-09 13:34:06,084 - INFO - Image: zwb-2-2-4-1-1-p73_heatmap.png, Predicted: pickup, Actual: pickup
2024-07-09 13:34:06,089 - INFO - Image: zwb-2-2-4-1-1-p74_heatmap.png, Predicted: pickup, Actual: pickup
2024-07-09 13:34:06,095 - INFO - Image: zwb-2-2-4-1-1-p75_heatmap.png, Predicted: pickup, Actual: pickup
2024-07-09 13:34:06,100 - INFO - Image: zwb-2-2-4-1-1-p76_heatmap.png, Predicted: pickup, Actual: pickup
2024-07-09 13:34:06,106 - INFO - Image: zwb-2-2-4-1-1-p77_heatmap.png, Predicted: pickup, Actual: pickup
2024-07-09 13:34:06,111 - INFO - Image: zwb-2-2-4-1-1-p78_heatmap.png, Predicted: pickup, Actual: pickup
2024-07-09 13:34:06,116 - INFO - Image: zwb-2-2-4-1-1-p79_heatmap.png, Predicted: pickup, Actual: pickup
2024-07-09 13:34:06,122 - INFO - Image: zwb-2-2-4-1-1-p80_heatmap.png, Predicted: pickup, Actual: pickup
2024-07-09 13:34:06,128 - INFO - Image: zzy-2-2-4-1-1-p01_heatmap.png, Predicted: run, Actual: pickup
2024-07-09 13:34:06,133 - INFO - Image: zzy-2-2-4-1-1-p02_heatmap.png, Predicted: standup, Actual: pickup
2024-07-09 13:34:06,139 - INFO - Image: zzy-2-2-4-1-1-p03_heatmap.png, Predicted: pickup, Actual: pickup
2024-07-09 13:34:06,144 - INFO - Image: zzy-2-2-4-1-1-p04_heatmap.png, Predicted: pickup, Actual: pickup
2024-07-09 13:34:06,150 - INFO - Image: zzy-2-2-4-1-1-p05_heatmap.png, Predicted: pickup, Actual: pickup
2024-07-09 13:34:06,155 - INFO - Image: zzy-2-2-4-1-1-p06_heatmap.png, Predicted: walk, Actual: pickup
2024-07-09 13:34:06,161 - INFO - Image: zzy-2-2-4-1-1-p07_heatmap.png, Predicted: pickup, Actual: pickup
2024-07-09 13:34:06,166 - INFO - Image: zzy-2-2-4-1-1-p08_heatmap.png, Predicted: pickup, Actual: pickup
2024-07-09 13:34:06,171 - INFO - Image: zzy-2-2-4-1-1-p09_heatmap.png, Predicted: pickup, Actual: pickup
2024-07-09 13:34:06,177 - INFO - Image: zzy-2-2-4-1-1-p10_heatmap.png, Predicted: walk, Actual: pickup
2024-07-09 13:34:06,183 - INFO - Image: zzy-2-2-4-1-1-p11_heatmap.png, Predicted: pickup, Actual: pickup
2024-07-09 13:34:06,188 - INFO - Image: zzy-2-2-4-1-1-p12_heatmap.png, Predicted: pickup, Actual: pickup
2024-07-09 13:34:06,194 - INFO - Image: zzy-2-2-4-1-1-p13_heatmap.png, Predicted: standup, Actual: pickup
2024-07-09 13:34:06,199 - INFO - Image: zzy-2-2-4-1-1-p14_heatmap.png, Predicted: pickup, Actual: pickup
2024-07-09 13:34:06,205 - INFO - Image: zzy-2-2-4-1-1-p15_heatmap.png, Predicted: pickup, Actual: pickup
2024-07-09 13:34:06,211 - INFO - Image: zzy-2-2-4-1-1-p16_heatmap.png, Predicted: pickup, Actual: pickup
2024-07-09 13:34:06,216 - INFO - Image: zzy-2-2-4-1-1-p17_heatmap.png, Predicted: kick, Actual: pickup
2024-07-09 13:34:06,222 - INFO - Image: zzy-2-2-4-1-1-p18_heatmap.png, Predicted: pickup, Actual: pickup
2024-07-09 13:34:06,228 - INFO - Image: zzy-2-2-4-1-1-p19_heatmap.png, Predicted: pickup, Actual: pickup
2024-07-09 13:34:06,233 - INFO - Image: zzy-2-2-4-1-1-p20_heatmap.png, Predicted: kick, Actual: pickup
2024-07-09 13:34:06,239 - INFO - Image: zzy-2-2-4-1-1-p21_heatmap.png, Predicted: kick, Actual: pickup
2024-07-09 13:34:06,244 - INFO - Image: zzy-2-2-4-1-1-p22_heatmap.png, Predicted: pickup, Actual: pickup
2024-07-09 13:34:06,250 - INFO - Image: zzy-2-2-4-1-1-p23_heatmap.png, Predicted: kick, Actual: pickup
2024-07-09 13:34:06,255 - INFO - Image: zzy-2-2-4-1-1-p24_heatmap.png, Predicted: kick, Actual: pickup
2024-07-09 13:34:06,261 - INFO - Image: zzy-2-2-4-1-1-p25_heatmap.png, Predicted: kick, Actual: pickup
2024-07-09 13:34:06,267 - INFO - Image: zzy-2-2-4-1-1-p26_heatmap.png, Predicted: pickup, Actual: pickup
2024-07-09 13:34:06,272 - INFO - Image: zzy-2-2-4-1-1-p27_heatmap.png, Predicted: kick, Actual: pickup
2024-07-09 13:34:06,278 - INFO - Image: zzy-2-2-4-1-1-p28_heatmap.png, Predicted: pickup, Actual: pickup
2024-07-09 13:34:06,283 - INFO - Image: zwb-2-2-4-1-1-r61_heatmap.png, Predicted: run, Actual: run
2024-07-09 13:34:06,289 - INFO - Image: zwb-2-2-4-1-1-r62_heatmap.png, Predicted: run, Actual: run
2024-07-09 13:34:06,294 - INFO - Image: zwb-2-2-4-1-1-r63_heatmap.png, Predicted: run, Actual: run
2024-07-09 13:34:06,300 - INFO - Image: zwb-2-2-4-1-1-r64_heatmap.png, Predicted: run, Actual: run
2024-07-09 13:34:06,306 - INFO - Image: zwb-2-2-4-1-1-r65_heatmap.png, Predicted: run, Actual: run
2024-07-09 13:34:06,312 - INFO - Image: zwb-2-2-4-1-1-r66_heatmap.png, Predicted: run, Actual: run
2024-07-09 13:34:06,318 - INFO - Image: zwb-2-2-4-1-1-r67_heatmap.png, Predicted: run, Actual: run
2024-07-09 13:34:06,323 - INFO - Image: zwb-2-2-4-1-1-r68_heatmap.png, Predicted: run, Actual: run
2024-07-09 13:34:06,329 - INFO - Image: zwb-2-2-4-1-1-r69_heatmap.png, Predicted: run, Actual: run
2024-07-09 13:34:06,334 - INFO - Image: zwb-2-2-4-1-1-r70_heatmap.png, Predicted: run, Actual: run
2024-07-09 13:34:06,341 - INFO - Image: zwb-2-2-4-1-1-r71_heatmap.png, Predicted: run, Actual: run
2024-07-09 13:34:06,348 - INFO - Image: zwb-2-2-4-1-1-r72_heatmap.png, Predicted: run, Actual: run
2024-07-09 13:34:06,353 - INFO - Image: zwb-2-2-4-1-1-r73_heatmap.png, Predicted: run, Actual: run
2024-07-09 13:34:06,359 - INFO - Image: zwb-2-2-4-1-1-r74_heatmap.png, Predicted: run, Actual: run
2024-07-09 13:34:06,365 - INFO - Image: zwb-2-2-4-1-1-r75_heatmap.png, Predicted: run, Actual: run
2024-07-09 13:34:06,371 - INFO - Image: zwb-2-2-4-1-1-r76_heatmap.png, Predicted: run, Actual: run
2024-07-09 13:34:06,377 - INFO - Image: zwb-2-2-4-1-1-r77_heatmap.png, Predicted: run, Actual: run
2024-07-09 13:34:06,383 - INFO - Image: zwb-2-2-4-1-1-r78_heatmap.png, Predicted: run, Actual: run
2024-07-09 13:34:06,389 - INFO - Image: zwb-2-2-4-1-1-r79_heatmap.png, Predicted: run, Actual: run
2024-07-09 13:34:06,395 - INFO - Image: zwb-2-2-4-1-1-r80_heatmap.png, Predicted: run, Actual: run
2024-07-09 13:34:06,400 - INFO - Image: zzy-2-2-4-1-1-r01_heatmap.png, Predicted: kick, Actual: run
2024-07-09 13:34:06,406 - INFO - Image: zzy-2-2-4-1-1-r02_heatmap.png, Predicted: clap, Actual: run
2024-07-09 13:34:06,412 - INFO - Image: zzy-2-2-4-1-1-r03_heatmap.png, Predicted: run, Actual: run
2024-07-09 13:34:06,418 - INFO - Image: zzy-2-2-4-1-1-r04_heatmap.png, Predicted: standup, Actual: run
2024-07-09 13:34:06,425 - INFO - Image: zzy-2-2-4-1-1-r05_heatmap.png, Predicted: pickup, Actual: run
2024-07-09 13:34:06,431 - INFO - Image: zzy-2-2-4-1-1-r06_heatmap.png, Predicted: walk, Actual: run
2024-07-09 13:34:06,437 - INFO - Image: zzy-2-2-4-1-1-r07_heatmap.png, Predicted: run, Actual: run
2024-07-09 13:34:06,443 - INFO - Image: zzy-2-2-4-1-1-r08_heatmap.png, Predicted: standup, Actual: run
2024-07-09 13:34:06,449 - INFO - Image: zzy-2-2-4-1-1-r09_heatmap.png, Predicted: run, Actual: run
2024-07-09 13:34:06,456 - INFO - Image: zzy-2-2-4-1-1-r10_heatmap.png, Predicted: run, Actual: run
2024-07-09 13:34:06,463 - INFO - Image: zzy-2-2-4-1-1-r11_heatmap.png, Predicted: kick, Actual: run
2024-07-09 13:34:06,470 - INFO - Image: zzy-2-2-4-1-1-r12_heatmap.png, Predicted: pickup, Actual: run
2024-07-09 13:34:06,476 - INFO - Image: zzy-2-2-4-1-1-r13_heatmap.png, Predicted: standup, Actual: run
2024-07-09 13:34:06,481 - INFO - Image: zzy-2-2-4-1-1-r14_heatmap.png, Predicted: kick, Actual: run
2024-07-09 13:34:06,487 - INFO - Image: zzy-2-2-4-1-1-r15_heatmap.png, Predicted: run, Actual: run
2024-07-09 13:34:06,493 - INFO - Image: zzy-2-2-4-1-1-r16_heatmap.png, Predicted: kick, Actual: run
2024-07-09 13:34:06,499 - INFO - Image: zzy-2-2-4-1-1-r17_heatmap.png, Predicted: run, Actual: run
2024-07-09 13:34:06,505 - INFO - Image: zzy-2-2-4-1-1-r18_heatmap.png, Predicted: kick, Actual: run
2024-07-09 13:34:06,510 - INFO - Image: zzy-2-2-4-1-1-r19_heatmap.png, Predicted: pickup, Actual: run
2024-07-09 13:34:06,516 - INFO - Image: zzy-2-2-4-1-1-r20_heatmap.png, Predicted: walk, Actual: run
2024-07-09 13:34:06,522 - INFO - Image: zzy-2-2-4-1-1-r21_heatmap.png, Predicted: pickup, Actual: run
2024-07-09 13:34:06,527 - INFO - Image: zzy-2-2-4-1-1-r22_heatmap.png, Predicted: walk, Actual: run
2024-07-09 13:34:06,533 - INFO - Image: zzy-2-2-4-1-1-r23_heatmap.png, Predicted: standup, Actual: run
2024-07-09 13:34:06,538 - INFO - Image: zzy-2-2-4-1-1-r24_heatmap.png, Predicted: walk, Actual: run
2024-07-09 13:34:06,544 - INFO - Image: zzy-2-2-4-1-1-r25_heatmap.png, Predicted: kick, Actual: run
2024-07-09 13:34:06,550 - INFO - Image: zzy-2-2-4-1-1-r26_heatmap.png, Predicted: pickup, Actual: run
2024-07-09 13:34:06,555 - INFO - Image: zzy-2-2-4-1-1-r27_heatmap.png, Predicted: pickup, Actual: run
2024-07-09 13:34:06,560 - INFO - Image: zzy-2-2-4-1-1-r28_heatmap.png, Predicted: walk, Actual: run
2024-07-09 13:34:06,566 - INFO - Image: zzy-2-2-4-1-1-r29_heatmap.png, Predicted: kick, Actual: run
2024-07-09 13:34:06,572 - INFO - Image: zzy-2-2-4-1-1-r30_heatmap.png, Predicted: walk, Actual: run
2024-07-09 13:34:06,577 - INFO - Image: zwb-2-2-4-1-1-sd61_heatmap.png, Predicted: sitdown, Actual: sitdown
2024-07-09 13:34:06,583 - INFO - Image: zwb-2-2-4-1-1-sd62_heatmap.png, Predicted: sitdown, Actual: sitdown
2024-07-09 13:34:06,589 - INFO - Image: zwb-2-2-4-1-1-sd63_heatmap.png, Predicted: sitdown, Actual: sitdown
2024-07-09 13:34:06,594 - INFO - Image: zwb-2-2-4-1-1-sd64_heatmap.png, Predicted: sitdown, Actual: sitdown
2024-07-09 13:34:06,600 - INFO - Image: zwb-2-2-4-1-1-sd65_heatmap.png, Predicted: sitdown, Actual: sitdown
2024-07-09 13:34:06,605 - INFO - Image: zwb-2-2-4-1-1-sd66_heatmap.png, Predicted: sitdown, Actual: sitdown
2024-07-09 13:34:06,611 - INFO - Image: zwb-2-2-4-1-1-sd67_heatmap.png, Predicted: sitdown, Actual: sitdown
2024-07-09 13:34:06,617 - INFO - Image: zwb-2-2-4-1-1-sd68_heatmap.png, Predicted: kick, Actual: sitdown
2024-07-09 13:34:06,622 - INFO - Image: zwb-2-2-4-1-1-sd69_heatmap.png, Predicted: sitdown, Actual: sitdown
2024-07-09 13:34:06,628 - INFO - Image: zwb-2-2-4-1-1-sd70_heatmap.png, Predicted: sitdown, Actual: sitdown
2024-07-09 13:34:06,634 - INFO - Image: zwb-2-2-4-1-1-sd71_heatmap.png, Predicted: sitdown, Actual: sitdown
2024-07-09 13:34:06,640 - INFO - Image: zwb-2-2-4-1-1-sd72_heatmap.png, Predicted: clap, Actual: sitdown
2024-07-09 13:34:06,645 - INFO - Image: zwb-2-2-4-1-1-sd73_heatmap.png, Predicted: sitdown, Actual: sitdown
2024-07-09 13:34:06,651 - INFO - Image: zwb-2-2-4-1-1-sd74_heatmap.png, Predicted: clap, Actual: sitdown
2024-07-09 13:34:06,657 - INFO - Image: zwb-2-2-4-1-1-sd75_heatmap.png, Predicted: sitdown, Actual: sitdown
2024-07-09 13:34:06,664 - INFO - Image: zwb-2-2-4-1-1-sd76_heatmap.png, Predicted: sitdown, Actual: sitdown
2024-07-09 13:34:06,672 - INFO - Image: zwb-2-2-4-1-1-sd77_heatmap.png, Predicted: sitdown, Actual: sitdown
2024-07-09 13:34:06,678 - INFO - Image: zwb-2-2-4-1-1-sd78_heatmap.png, Predicted: clap, Actual: sitdown
2024-07-09 13:34:06,685 - INFO - Image: zwb-2-2-4-1-1-sd79_heatmap.png, Predicted: clap, Actual: sitdown
2024-07-09 13:34:06,691 - INFO - Image: zwb-2-2-4-1-1-sd80_heatmap.png, Predicted: clap, Actual: sitdown
2024-07-09 13:34:06,697 - INFO - Image: zzy-2-2-4-1-1-sd01_heatmap.png, Predicted: pickup, Actual: sitdown
2024-07-09 13:34:06,703 - INFO - Image: zzy-2-2-4-1-1-sd02_heatmap.png, Predicted: standup, Actual: sitdown
2024-07-09 13:34:06,709 - INFO - Image: zzy-2-2-4-1-1-sd03_heatmap.png, Predicted: pickup, Actual: sitdown
2024-07-09 13:34:06,715 - INFO - Image: zzy-2-2-4-1-1-sd04_heatmap.png, Predicted: standup, Actual: sitdown
2024-07-09 13:34:06,721 - INFO - Image: zzy-2-2-4-1-1-sd05_heatmap.png, Predicted: sitdown, Actual: sitdown
2024-07-09 13:34:06,727 - INFO - Image: zzy-2-2-4-1-1-sd06_heatmap.png, Predicted: standup, Actual: sitdown
2024-07-09 13:34:06,734 - INFO - Image: zzy-2-2-4-1-1-sd07_heatmap.png, Predicted: standup, Actual: sitdown
2024-07-09 13:34:06,740 - INFO - Image: zzy-2-2-4-1-1-sd08_heatmap.png, Predicted: standup, Actual: sitdown
2024-07-09 13:34:06,747 - INFO - Image: zzy-2-2-4-1-1-sd09_heatmap.png, Predicted: standup, Actual: sitdown
2024-07-09 13:34:06,753 - INFO - Image: zzy-2-2-4-1-1-sd10_heatmap.png, Predicted: standup, Actual: sitdown
2024-07-09 13:34:06,759 - INFO - Image: zzy-2-2-4-1-1-sd11_heatmap.png, Predicted: standup, Actual: sitdown
2024-07-09 13:34:06,765 - INFO - Image: zzy-2-2-4-1-1-sd12_heatmap.png, Predicted: pickup, Actual: sitdown
2024-07-09 13:34:06,772 - INFO - Image: zzy-2-2-4-1-1-sd13_heatmap.png, Predicted: pickup, Actual: sitdown
2024-07-09 13:34:06,778 - INFO - Image: zzy-2-2-4-1-1-sd14_heatmap.png, Predicted: standup, Actual: sitdown
2024-07-09 13:34:06,784 - INFO - Image: zzy-2-2-4-1-1-sd15_heatmap.png, Predicted: standup, Actual: sitdown
2024-07-09 13:34:06,790 - INFO - Image: zzy-2-2-4-1-1-sd16_heatmap.png, Predicted: sitdown, Actual: sitdown
2024-07-09 13:34:06,796 - INFO - Image: zzy-2-2-4-1-1-sd17_heatmap.png, Predicted: standup, Actual: sitdown
2024-07-09 13:34:06,803 - INFO - Image: zzy-2-2-4-1-1-sd18_heatmap.png, Predicted: pickup, Actual: sitdown
2024-07-09 13:34:06,809 - INFO - Image: zzy-2-2-4-1-1-sd19_heatmap.png, Predicted: standup, Actual: sitdown
2024-07-09 13:34:06,816 - INFO - Image: zzy-2-2-4-1-1-sd20_heatmap.png, Predicted: standup, Actual: sitdown
2024-07-09 13:34:06,823 - INFO - Image: zzy-2-2-4-1-1-sd21_heatmap.png, Predicted: pickup, Actual: sitdown
2024-07-09 13:34:06,829 - INFO - Image: zzy-2-2-4-1-1-sd22_heatmap.png, Predicted: pickup, Actual: sitdown
2024-07-09 13:34:06,837 - INFO - Image: zzy-2-2-4-1-1-sd23_heatmap.png, Predicted: standup, Actual: sitdown
2024-07-09 13:34:06,844 - INFO - Image: zzy-2-2-4-1-1-sd24_heatmap.png, Predicted: pickup, Actual: sitdown
2024-07-09 13:34:06,850 - INFO - Image: zzy-2-2-4-1-1-sd25_heatmap.png, Predicted: standup, Actual: sitdown
2024-07-09 13:34:06,857 - INFO - Image: zzy-2-2-4-1-1-sd26_heatmap.png, Predicted: pickup, Actual: sitdown
2024-07-09 13:34:06,863 - INFO - Image: zzy-2-2-4-1-1-sd27_heatmap.png, Predicted: standup, Actual: sitdown
2024-07-09 13:34:06,870 - INFO - Image: zzy-2-2-4-1-1-sd28_heatmap.png, Predicted: standup, Actual: sitdown
2024-07-09 13:34:06,876 - INFO - Image: zzy-2-2-4-1-1-sd29_heatmap.png, Predicted: standup, Actual: sitdown
2024-07-09 13:34:06,882 - INFO - Image: zzy-2-2-4-1-1-sd30_heatmap.png, Predicted: standup, Actual: sitdown
2024-07-09 13:34:06,889 - INFO - Image: zwb-2-2-4-1-1-su61_heatmap.png, Predicted: standup, Actual: standup
2024-07-09 13:34:06,895 - INFO - Image: zwb-2-2-4-1-1-su62_heatmap.png, Predicted: standup, Actual: standup
2024-07-09 13:34:06,902 - INFO - Image: zwb-2-2-4-1-1-su63_heatmap.png, Predicted: standup, Actual: standup
2024-07-09 13:34:06,909 - INFO - Image: zwb-2-2-4-1-1-su64_heatmap.png, Predicted: standup, Actual: standup
2024-07-09 13:34:06,915 - INFO - Image: zwb-2-2-4-1-1-su65_heatmap.png, Predicted: standup, Actual: standup
2024-07-09 13:34:06,922 - INFO - Image: zwb-2-2-4-1-1-su66_heatmap.png, Predicted: standup, Actual: standup
2024-07-09 13:34:06,927 - INFO - Image: zwb-2-2-4-1-1-su67_heatmap.png, Predicted: standup, Actual: standup
2024-07-09 13:34:06,934 - INFO - Image: zwb-2-2-4-1-1-su68_heatmap.png, Predicted: standup, Actual: standup
2024-07-09 13:34:06,941 - INFO - Image: zwb-2-2-4-1-1-su69_heatmap.png, Predicted: standup, Actual: standup
2024-07-09 13:34:06,947 - INFO - Image: zwb-2-2-4-1-1-su70_heatmap.png, Predicted: standup, Actual: standup
2024-07-09 13:34:06,953 - INFO - Image: zwb-2-2-4-1-1-su71_heatmap.png, Predicted: standup, Actual: standup
2024-07-09 13:34:06,960 - INFO - Image: zwb-2-2-4-1-1-su72_heatmap.png, Predicted: standup, Actual: standup
2024-07-09 13:34:06,965 - INFO - Image: zwb-2-2-4-1-1-su73_heatmap.png, Predicted: kick, Actual: standup
2024-07-09 13:34:06,971 - INFO - Image: zwb-2-2-4-1-1-su74_heatmap.png, Predicted: standup, Actual: standup
2024-07-09 13:34:06,977 - INFO - Image: zwb-2-2-4-1-1-su75_heatmap.png, Predicted: standup, Actual: standup
2024-07-09 13:34:06,984 - INFO - Image: zwb-2-2-4-1-1-su76_heatmap.png, Predicted: standup, Actual: standup
2024-07-09 13:34:06,990 - INFO - Image: zwb-2-2-4-1-1-su77_heatmap.png, Predicted: standup, Actual: standup
2024-07-09 13:34:06,996 - INFO - Image: zwb-2-2-4-1-1-su78_heatmap.png, Predicted: standup, Actual: standup
2024-07-09 13:34:07,003 - INFO - Image: zwb-2-2-4-1-1-su79_heatmap.png, Predicted: standup, Actual: standup
2024-07-09 13:34:07,010 - INFO - Image: zwb-2-2-4-1-1-su80_heatmap.png, Predicted: standup, Actual: standup
2024-07-09 13:34:07,016 - INFO - Image: zzy-2-2-4-1-1-su01_heatmap.png, Predicted: standup, Actual: standup
2024-07-09 13:34:07,022 - INFO - Image: zzy-2-2-4-1-1-su02_heatmap.png, Predicted: kick, Actual: standup
2024-07-09 13:34:07,028 - INFO - Image: zzy-2-2-4-1-1-su03_heatmap.png, Predicted: run, Actual: standup
2024-07-09 13:34:07,034 - INFO - Image: zzy-2-2-4-1-1-su04_heatmap.png, Predicted: kick, Actual: standup
2024-07-09 13:34:07,041 - INFO - Image: zzy-2-2-4-1-1-su05_heatmap.png, Predicted: pickup, Actual: standup
2024-07-09 13:34:07,047 - INFO - Image: zzy-2-2-4-1-1-su06_heatmap.png, Predicted: pickup, Actual: standup
2024-07-09 13:34:07,054 - INFO - Image: zzy-2-2-4-1-1-su07_heatmap.png, Predicted: standup, Actual: standup
2024-07-09 13:34:07,060 - INFO - Image: zzy-2-2-4-1-1-su08_heatmap.png, Predicted: walk, Actual: standup
2024-07-09 13:34:07,066 - INFO - Image: zzy-2-2-4-1-1-su09_heatmap.png, Predicted: run, Actual: standup
2024-07-09 13:34:07,072 - INFO - Image: zzy-2-2-4-1-1-su10_heatmap.png, Predicted: kick, Actual: standup
2024-07-09 13:34:07,079 - INFO - Image: zzy-2-2-4-1-1-su11_heatmap.png, Predicted: run, Actual: standup
2024-07-09 13:34:07,085 - INFO - Image: zzy-2-2-4-1-1-su12_heatmap.png, Predicted: run, Actual: standup
2024-07-09 13:34:07,091 - INFO - Image: zzy-2-2-4-1-1-su13_heatmap.png, Predicted: run, Actual: standup
2024-07-09 13:34:07,098 - INFO - Image: zzy-2-2-4-1-1-su14_heatmap.png, Predicted: kick, Actual: standup
2024-07-09 13:34:07,104 - INFO - Image: zzy-2-2-4-1-1-su15_heatmap.png, Predicted: pickup, Actual: standup
2024-07-09 13:34:07,109 - INFO - Image: zzy-2-2-4-1-1-su16_heatmap.png, Predicted: standup, Actual: standup
2024-07-09 13:34:07,116 - INFO - Image: zzy-2-2-4-1-1-su17_heatmap.png, Predicted: run, Actual: standup
2024-07-09 13:34:07,122 - INFO - Image: zzy-2-2-4-1-1-su18_heatmap.png, Predicted: run, Actual: standup
2024-07-09 13:34:07,128 - INFO - Image: zzy-2-2-4-1-1-su19_heatmap.png, Predicted: run, Actual: standup
2024-07-09 13:34:07,134 - INFO - Image: zzy-2-2-4-1-1-su20_heatmap.png, Predicted: kick, Actual: standup
2024-07-09 13:34:07,140 - INFO - Image: zzy-2-2-4-1-1-su21_heatmap.png, Predicted: walk, Actual: standup
2024-07-09 13:34:07,147 - INFO - Image: zzy-2-2-4-1-1-su22_heatmap.png, Predicted: walk, Actual: standup
2024-07-09 13:34:07,153 - INFO - Image: zzy-2-2-4-1-1-su23_heatmap.png, Predicted: walk, Actual: standup
2024-07-09 13:34:07,159 - INFO - Image: zzy-2-2-4-1-1-su24_heatmap.png, Predicted: pickup, Actual: standup
2024-07-09 13:34:07,165 - INFO - Image: zzy-2-2-4-1-1-su25_heatmap.png, Predicted: run, Actual: standup
2024-07-09 13:34:07,172 - INFO - Image: zzy-2-2-4-1-1-su26_heatmap.png, Predicted: run, Actual: standup
2024-07-09 13:34:07,178 - INFO - Image: zzy-2-2-4-1-1-su27_heatmap.png, Predicted: kick, Actual: standup
2024-07-09 13:34:07,184 - INFO - Image: zzy-2-2-4-1-1-su28_heatmap.png, Predicted: pickup, Actual: standup
2024-07-09 13:34:07,191 - INFO - Image: zzy-2-2-4-1-1-su29_heatmap.png, Predicted: pickup, Actual: standup
2024-07-09 13:34:07,197 - INFO - Image: zzy-2-2-4-1-1-su30_heatmap.png, Predicted: run, Actual: standup
2024-07-09 13:34:07,203 - INFO - Image: zwb-2-2-4-1-1-w61_heatmap.png, Predicted: walk, Actual: walk
2024-07-09 13:34:07,209 - INFO - Image: zwb-2-2-4-1-1-w62_heatmap.png, Predicted: kick, Actual: walk
2024-07-09 13:34:07,215 - INFO - Image: zwb-2-2-4-1-1-w63_heatmap.png, Predicted: walk, Actual: walk
2024-07-09 13:34:07,221 - INFO - Image: zwb-2-2-4-1-1-w64_heatmap.png, Predicted: pickup, Actual: walk
2024-07-09 13:34:07,227 - INFO - Image: zwb-2-2-4-1-1-w65_heatmap.png, Predicted: walk, Actual: walk
2024-07-09 13:34:07,233 - INFO - Image: zwb-2-2-4-1-1-w66_heatmap.png, Predicted: run, Actual: walk
2024-07-09 13:34:07,238 - INFO - Image: zwb-2-2-4-1-1-w67_heatmap.png, Predicted: walk, Actual: walk
2024-07-09 13:34:07,244 - INFO - Image: zwb-2-2-4-1-1-w68_heatmap.png, Predicted: walk, Actual: walk
2024-07-09 13:34:07,250 - INFO - Image: zwb-2-2-4-1-1-w69_heatmap.png, Predicted: walk, Actual: walk
2024-07-09 13:34:07,255 - INFO - Image: zwb-2-2-4-1-1-w70_heatmap.png, Predicted: walk, Actual: walk
2024-07-09 13:34:07,261 - INFO - Image: zwb-2-2-4-1-1-w71_heatmap.png, Predicted: pickup, Actual: walk
2024-07-09 13:34:07,267 - INFO - Image: zwb-2-2-4-1-1-w72_heatmap.png, Predicted: run, Actual: walk
2024-07-09 13:34:07,272 - INFO - Image: zwb-2-2-4-1-1-w73_heatmap.png, Predicted: kick, Actual: walk
2024-07-09 13:34:07,278 - INFO - Image: zwb-2-2-4-1-1-w74_heatmap.png, Predicted: walk, Actual: walk
2024-07-09 13:34:07,284 - INFO - Image: zwb-2-2-4-1-1-w75_heatmap.png, Predicted: walk, Actual: walk
2024-07-09 13:34:07,289 - INFO - Image: zwb-2-2-4-1-1-w76_heatmap.png, Predicted: walk, Actual: walk
2024-07-09 13:34:07,295 - INFO - Image: zwb-2-2-4-1-1-w77_heatmap.png, Predicted: walk, Actual: walk
2024-07-09 13:34:07,301 - INFO - Image: zwb-2-2-4-1-1-w78_heatmap.png, Predicted: run, Actual: walk
2024-07-09 13:34:07,306 - INFO - Image: zwb-2-2-4-1-1-w79_heatmap.png, Predicted: walk, Actual: walk
2024-07-09 13:34:07,312 - INFO - Image: zwb-2-2-4-1-1-w80_heatmap.png, Predicted: walk, Actual: walk
2024-07-09 13:34:07,317 - INFO - Image: zzy-2-2-4-1-1-w01_heatmap.png, Predicted: run, Actual: walk
2024-07-09 13:34:07,322 - INFO - Image: zzy-2-2-4-1-1-w02_heatmap.png, Predicted: walk, Actual: walk
2024-07-09 13:34:07,328 - INFO - Image: zzy-2-2-4-1-1-w03_heatmap.png, Predicted: walk, Actual: walk
2024-07-09 13:34:07,333 - INFO - Image: zzy-2-2-4-1-1-w04_heatmap.png, Predicted: walk, Actual: walk
2024-07-09 13:34:07,339 - INFO - Image: zzy-2-2-4-1-1-w05_heatmap.png, Predicted: walk, Actual: walk
2024-07-09 13:34:07,344 - INFO - Image: zzy-2-2-4-1-1-w06_heatmap.png, Predicted: walk, Actual: walk
2024-07-09 13:34:07,349 - INFO - Image: zzy-2-2-4-1-1-w07_heatmap.png, Predicted: walk, Actual: walk
2024-07-09 13:34:07,355 - INFO - Image: zzy-2-2-4-1-1-w08_heatmap.png, Predicted: walk, Actual: walk
2024-07-09 13:34:07,360 - INFO - Image: zzy-2-2-4-1-1-w09_heatmap.png, Predicted: walk, Actual: walk
2024-07-09 13:34:07,365 - INFO - Image: zzy-2-2-4-1-1-w10_heatmap.png, Predicted: walk, Actual: walk
2024-07-09 13:34:07,371 - INFO - Image: zzy-2-2-4-1-1-w11_heatmap.png, Predicted: run, Actual: walk
2024-07-09 13:34:07,376 - INFO - Image: zzy-2-2-4-1-1-w12_heatmap.png, Predicted: pickup, Actual: walk
2024-07-09 13:34:07,382 - INFO - Image: zzy-2-2-4-1-1-w13_heatmap.png, Predicted: walk, Actual: walk
2024-07-09 13:34:07,387 - INFO - Image: zzy-2-2-4-1-1-w14_heatmap.png, Predicted: walk, Actual: walk
2024-07-09 13:34:07,392 - INFO - Image: zzy-2-2-4-1-1-w15_heatmap.png, Predicted: walk, Actual: walk
2024-07-09 13:34:07,398 - INFO - Image: zzy-2-2-4-1-1-w16_heatmap.png, Predicted: pickup, Actual: walk
2024-07-09 13:34:07,403 - INFO - Image: zzy-2-2-4-1-1-w17_heatmap.png, Predicted: walk, Actual: walk
2024-07-09 13:34:07,408 - INFO - Image: zzy-2-2-4-1-1-w18_heatmap.png, Predicted: walk, Actual: walk
2024-07-09 13:34:07,414 - INFO - Image: zzy-2-2-4-1-1-w19_heatmap.png, Predicted: walk, Actual: walk
2024-07-09 13:34:07,420 - INFO - Image: zzy-2-2-4-1-1-w20_heatmap.png, Predicted: pickup, Actual: walk
2024-07-09 13:34:07,425 - INFO - Image: zzy-2-2-4-1-1-w21_heatmap.png, Predicted: walk, Actual: walk
2024-07-09 13:34:07,431 - INFO - Image: zzy-2-2-4-1-1-w22_heatmap.png, Predicted: pickup, Actual: walk
2024-07-09 13:34:07,436 - INFO - Image: zzy-2-2-4-1-1-w23_heatmap.png, Predicted: run, Actual: walk
2024-07-09 13:34:07,441 - INFO - Image: zzy-2-2-4-1-1-w24_heatmap.png, Predicted: walk, Actual: walk
2024-07-09 13:34:07,446 - INFO - Image: zzy-2-2-4-1-1-w25_heatmap.png, Predicted: run, Actual: walk
2024-07-09 13:34:07,452 - INFO - Image: zzy-2-2-4-1-1-w26_heatmap.png, Predicted: walk, Actual: walk
2024-07-09 13:34:07,457 - INFO - Image: zzy-2-2-4-1-1-w27_heatmap.png, Predicted: run, Actual: walk
2024-07-09 13:34:07,462 - INFO - Image: zzy-2-2-4-1-1-w28_heatmap.png, Predicted: pickup, Actual: walk
2024-07-09 13:34:07,467 - INFO - Image: zzy-2-2-4-1-1-w29_heatmap.png, Predicted: walk, Actual: walk
2024-07-09 13:34:07,473 - INFO - Image: zzy-2-2-4-1-1-w30_heatmap.png, Predicted: walk, Actual: walk
2024-07-09 13:34:07,473 - INFO - Accuracy: 56.67%
2024-07-09 13:34:20,450 - INFO - Image: zwb-2-2-4-1-1-c61_heatmap.png, Predicted: clap, Actual: clap
2024-07-09 13:34:20,456 - INFO - Image: zwb-2-2-4-1-1-c62_heatmap.png, Predicted: clap, Actual: clap
2024-07-09 13:34:20,462 - INFO - Image: zwb-2-2-4-1-1-c63_heatmap.png, Predicted: clap, Actual: clap
2024-07-09 13:34:20,467 - INFO - Image: zwb-2-2-4-1-1-c64_heatmap.png, Predicted: clap, Actual: clap
2024-07-09 13:34:20,473 - INFO - Image: zwb-2-2-4-1-1-c65_heatmap.png, Predicted: clap, Actual: clap
2024-07-09 13:34:20,479 - INFO - Image: zwb-2-2-4-1-1-c66_heatmap.png, Predicted: clap, Actual: clap
2024-07-09 13:34:20,485 - INFO - Image: zwb-2-2-4-1-1-c67_heatmap.png, Predicted: clap, Actual: clap
2024-07-09 13:34:20,491 - INFO - Image: zwb-2-2-4-1-1-c68_heatmap.png, Predicted: clap, Actual: clap
2024-07-09 13:34:20,497 - INFO - Image: zwb-2-2-4-1-1-c69_heatmap.png, Predicted: clap, Actual: clap
2024-07-09 13:34:20,502 - INFO - Image: zwb-2-2-4-1-1-c70_heatmap.png, Predicted: clap, Actual: clap
2024-07-09 13:34:20,508 - INFO - Image: zwb-2-2-4-1-1-c71_heatmap.png, Predicted: clap, Actual: clap
2024-07-09 13:34:20,514 - INFO - Image: zwb-2-2-4-1-1-c72_heatmap.png, Predicted: clap, Actual: clap
2024-07-09 13:34:20,519 - INFO - Image: zwb-2-2-4-1-1-c73_heatmap.png, Predicted: clap, Actual: clap
2024-07-09 13:34:20,525 - INFO - Image: zwb-2-2-4-1-1-c74_heatmap.png, Predicted: sitdown, Actual: clap
2024-07-09 13:34:20,530 - INFO - Image: zwb-2-2-4-1-1-c75_heatmap.png, Predicted: clap, Actual: clap
2024-07-09 13:34:20,536 - INFO - Image: zwb-2-2-4-1-1-c76_heatmap.png, Predicted: clap, Actual: clap
2024-07-09 13:34:20,542 - INFO - Image: zwb-2-2-4-1-1-c77_heatmap.png, Predicted: clap, Actual: clap
2024-07-09 13:34:20,547 - INFO - Image: zwb-2-2-4-1-1-c78_heatmap.png, Predicted: clap, Actual: clap
2024-07-09 13:34:20,553 - INFO - Image: zwb-2-2-4-1-1-c79_heatmap.png, Predicted: clap, Actual: clap
2024-07-09 13:34:20,559 - INFO - Image: zwb-2-2-4-1-1-c80_heatmap.png, Predicted: clap, Actual: clap
2024-07-09 13:34:20,565 - INFO - Image: zzy-2-2-4-1-1-c01_heatmap.png, Predicted: clap, Actual: clap
2024-07-09 13:34:20,570 - INFO - Image: zzy-2-2-4-1-1-c02_heatmap.png, Predicted: clap, Actual: clap
2024-07-09 13:34:20,576 - INFO - Image: zzy-2-2-4-1-1-c03_heatmap.png, Predicted: clap, Actual: clap
2024-07-09 13:34:20,581 - INFO - Image: zzy-2-2-4-1-1-c04_heatmap.png, Predicted: clap, Actual: clap
2024-07-09 13:34:20,587 - INFO - Image: zzy-2-2-4-1-1-c05_heatmap.png, Predicted: clap, Actual: clap
2024-07-09 13:34:20,592 - INFO - Image: zzy-2-2-4-1-1-c06_heatmap.png, Predicted: kick, Actual: clap
2024-07-09 13:34:20,598 - INFO - Image: zzy-2-2-4-1-1-c07_heatmap.png, Predicted: clap, Actual: clap
2024-07-09 13:34:20,603 - INFO - Image: zzy-2-2-4-1-1-c08_heatmap.png, Predicted: clap, Actual: clap
2024-07-09 13:34:20,609 - INFO - Image: zzy-2-2-4-1-1-c09_heatmap.png, Predicted: clap, Actual: clap
2024-07-09 13:34:20,614 - INFO - Image: zzy-2-2-4-1-1-c10_heatmap.png, Predicted: clap, Actual: clap
2024-07-09 13:34:20,620 - INFO - Image: zzy-2-2-4-1-1-c11_heatmap.png, Predicted: sitdown, Actual: clap
2024-07-09 13:34:20,625 - INFO - Image: zzy-2-2-4-1-1-c12_heatmap.png, Predicted: clap, Actual: clap
2024-07-09 13:34:20,631 - INFO - Image: zzy-2-2-4-1-1-c13_heatmap.png, Predicted: clap, Actual: clap
2024-07-09 13:34:20,636 - INFO - Image: zzy-2-2-4-1-1-c14_heatmap.png, Predicted: sitdown, Actual: clap
2024-07-09 13:34:20,642 - INFO - Image: zzy-2-2-4-1-1-c15_heatmap.png, Predicted: wavehand, Actual: clap
2024-07-09 13:34:20,647 - INFO - Image: zzy-2-2-4-1-1-c16_heatmap.png, Predicted: sitdown, Actual: clap
2024-07-09 13:34:20,653 - INFO - Image: zzy-2-2-4-1-1-c17_heatmap.png, Predicted: kick, Actual: clap
2024-07-09 13:34:20,658 - INFO - Image: zzy-2-2-4-1-1-c18_heatmap.png, Predicted: clap, Actual: clap
2024-07-09 13:34:20,664 - INFO - Image: zzy-2-2-4-1-1-c19_heatmap.png, Predicted: walk, Actual: clap
2024-07-09 13:34:20,669 - INFO - Image: zzy-2-2-4-1-1-c20_heatmap.png, Predicted: clap, Actual: clap
2024-07-09 13:34:20,675 - INFO - Image: zzy-2-2-4-1-1-c21_heatmap.png, Predicted: pickup, Actual: clap
2024-07-09 13:34:20,680 - INFO - Image: zzy-2-2-4-1-1-c22_heatmap.png, Predicted: wavehand, Actual: clap
2024-07-09 13:34:20,686 - INFO - Image: zzy-2-2-4-1-1-c23_heatmap.png, Predicted: kick, Actual: clap
2024-07-09 13:34:20,691 - INFO - Image: zzy-2-2-4-1-1-c24_heatmap.png, Predicted: clap, Actual: clap
2024-07-09 13:34:20,697 - INFO - Image: zzy-2-2-4-1-1-c25_heatmap.png, Predicted: clap, Actual: clap
2024-07-09 13:34:20,702 - INFO - Image: zzy-2-2-4-1-1-c26_heatmap.png, Predicted: sitdown, Actual: clap
2024-07-09 13:34:20,708 - INFO - Image: zzy-2-2-4-1-1-c27_heatmap.png, Predicted: walk, Actual: clap
2024-07-09 13:34:20,713 - INFO - Image: zzy-2-2-4-1-1-c28_heatmap.png, Predicted: sitdown, Actual: clap
2024-07-09 13:34:20,719 - INFO - Image: zzy-2-2-4-1-1-c29_heatmap.png, Predicted: clap, Actual: clap
2024-07-09 13:34:20,724 - INFO - Image: zzy-2-2-4-1-1-c30_heatmap.png, Predicted: kick, Actual: clap
2024-07-09 13:34:20,730 - INFO - Image: zwb-2-2-4-1-1-p59_heatmap.png, Predicted: pickup, Actual: pickup
2024-07-09 13:34:20,735 - INFO - Image: zwb-2-2-4-1-1-p60_heatmap.png, Predicted: pickup, Actual: pickup
2024-07-09 13:34:20,741 - INFO - Image: zwb-2-2-4-1-1-p61_heatmap.png, Predicted: pickup, Actual: pickup
2024-07-09 13:34:20,746 - INFO - Image: zwb-2-2-4-1-1-p62_heatmap.png, Predicted: pickup, Actual: pickup
2024-07-09 13:34:20,752 - INFO - Image: zwb-2-2-4-1-1-p63_heatmap.png, Predicted: pickup, Actual: pickup
2024-07-09 13:34:20,757 - INFO - Image: zwb-2-2-4-1-1-p64_heatmap.png, Predicted: pickup, Actual: pickup
2024-07-09 13:34:20,762 - INFO - Image: zwb-2-2-4-1-1-p65_heatmap.png, Predicted: pickup, Actual: pickup
2024-07-09 13:34:20,768 - INFO - Image: zwb-2-2-4-1-1-p66_heatmap.png, Predicted: pickup, Actual: pickup
2024-07-09 13:34:20,774 - INFO - Image: zwb-2-2-4-1-1-p67_heatmap.png, Predicted: pickup, Actual: pickup
2024-07-09 13:34:20,779 - INFO - Image: zwb-2-2-4-1-1-p68_heatmap.png, Predicted: pickup, Actual: pickup
2024-07-09 13:34:20,784 - INFO - Image: zwb-2-2-4-1-1-p69_heatmap.png, Predicted: pickup, Actual: pickup
2024-07-09 13:34:20,790 - INFO - Image: zwb-2-2-4-1-1-p70_heatmap.png, Predicted: pickup, Actual: pickup
2024-07-09 13:34:20,795 - INFO - Image: zwb-2-2-4-1-1-p71_heatmap.png, Predicted: pickup, Actual: pickup
2024-07-09 13:34:20,800 - INFO - Image: zwb-2-2-4-1-1-p72_heatmap.png, Predicted: pickup, Actual: pickup
2024-07-09 13:34:20,806 - INFO - Image: zwb-2-2-4-1-1-p73_heatmap.png, Predicted: pickup, Actual: pickup
2024-07-09 13:34:20,812 - INFO - Image: zwb-2-2-4-1-1-p74_heatmap.png, Predicted: pickup, Actual: pickup
2024-07-09 13:34:20,817 - INFO - Image: zwb-2-2-4-1-1-p75_heatmap.png, Predicted: pickup, Actual: pickup
2024-07-09 13:34:20,822 - INFO - Image: zwb-2-2-4-1-1-p76_heatmap.png, Predicted: pickup, Actual: pickup
2024-07-09 13:34:20,828 - INFO - Image: zwb-2-2-4-1-1-p77_heatmap.png, Predicted: pickup, Actual: pickup
2024-07-09 13:34:20,833 - INFO - Image: zwb-2-2-4-1-1-p78_heatmap.png, Predicted: pickup, Actual: pickup
2024-07-09 13:34:20,839 - INFO - Image: zwb-2-2-4-1-1-p79_heatmap.png, Predicted: pickup, Actual: pickup
2024-07-09 13:34:20,844 - INFO - Image: zwb-2-2-4-1-1-p80_heatmap.png, Predicted: pickup, Actual: pickup
2024-07-09 13:34:20,849 - INFO - Image: zzy-2-2-4-1-1-p01_heatmap.png, Predicted: run, Actual: pickup
2024-07-09 13:34:20,855 - INFO - Image: zzy-2-2-4-1-1-p02_heatmap.png, Predicted: standup, Actual: pickup
2024-07-09 13:34:20,861 - INFO - Image: zzy-2-2-4-1-1-p03_heatmap.png, Predicted: pickup, Actual: pickup
2024-07-09 13:34:20,866 - INFO - Image: zzy-2-2-4-1-1-p04_heatmap.png, Predicted: pickup, Actual: pickup
2024-07-09 13:34:20,872 - INFO - Image: zzy-2-2-4-1-1-p05_heatmap.png, Predicted: pickup, Actual: pickup
2024-07-09 13:34:20,877 - INFO - Image: zzy-2-2-4-1-1-p06_heatmap.png, Predicted: walk, Actual: pickup
2024-07-09 13:34:20,882 - INFO - Image: zzy-2-2-4-1-1-p07_heatmap.png, Predicted: pickup, Actual: pickup
2024-07-09 13:34:20,888 - INFO - Image: zzy-2-2-4-1-1-p08_heatmap.png, Predicted: pickup, Actual: pickup
2024-07-09 13:34:20,893 - INFO - Image: zzy-2-2-4-1-1-p09_heatmap.png, Predicted: pickup, Actual: pickup
2024-07-09 13:34:20,899 - INFO - Image: zzy-2-2-4-1-1-p10_heatmap.png, Predicted: walk, Actual: pickup
2024-07-09 13:34:20,904 - INFO - Image: zzy-2-2-4-1-1-p11_heatmap.png, Predicted: pickup, Actual: pickup
2024-07-09 13:34:20,910 - INFO - Image: zzy-2-2-4-1-1-p12_heatmap.png, Predicted: pickup, Actual: pickup
2024-07-09 13:34:20,916 - INFO - Image: zzy-2-2-4-1-1-p13_heatmap.png, Predicted: standup, Actual: pickup
2024-07-09 13:34:20,922 - INFO - Image: zzy-2-2-4-1-1-p14_heatmap.png, Predicted: pickup, Actual: pickup
2024-07-09 13:34:20,928 - INFO - Image: zzy-2-2-4-1-1-p15_heatmap.png, Predicted: pickup, Actual: pickup
2024-07-09 13:34:20,934 - INFO - Image: zzy-2-2-4-1-1-p16_heatmap.png, Predicted: pickup, Actual: pickup
2024-07-09 13:34:20,939 - INFO - Image: zzy-2-2-4-1-1-p17_heatmap.png, Predicted: kick, Actual: pickup
2024-07-09 13:34:20,945 - INFO - Image: zzy-2-2-4-1-1-p18_heatmap.png, Predicted: pickup, Actual: pickup
2024-07-09 13:34:20,950 - INFO - Image: zzy-2-2-4-1-1-p19_heatmap.png, Predicted: pickup, Actual: pickup
2024-07-09 13:34:20,956 - INFO - Image: zzy-2-2-4-1-1-p20_heatmap.png, Predicted: kick, Actual: pickup
2024-07-09 13:34:20,961 - INFO - Image: zzy-2-2-4-1-1-p21_heatmap.png, Predicted: kick, Actual: pickup
2024-07-09 13:34:20,967 - INFO - Image: zzy-2-2-4-1-1-p22_heatmap.png, Predicted: pickup, Actual: pickup
2024-07-09 13:34:20,972 - INFO - Image: zzy-2-2-4-1-1-p23_heatmap.png, Predicted: kick, Actual: pickup
2024-07-09 13:34:20,977 - INFO - Image: zzy-2-2-4-1-1-p24_heatmap.png, Predicted: kick, Actual: pickup
2024-07-09 13:34:20,983 - INFO - Image: zzy-2-2-4-1-1-p25_heatmap.png, Predicted: kick, Actual: pickup
2024-07-09 13:34:20,988 - INFO - Image: zzy-2-2-4-1-1-p26_heatmap.png, Predicted: pickup, Actual: pickup
2024-07-09 13:34:20,994 - INFO - Image: zzy-2-2-4-1-1-p27_heatmap.png, Predicted: kick, Actual: pickup
2024-07-09 13:34:20,999 - INFO - Image: zzy-2-2-4-1-1-p28_heatmap.png, Predicted: pickup, Actual: pickup
2024-07-09 13:34:21,005 - INFO - Image: zwb-2-2-4-1-1-r61_heatmap.png, Predicted: run, Actual: run
2024-07-09 13:34:21,011 - INFO - Image: zwb-2-2-4-1-1-r62_heatmap.png, Predicted: run, Actual: run
2024-07-09 13:34:21,016 - INFO - Image: zwb-2-2-4-1-1-r63_heatmap.png, Predicted: run, Actual: run
2024-07-09 13:34:21,022 - INFO - Image: zwb-2-2-4-1-1-r64_heatmap.png, Predicted: run, Actual: run
2024-07-09 13:34:21,027 - INFO - Image: zwb-2-2-4-1-1-r65_heatmap.png, Predicted: run, Actual: run
2024-07-09 13:34:21,032 - INFO - Image: zwb-2-2-4-1-1-r66_heatmap.png, Predicted: run, Actual: run
2024-07-09 13:34:21,038 - INFO - Image: zwb-2-2-4-1-1-r67_heatmap.png, Predicted: run, Actual: run
2024-07-09 13:34:21,043 - INFO - Image: zwb-2-2-4-1-1-r68_heatmap.png, Predicted: run, Actual: run
2024-07-09 13:34:21,048 - INFO - Image: zwb-2-2-4-1-1-r69_heatmap.png, Predicted: run, Actual: run
2024-07-09 13:34:21,053 - INFO - Image: zwb-2-2-4-1-1-r70_heatmap.png, Predicted: run, Actual: run
2024-07-09 13:34:21,058 - INFO - Image: zwb-2-2-4-1-1-r71_heatmap.png, Predicted: run, Actual: run
2024-07-09 13:34:21,063 - INFO - Image: zwb-2-2-4-1-1-r72_heatmap.png, Predicted: run, Actual: run
2024-07-09 13:34:21,069 - INFO - Image: zwb-2-2-4-1-1-r73_heatmap.png, Predicted: run, Actual: run
2024-07-09 13:34:21,074 - INFO - Image: zwb-2-2-4-1-1-r74_heatmap.png, Predicted: run, Actual: run
2024-07-09 13:34:21,079 - INFO - Image: zwb-2-2-4-1-1-r75_heatmap.png, Predicted: run, Actual: run
2024-07-09 13:34:21,084 - INFO - Image: zwb-2-2-4-1-1-r76_heatmap.png, Predicted: run, Actual: run
2024-07-09 13:34:21,090 - INFO - Image: zwb-2-2-4-1-1-r77_heatmap.png, Predicted: run, Actual: run
2024-07-09 13:34:21,096 - INFO - Image: zwb-2-2-4-1-1-r78_heatmap.png, Predicted: run, Actual: run
2024-07-09 13:34:21,101 - INFO - Image: zwb-2-2-4-1-1-r79_heatmap.png, Predicted: run, Actual: run
2024-07-09 13:34:21,106 - INFO - Image: zwb-2-2-4-1-1-r80_heatmap.png, Predicted: run, Actual: run
2024-07-09 13:34:21,112 - INFO - Image: zzy-2-2-4-1-1-r01_heatmap.png, Predicted: kick, Actual: run
2024-07-09 13:34:21,117 - INFO - Image: zzy-2-2-4-1-1-r02_heatmap.png, Predicted: clap, Actual: run
2024-07-09 13:34:21,123 - INFO - Image: zzy-2-2-4-1-1-r03_heatmap.png, Predicted: run, Actual: run
2024-07-09 13:34:21,128 - INFO - Image: zzy-2-2-4-1-1-r04_heatmap.png, Predicted: standup, Actual: run
2024-07-09 13:34:21,134 - INFO - Image: zzy-2-2-4-1-1-r05_heatmap.png, Predicted: pickup, Actual: run
2024-07-09 13:34:21,139 - INFO - Image: zzy-2-2-4-1-1-r06_heatmap.png, Predicted: walk, Actual: run
2024-07-09 13:34:21,145 - INFO - Image: zzy-2-2-4-1-1-r07_heatmap.png, Predicted: run, Actual: run
2024-07-09 13:34:21,150 - INFO - Image: zzy-2-2-4-1-1-r08_heatmap.png, Predicted: standup, Actual: run
2024-07-09 13:34:21,155 - INFO - Image: zzy-2-2-4-1-1-r09_heatmap.png, Predicted: run, Actual: run
2024-07-09 13:34:21,161 - INFO - Image: zzy-2-2-4-1-1-r10_heatmap.png, Predicted: run, Actual: run
2024-07-09 13:34:21,166 - INFO - Image: zzy-2-2-4-1-1-r11_heatmap.png, Predicted: kick, Actual: run
2024-07-09 13:34:21,172 - INFO - Image: zzy-2-2-4-1-1-r12_heatmap.png, Predicted: pickup, Actual: run
2024-07-09 13:34:21,177 - INFO - Image: zzy-2-2-4-1-1-r13_heatmap.png, Predicted: standup, Actual: run
2024-07-09 13:34:21,182 - INFO - Image: zzy-2-2-4-1-1-r14_heatmap.png, Predicted: kick, Actual: run
2024-07-09 13:34:21,188 - INFO - Image: zzy-2-2-4-1-1-r15_heatmap.png, Predicted: run, Actual: run
2024-07-09 13:34:21,193 - INFO - Image: zzy-2-2-4-1-1-r16_heatmap.png, Predicted: kick, Actual: run
2024-07-09 13:34:21,198 - INFO - Image: zzy-2-2-4-1-1-r17_heatmap.png, Predicted: run, Actual: run
2024-07-09 13:34:21,204 - INFO - Image: zzy-2-2-4-1-1-r18_heatmap.png, Predicted: kick, Actual: run
2024-07-09 13:34:21,209 - INFO - Image: zzy-2-2-4-1-1-r19_heatmap.png, Predicted: pickup, Actual: run
2024-07-09 13:34:21,214 - INFO - Image: zzy-2-2-4-1-1-r20_heatmap.png, Predicted: walk, Actual: run
2024-07-09 13:34:21,220 - INFO - Image: zzy-2-2-4-1-1-r21_heatmap.png, Predicted: pickup, Actual: run
2024-07-09 13:34:21,225 - INFO - Image: zzy-2-2-4-1-1-r22_heatmap.png, Predicted: walk, Actual: run
2024-07-09 13:34:21,230 - INFO - Image: zzy-2-2-4-1-1-r23_heatmap.png, Predicted: standup, Actual: run
2024-07-09 13:34:21,236 - INFO - Image: zzy-2-2-4-1-1-r24_heatmap.png, Predicted: walk, Actual: run
2024-07-09 13:34:21,241 - INFO - Image: zzy-2-2-4-1-1-r25_heatmap.png, Predicted: kick, Actual: run
2024-07-09 13:34:21,247 - INFO - Image: zzy-2-2-4-1-1-r26_heatmap.png, Predicted: pickup, Actual: run
2024-07-09 13:34:21,253 - INFO - Image: zzy-2-2-4-1-1-r27_heatmap.png, Predicted: pickup, Actual: run
2024-07-09 13:34:21,258 - INFO - Image: zzy-2-2-4-1-1-r28_heatmap.png, Predicted: walk, Actual: run
2024-07-09 13:34:21,263 - INFO - Image: zzy-2-2-4-1-1-r29_heatmap.png, Predicted: kick, Actual: run
2024-07-09 13:34:21,269 - INFO - Image: zzy-2-2-4-1-1-r30_heatmap.png, Predicted: walk, Actual: run
2024-07-09 13:34:21,274 - INFO - Image: zwb-2-2-4-1-1-sd61_heatmap.png, Predicted: sitdown, Actual: sitdown
2024-07-09 13:34:21,280 - INFO - Image: zwb-2-2-4-1-1-sd62_heatmap.png, Predicted: sitdown, Actual: sitdown
2024-07-09 13:34:21,285 - INFO - Image: zwb-2-2-4-1-1-sd63_heatmap.png, Predicted: sitdown, Actual: sitdown
2024-07-09 13:34:21,291 - INFO - Image: zwb-2-2-4-1-1-sd64_heatmap.png, Predicted: sitdown, Actual: sitdown
2024-07-09 13:34:21,297 - INFO - Image: zwb-2-2-4-1-1-sd65_heatmap.png, Predicted: sitdown, Actual: sitdown
2024-07-09 13:34:21,302 - INFO - Image: zwb-2-2-4-1-1-sd66_heatmap.png, Predicted: sitdown, Actual: sitdown
2024-07-09 13:34:21,308 - INFO - Image: zwb-2-2-4-1-1-sd67_heatmap.png, Predicted: sitdown, Actual: sitdown
2024-07-09 13:34:21,314 - INFO - Image: zwb-2-2-4-1-1-sd68_heatmap.png, Predicted: kick, Actual: sitdown
2024-07-09 13:34:21,319 - INFO - Image: zwb-2-2-4-1-1-sd69_heatmap.png, Predicted: sitdown, Actual: sitdown
2024-07-09 13:34:21,325 - INFO - Image: zwb-2-2-4-1-1-sd70_heatmap.png, Predicted: sitdown, Actual: sitdown
2024-07-09 13:34:21,330 - INFO - Image: zwb-2-2-4-1-1-sd71_heatmap.png, Predicted: sitdown, Actual: sitdown
2024-07-09 13:34:21,336 - INFO - Image: zwb-2-2-4-1-1-sd72_heatmap.png, Predicted: clap, Actual: sitdown
2024-07-09 13:34:21,342 - INFO - Image: zwb-2-2-4-1-1-sd73_heatmap.png, Predicted: sitdown, Actual: sitdown
2024-07-09 13:34:21,347 - INFO - Image: zwb-2-2-4-1-1-sd74_heatmap.png, Predicted: clap, Actual: sitdown
2024-07-09 13:34:21,353 - INFO - Image: zwb-2-2-4-1-1-sd75_heatmap.png, Predicted: sitdown, Actual: sitdown
2024-07-09 13:34:21,359 - INFO - Image: zwb-2-2-4-1-1-sd76_heatmap.png, Predicted: sitdown, Actual: sitdown
2024-07-09 13:34:21,364 - INFO - Image: zwb-2-2-4-1-1-sd77_heatmap.png, Predicted: sitdown, Actual: sitdown
2024-07-09 13:34:21,370 - INFO - Image: zwb-2-2-4-1-1-sd78_heatmap.png, Predicted: clap, Actual: sitdown
2024-07-09 13:34:21,375 - INFO - Image: zwb-2-2-4-1-1-sd79_heatmap.png, Predicted: clap, Actual: sitdown
2024-07-09 13:34:21,381 - INFO - Image: zwb-2-2-4-1-1-sd80_heatmap.png, Predicted: clap, Actual: sitdown
2024-07-09 13:34:21,387 - INFO - Image: zzy-2-2-4-1-1-sd01_heatmap.png, Predicted: pickup, Actual: sitdown
2024-07-09 13:34:21,392 - INFO - Image: zzy-2-2-4-1-1-sd02_heatmap.png, Predicted: standup, Actual: sitdown
2024-07-09 13:34:21,397 - INFO - Image: zzy-2-2-4-1-1-sd03_heatmap.png, Predicted: pickup, Actual: sitdown
2024-07-09 13:34:21,403 - INFO - Image: zzy-2-2-4-1-1-sd04_heatmap.png, Predicted: standup, Actual: sitdown
2024-07-09 13:34:21,408 - INFO - Image: zzy-2-2-4-1-1-sd05_heatmap.png, Predicted: sitdown, Actual: sitdown
2024-07-09 13:34:21,414 - INFO - Image: zzy-2-2-4-1-1-sd06_heatmap.png, Predicted: standup, Actual: sitdown
2024-07-09 13:34:21,420 - INFO - Image: zzy-2-2-4-1-1-sd07_heatmap.png, Predicted: standup, Actual: sitdown
2024-07-09 13:34:21,426 - INFO - Image: zzy-2-2-4-1-1-sd08_heatmap.png, Predicted: standup, Actual: sitdown
2024-07-09 13:34:21,431 - INFO - Image: zzy-2-2-4-1-1-sd09_heatmap.png, Predicted: standup, Actual: sitdown
2024-07-09 13:34:21,437 - INFO - Image: zzy-2-2-4-1-1-sd10_heatmap.png, Predicted: standup, Actual: sitdown
2024-07-09 13:34:21,442 - INFO - Image: zzy-2-2-4-1-1-sd11_heatmap.png, Predicted: standup, Actual: sitdown
2024-07-09 13:34:21,448 - INFO - Image: zzy-2-2-4-1-1-sd12_heatmap.png, Predicted: pickup, Actual: sitdown
2024-07-09 13:34:21,454 - INFO - Image: zzy-2-2-4-1-1-sd13_heatmap.png, Predicted: pickup, Actual: sitdown
2024-07-09 13:34:21,459 - INFO - Image: zzy-2-2-4-1-1-sd14_heatmap.png, Predicted: standup, Actual: sitdown
2024-07-09 13:34:21,465 - INFO - Image: zzy-2-2-4-1-1-sd15_heatmap.png, Predicted: standup, Actual: sitdown
2024-07-09 13:34:21,470 - INFO - Image: zzy-2-2-4-1-1-sd16_heatmap.png, Predicted: sitdown, Actual: sitdown
2024-07-09 13:34:21,476 - INFO - Image: zzy-2-2-4-1-1-sd17_heatmap.png, Predicted: standup, Actual: sitdown
2024-07-09 13:34:21,482 - INFO - Image: zzy-2-2-4-1-1-sd18_heatmap.png, Predicted: pickup, Actual: sitdown
2024-07-09 13:34:21,487 - INFO - Image: zzy-2-2-4-1-1-sd19_heatmap.png, Predicted: standup, Actual: sitdown
2024-07-09 13:34:21,493 - INFO - Image: zzy-2-2-4-1-1-sd20_heatmap.png, Predicted: standup, Actual: sitdown
2024-07-09 13:34:21,498 - INFO - Image: zzy-2-2-4-1-1-sd21_heatmap.png, Predicted: pickup, Actual: sitdown
2024-07-09 13:34:21,504 - INFO - Image: zzy-2-2-4-1-1-sd22_heatmap.png, Predicted: pickup, Actual: sitdown
2024-07-09 13:34:21,509 - INFO - Image: zzy-2-2-4-1-1-sd23_heatmap.png, Predicted: standup, Actual: sitdown
2024-07-09 13:34:21,515 - INFO - Image: zzy-2-2-4-1-1-sd24_heatmap.png, Predicted: pickup, Actual: sitdown
2024-07-09 13:34:21,520 - INFO - Image: zzy-2-2-4-1-1-sd25_heatmap.png, Predicted: standup, Actual: sitdown
2024-07-09 13:34:21,526 - INFO - Image: zzy-2-2-4-1-1-sd26_heatmap.png, Predicted: pickup, Actual: sitdown
2024-07-09 13:34:21,532 - INFO - Image: zzy-2-2-4-1-1-sd27_heatmap.png, Predicted: standup, Actual: sitdown
2024-07-09 13:34:21,537 - INFO - Image: zzy-2-2-4-1-1-sd28_heatmap.png, Predicted: standup, Actual: sitdown
2024-07-09 13:34:21,543 - INFO - Image: zzy-2-2-4-1-1-sd29_heatmap.png, Predicted: standup, Actual: sitdown
2024-07-09 13:34:21,548 - INFO - Image: zzy-2-2-4-1-1-sd30_heatmap.png, Predicted: standup, Actual: sitdown
2024-07-09 13:34:21,554 - INFO - Image: zwb-2-2-4-1-1-su61_heatmap.png, Predicted: standup, Actual: standup
2024-07-09 13:34:21,559 - INFO - Image: zwb-2-2-4-1-1-su62_heatmap.png, Predicted: standup, Actual: standup
2024-07-09 13:34:21,564 - INFO - Image: zwb-2-2-4-1-1-su63_heatmap.png, Predicted: standup, Actual: standup
2024-07-09 13:34:21,570 - INFO - Image: zwb-2-2-4-1-1-su64_heatmap.png, Predicted: standup, Actual: standup
2024-07-09 13:34:21,575 - INFO - Image: zwb-2-2-4-1-1-su65_heatmap.png, Predicted: standup, Actual: standup
2024-07-09 13:34:21,581 - INFO - Image: zwb-2-2-4-1-1-su66_heatmap.png, Predicted: standup, Actual: standup
2024-07-09 13:34:21,586 - INFO - Image: zwb-2-2-4-1-1-su67_heatmap.png, Predicted: standup, Actual: standup
2024-07-09 13:34:21,591 - INFO - Image: zwb-2-2-4-1-1-su68_heatmap.png, Predicted: standup, Actual: standup
2024-07-09 13:34:21,597 - INFO - Image: zwb-2-2-4-1-1-su69_heatmap.png, Predicted: standup, Actual: standup
2024-07-09 13:34:21,603 - INFO - Image: zwb-2-2-4-1-1-su70_heatmap.png, Predicted: standup, Actual: standup
2024-07-09 13:34:21,608 - INFO - Image: zwb-2-2-4-1-1-su71_heatmap.png, Predicted: standup, Actual: standup
2024-07-09 13:34:21,613 - INFO - Image: zwb-2-2-4-1-1-su72_heatmap.png, Predicted: standup, Actual: standup
2024-07-09 13:34:21,618 - INFO - Image: zwb-2-2-4-1-1-su73_heatmap.png, Predicted: kick, Actual: standup
2024-07-09 13:34:21,624 - INFO - Image: zwb-2-2-4-1-1-su74_heatmap.png, Predicted: standup, Actual: standup
2024-07-09 13:34:21,629 - INFO - Image: zwb-2-2-4-1-1-su75_heatmap.png, Predicted: standup, Actual: standup
2024-07-09 13:34:21,635 - INFO - Image: zwb-2-2-4-1-1-su76_heatmap.png, Predicted: standup, Actual: standup
2024-07-09 13:34:21,640 - INFO - Image: zwb-2-2-4-1-1-su77_heatmap.png, Predicted: standup, Actual: standup
2024-07-09 13:34:21,646 - INFO - Image: zwb-2-2-4-1-1-su78_heatmap.png, Predicted: standup, Actual: standup
2024-07-09 13:34:21,652 - INFO - Image: zwb-2-2-4-1-1-su79_heatmap.png, Predicted: standup, Actual: standup
2024-07-09 13:34:21,658 - INFO - Image: zwb-2-2-4-1-1-su80_heatmap.png, Predicted: standup, Actual: standup
2024-07-09 13:34:21,663 - INFO - Image: zzy-2-2-4-1-1-su01_heatmap.png, Predicted: standup, Actual: standup
2024-07-09 13:34:21,669 - INFO - Image: zzy-2-2-4-1-1-su02_heatmap.png, Predicted: kick, Actual: standup
2024-07-09 13:34:21,674 - INFO - Image: zzy-2-2-4-1-1-su03_heatmap.png, Predicted: run, Actual: standup
2024-07-09 13:34:21,680 - INFO - Image: zzy-2-2-4-1-1-su04_heatmap.png, Predicted: kick, Actual: standup
2024-07-09 13:34:21,687 - INFO - Image: zzy-2-2-4-1-1-su05_heatmap.png, Predicted: pickup, Actual: standup
2024-07-09 13:34:21,692 - INFO - Image: zzy-2-2-4-1-1-su06_heatmap.png, Predicted: pickup, Actual: standup
2024-07-09 13:34:21,698 - INFO - Image: zzy-2-2-4-1-1-su07_heatmap.png, Predicted: standup, Actual: standup
2024-07-09 13:34:21,704 - INFO - Image: zzy-2-2-4-1-1-su08_heatmap.png, Predicted: walk, Actual: standup
2024-07-09 13:34:21,709 - INFO - Image: zzy-2-2-4-1-1-su09_heatmap.png, Predicted: run, Actual: standup
2024-07-09 13:34:21,715 - INFO - Image: zzy-2-2-4-1-1-su10_heatmap.png, Predicted: kick, Actual: standup
2024-07-09 13:34:21,721 - INFO - Image: zzy-2-2-4-1-1-su11_heatmap.png, Predicted: run, Actual: standup
2024-07-09 13:34:21,726 - INFO - Image: zzy-2-2-4-1-1-su12_heatmap.png, Predicted: run, Actual: standup
2024-07-09 13:34:21,732 - INFO - Image: zzy-2-2-4-1-1-su13_heatmap.png, Predicted: run, Actual: standup
2024-07-09 13:34:21,738 - INFO - Image: zzy-2-2-4-1-1-su14_heatmap.png, Predicted: kick, Actual: standup
2024-07-09 13:34:21,744 - INFO - Image: zzy-2-2-4-1-1-su15_heatmap.png, Predicted: pickup, Actual: standup
2024-07-09 13:34:21,750 - INFO - Image: zzy-2-2-4-1-1-su16_heatmap.png, Predicted: standup, Actual: standup
2024-07-09 13:34:21,755 - INFO - Image: zzy-2-2-4-1-1-su17_heatmap.png, Predicted: run, Actual: standup
2024-07-09 13:34:21,761 - INFO - Image: zzy-2-2-4-1-1-su18_heatmap.png, Predicted: run, Actual: standup
2024-07-09 13:34:21,767 - INFO - Image: zzy-2-2-4-1-1-su19_heatmap.png, Predicted: run, Actual: standup
2024-07-09 13:34:21,772 - INFO - Image: zzy-2-2-4-1-1-su20_heatmap.png, Predicted: kick, Actual: standup
2024-07-09 13:34:21,778 - INFO - Image: zzy-2-2-4-1-1-su21_heatmap.png, Predicted: walk, Actual: standup
2024-07-09 13:34:21,784 - INFO - Image: zzy-2-2-4-1-1-su22_heatmap.png, Predicted: walk, Actual: standup
2024-07-09 13:34:21,790 - INFO - Image: zzy-2-2-4-1-1-su23_heatmap.png, Predicted: walk, Actual: standup
2024-07-09 13:34:21,795 - INFO - Image: zzy-2-2-4-1-1-su24_heatmap.png, Predicted: pickup, Actual: standup
2024-07-09 13:34:21,801 - INFO - Image: zzy-2-2-4-1-1-su25_heatmap.png, Predicted: run, Actual: standup
2024-07-09 13:34:21,807 - INFO - Image: zzy-2-2-4-1-1-su26_heatmap.png, Predicted: run, Actual: standup
2024-07-09 13:34:21,812 - INFO - Image: zzy-2-2-4-1-1-su27_heatmap.png, Predicted: kick, Actual: standup
2024-07-09 13:34:21,818 - INFO - Image: zzy-2-2-4-1-1-su28_heatmap.png, Predicted: pickup, Actual: standup
2024-07-09 13:34:21,823 - INFO - Image: zzy-2-2-4-1-1-su29_heatmap.png, Predicted: pickup, Actual: standup
2024-07-09 13:34:21,829 - INFO - Image: zzy-2-2-4-1-1-su30_heatmap.png, Predicted: run, Actual: standup
2024-07-09 13:34:21,834 - INFO - Image: zwb-2-2-4-1-1-w61_heatmap.png, Predicted: walk, Actual: walk
2024-07-09 13:34:21,839 - INFO - Image: zwb-2-2-4-1-1-w62_heatmap.png, Predicted: kick, Actual: walk
2024-07-09 13:34:21,845 - INFO - Image: zwb-2-2-4-1-1-w63_heatmap.png, Predicted: walk, Actual: walk
2024-07-09 13:34:21,851 - INFO - Image: zwb-2-2-4-1-1-w64_heatmap.png, Predicted: pickup, Actual: walk
2024-07-09 13:34:21,856 - INFO - Image: zwb-2-2-4-1-1-w65_heatmap.png, Predicted: walk, Actual: walk
2024-07-09 13:34:21,861 - INFO - Image: zwb-2-2-4-1-1-w66_heatmap.png, Predicted: run, Actual: walk
2024-07-09 13:34:21,866 - INFO - Image: zwb-2-2-4-1-1-w67_heatmap.png, Predicted: walk, Actual: walk
2024-07-09 13:34:21,872 - INFO - Image: zwb-2-2-4-1-1-w68_heatmap.png, Predicted: walk, Actual: walk
2024-07-09 13:34:21,877 - INFO - Image: zwb-2-2-4-1-1-w69_heatmap.png, Predicted: walk, Actual: walk
2024-07-09 13:34:21,883 - INFO - Image: zwb-2-2-4-1-1-w70_heatmap.png, Predicted: walk, Actual: walk
2024-07-09 13:34:21,888 - INFO - Image: zwb-2-2-4-1-1-w71_heatmap.png, Predicted: pickup, Actual: walk
2024-07-09 13:34:21,893 - INFO - Image: zwb-2-2-4-1-1-w72_heatmap.png, Predicted: run, Actual: walk
2024-07-09 13:34:21,899 - INFO - Image: zwb-2-2-4-1-1-w73_heatmap.png, Predicted: kick, Actual: walk
2024-07-09 13:34:21,904 - INFO - Image: zwb-2-2-4-1-1-w74_heatmap.png, Predicted: walk, Actual: walk
2024-07-09 13:34:21,910 - INFO - Image: zwb-2-2-4-1-1-w75_heatmap.png, Predicted: walk, Actual: walk
2024-07-09 13:34:21,916 - INFO - Image: zwb-2-2-4-1-1-w76_heatmap.png, Predicted: walk, Actual: walk
2024-07-09 13:34:21,921 - INFO - Image: zwb-2-2-4-1-1-w77_heatmap.png, Predicted: walk, Actual: walk
2024-07-09 13:34:21,927 - INFO - Image: zwb-2-2-4-1-1-w78_heatmap.png, Predicted: run, Actual: walk
2024-07-09 13:34:21,932 - INFO - Image: zwb-2-2-4-1-1-w79_heatmap.png, Predicted: walk, Actual: walk
2024-07-09 13:34:21,937 - INFO - Image: zwb-2-2-4-1-1-w80_heatmap.png, Predicted: walk, Actual: walk
2024-07-09 13:34:21,942 - INFO - Image: zzy-2-2-4-1-1-w01_heatmap.png, Predicted: run, Actual: walk
2024-07-09 13:34:21,947 - INFO - Image: zzy-2-2-4-1-1-w02_heatmap.png, Predicted: walk, Actual: walk
2024-07-09 13:34:21,953 - INFO - Image: zzy-2-2-4-1-1-w03_heatmap.png, Predicted: walk, Actual: walk
2024-07-09 13:34:21,958 - INFO - Image: zzy-2-2-4-1-1-w04_heatmap.png, Predicted: walk, Actual: walk
2024-07-09 13:34:21,963 - INFO - Image: zzy-2-2-4-1-1-w05_heatmap.png, Predicted: walk, Actual: walk
2024-07-09 13:34:21,968 - INFO - Image: zzy-2-2-4-1-1-w06_heatmap.png, Predicted: walk, Actual: walk
2024-07-09 13:34:21,974 - INFO - Image: zzy-2-2-4-1-1-w07_heatmap.png, Predicted: walk, Actual: walk
2024-07-09 13:34:21,979 - INFO - Image: zzy-2-2-4-1-1-w08_heatmap.png, Predicted: walk, Actual: walk
2024-07-09 13:34:21,984 - INFO - Image: zzy-2-2-4-1-1-w09_heatmap.png, Predicted: walk, Actual: walk
2024-07-09 13:34:21,989 - INFO - Image: zzy-2-2-4-1-1-w10_heatmap.png, Predicted: walk, Actual: walk
2024-07-09 13:34:21,995 - INFO - Image: zzy-2-2-4-1-1-w11_heatmap.png, Predicted: run, Actual: walk
2024-07-09 13:34:22,000 - INFO - Image: zzy-2-2-4-1-1-w12_heatmap.png, Predicted: pickup, Actual: walk
2024-07-09 13:34:22,006 - INFO - Image: zzy-2-2-4-1-1-w13_heatmap.png, Predicted: walk, Actual: walk
2024-07-09 13:34:22,011 - INFO - Image: zzy-2-2-4-1-1-w14_heatmap.png, Predicted: walk, Actual: walk
2024-07-09 13:34:22,016 - INFO - Image: zzy-2-2-4-1-1-w15_heatmap.png, Predicted: walk, Actual: walk
2024-07-09 13:34:22,022 - INFO - Image: zzy-2-2-4-1-1-w16_heatmap.png, Predicted: pickup, Actual: walk
2024-07-09 13:34:22,027 - INFO - Image: zzy-2-2-4-1-1-w17_heatmap.png, Predicted: walk, Actual: walk
2024-07-09 13:34:22,032 - INFO - Image: zzy-2-2-4-1-1-w18_heatmap.png, Predicted: walk, Actual: walk
2024-07-09 13:34:22,038 - INFO - Image: zzy-2-2-4-1-1-w19_heatmap.png, Predicted: walk, Actual: walk
2024-07-09 13:34:22,043 - INFO - Image: zzy-2-2-4-1-1-w20_heatmap.png, Predicted: pickup, Actual: walk
2024-07-09 13:34:22,048 - INFO - Image: zzy-2-2-4-1-1-w21_heatmap.png, Predicted: walk, Actual: walk
2024-07-09 13:34:22,053 - INFO - Image: zzy-2-2-4-1-1-w22_heatmap.png, Predicted: pickup, Actual: walk
2024-07-09 13:34:22,059 - INFO - Image: zzy-2-2-4-1-1-w23_heatmap.png, Predicted: run, Actual: walk
2024-07-09 13:34:22,064 - INFO - Image: zzy-2-2-4-1-1-w24_heatmap.png, Predicted: walk, Actual: walk
2024-07-09 13:34:22,069 - INFO - Image: zzy-2-2-4-1-1-w25_heatmap.png, Predicted: run, Actual: walk
2024-07-09 13:34:22,074 - INFO - Image: zzy-2-2-4-1-1-w26_heatmap.png, Predicted: walk, Actual: walk
2024-07-09 13:34:22,079 - INFO - Image: zzy-2-2-4-1-1-w27_heatmap.png, Predicted: run, Actual: walk
2024-07-09 13:34:22,084 - INFO - Image: zzy-2-2-4-1-1-w28_heatmap.png, Predicted: pickup, Actual: walk
2024-07-09 13:34:22,090 - INFO - Image: zzy-2-2-4-1-1-w29_heatmap.png, Predicted: walk, Actual: walk
2024-07-09 13:34:22,095 - INFO - Image: zzy-2-2-4-1-1-w30_heatmap.png, Predicted: walk, Actual: walk
2024-07-09 13:34:22,095 - INFO - Accuracy: 56.67%
2024-07-09 15:29:30,068 - INFO - Image: zwb-2-2-4-1-1-c61_heatmap.png, Predicted: clap, Actual: clap
2024-07-09 15:29:30,074 - INFO - Image: zwb-2-2-4-1-1-c62_heatmap.png, Predicted: clap, Actual: clap
2024-07-09 15:29:30,080 - INFO - Image: zwb-2-2-4-1-1-c63_heatmap.png, Predicted: clap, Actual: clap
2024-07-09 15:29:30,086 - INFO - Image: zwb-2-2-4-1-1-c64_heatmap.png, Predicted: clap, Actual: clap
2024-07-09 15:29:30,092 - INFO - Image: zwb-2-2-4-1-1-c65_heatmap.png, Predicted: clap, Actual: clap
2024-07-09 15:29:30,098 - INFO - Image: zwb-2-2-4-1-1-c66_heatmap.png, Predicted: clap, Actual: clap
2024-07-09 15:29:30,104 - INFO - Image: zwb-2-2-4-1-1-c67_heatmap.png, Predicted: clap, Actual: clap
2024-07-09 15:29:30,109 - INFO - Image: zwb-2-2-4-1-1-c68_heatmap.png, Predicted: clap, Actual: clap
2024-07-09 15:29:30,115 - INFO - Image: zwb-2-2-4-1-1-c69_heatmap.png, Predicted: clap, Actual: clap
2024-07-09 15:29:30,121 - INFO - Image: zwb-2-2-4-1-1-c70_heatmap.png, Predicted: clap, Actual: clap
2024-07-09 15:29:30,127 - INFO - Image: zwb-2-2-4-1-1-c71_heatmap.png, Predicted: clap, Actual: clap
2024-07-09 15:29:30,132 - INFO - Image: zwb-2-2-4-1-1-c72_heatmap.png, Predicted: clap, Actual: clap
2024-07-09 15:29:30,138 - INFO - Image: zwb-2-2-4-1-1-c73_heatmap.png, Predicted: clap, Actual: clap
2024-07-09 15:29:30,144 - INFO - Image: zwb-2-2-4-1-1-c74_heatmap.png, Predicted: sitdown, Actual: clap
2024-07-09 15:29:30,149 - INFO - Image: zwb-2-2-4-1-1-c75_heatmap.png, Predicted: clap, Actual: clap
2024-07-09 15:29:30,155 - INFO - Image: zwb-2-2-4-1-1-c76_heatmap.png, Predicted: clap, Actual: clap
2024-07-09 15:29:30,161 - INFO - Image: zwb-2-2-4-1-1-c77_heatmap.png, Predicted: clap, Actual: clap
2024-07-09 15:29:30,167 - INFO - Image: zwb-2-2-4-1-1-c78_heatmap.png, Predicted: clap, Actual: clap
2024-07-09 15:29:30,173 - INFO - Image: zwb-2-2-4-1-1-c79_heatmap.png, Predicted: clap, Actual: clap
2024-07-09 15:29:30,178 - INFO - Image: zwb-2-2-4-1-1-c80_heatmap.png, Predicted: clap, Actual: clap
2024-07-09 15:29:30,184 - INFO - Image: zzy-2-2-4-1-1-c01_heatmap.png, Predicted: clap, Actual: clap
2024-07-09 15:29:30,190 - INFO - Image: zzy-2-2-4-1-1-c02_heatmap.png, Predicted: standup, Actual: clap
2024-07-09 15:29:30,195 - INFO - Image: zzy-2-2-4-1-1-c03_heatmap.png, Predicted: kick, Actual: clap
2024-07-09 15:29:30,201 - INFO - Image: zzy-2-2-4-1-1-c04_heatmap.png, Predicted: wavehand, Actual: clap
2024-07-09 15:29:30,206 - INFO - Image: zzy-2-2-4-1-1-c05_heatmap.png, Predicted: clap, Actual: clap
2024-07-09 15:29:30,213 - INFO - Image: zzy-2-2-4-1-1-c06_heatmap.png, Predicted: clap, Actual: clap
2024-07-09 15:29:30,219 - INFO - Image: zzy-2-2-4-1-1-c07_heatmap.png, Predicted: clap, Actual: clap
2024-07-09 15:29:30,224 - INFO - Image: zzy-2-2-4-1-1-c08_heatmap.png, Predicted: sitdown, Actual: clap
2024-07-09 15:29:30,230 - INFO - Image: zzy-2-2-4-1-1-c09_heatmap.png, Predicted: sitdown, Actual: clap
2024-07-09 15:29:30,235 - INFO - Image: zzy-2-2-4-1-1-c10_heatmap.png, Predicted: clap, Actual: clap
2024-07-09 15:29:30,241 - INFO - Image: zzy-2-2-4-1-1-c11_heatmap.png, Predicted: sitdown, Actual: clap
2024-07-09 15:29:30,247 - INFO - Image: zzy-2-2-4-1-1-c12_heatmap.png, Predicted: standup, Actual: clap
2024-07-09 15:29:30,253 - INFO - Image: zzy-2-2-4-1-1-c13_heatmap.png, Predicted: clap, Actual: clap
2024-07-09 15:29:30,258 - INFO - Image: zzy-2-2-4-1-1-c14_heatmap.png, Predicted: sitdown, Actual: clap
2024-07-09 15:29:30,265 - INFO - Image: zzy-2-2-4-1-1-c15_heatmap.png, Predicted: wavehand, Actual: clap
2024-07-09 15:29:30,270 - INFO - Image: zzy-2-2-4-1-1-c16_heatmap.png, Predicted: kick, Actual: clap
2024-07-09 15:29:30,276 - INFO - Image: zzy-2-2-4-1-1-c17_heatmap.png, Predicted: kick, Actual: clap
2024-07-09 15:29:30,282 - INFO - Image: zzy-2-2-4-1-1-c18_heatmap.png, Predicted: standup, Actual: clap
2024-07-09 15:29:30,288 - INFO - Image: zzy-2-2-4-1-1-c19_heatmap.png, Predicted: sitdown, Actual: clap
2024-07-09 15:29:30,293 - INFO - Image: zzy-2-2-4-1-1-c20_heatmap.png, Predicted: clap, Actual: clap
2024-07-09 15:29:30,299 - INFO - Image: zzy-2-2-4-1-1-c21_heatmap.png, Predicted: pickup, Actual: clap
2024-07-09 15:29:30,304 - INFO - Image: zzy-2-2-4-1-1-c22_heatmap.png, Predicted: wavehand, Actual: clap
2024-07-09 15:29:30,310 - INFO - Image: zzy-2-2-4-1-1-c23_heatmap.png, Predicted: wavehand, Actual: clap
2024-07-09 15:29:30,315 - INFO - Image: zzy-2-2-4-1-1-c24_heatmap.png, Predicted: clap, Actual: clap
2024-07-09 15:29:30,321 - INFO - Image: zzy-2-2-4-1-1-c25_heatmap.png, Predicted: sitdown, Actual: clap
2024-07-09 15:29:30,327 - INFO - Image: zzy-2-2-4-1-1-c26_heatmap.png, Predicted: wavehand, Actual: clap
2024-07-09 15:29:30,332 - INFO - Image: zzy-2-2-4-1-1-c27_heatmap.png, Predicted: sitdown, Actual: clap
2024-07-09 15:29:30,338 - INFO - Image: zzy-2-2-4-1-1-c28_heatmap.png, Predicted: sitdown, Actual: clap
2024-07-09 15:29:30,344 - INFO - Image: zzy-2-2-4-1-1-c29_heatmap.png, Predicted: clap, Actual: clap
2024-07-09 15:29:30,349 - INFO - Image: zzy-2-2-4-1-1-c30_heatmap.png, Predicted: sitdown, Actual: clap
2024-07-09 15:29:30,355 - INFO - Image: zwb-2-2-4-1-1-p59_heatmap.png, Predicted: pickup, Actual: pickup
2024-07-09 15:29:30,360 - INFO - Image: zwb-2-2-4-1-1-p60_heatmap.png, Predicted: pickup, Actual: pickup
2024-07-09 15:29:30,366 - INFO - Image: zwb-2-2-4-1-1-p61_heatmap.png, Predicted: pickup, Actual: pickup
2024-07-09 15:29:30,372 - INFO - Image: zwb-2-2-4-1-1-p62_heatmap.png, Predicted: pickup, Actual: pickup
2024-07-09 15:29:30,377 - INFO - Image: zwb-2-2-4-1-1-p63_heatmap.png, Predicted: pickup, Actual: pickup
2024-07-09 15:29:30,383 - INFO - Image: zwb-2-2-4-1-1-p64_heatmap.png, Predicted: pickup, Actual: pickup
2024-07-09 15:29:30,388 - INFO - Image: zwb-2-2-4-1-1-p65_heatmap.png, Predicted: pickup, Actual: pickup
2024-07-09 15:29:30,393 - INFO - Image: zwb-2-2-4-1-1-p66_heatmap.png, Predicted: pickup, Actual: pickup
2024-07-09 15:29:30,399 - INFO - Image: zwb-2-2-4-1-1-p67_heatmap.png, Predicted: pickup, Actual: pickup
2024-07-09 15:29:30,404 - INFO - Image: zwb-2-2-4-1-1-p68_heatmap.png, Predicted: pickup, Actual: pickup
2024-07-09 15:29:30,409 - INFO - Image: zwb-2-2-4-1-1-p69_heatmap.png, Predicted: pickup, Actual: pickup
2024-07-09 15:29:30,415 - INFO - Image: zwb-2-2-4-1-1-p70_heatmap.png, Predicted: pickup, Actual: pickup
2024-07-09 15:29:30,420 - INFO - Image: zwb-2-2-4-1-1-p71_heatmap.png, Predicted: pickup, Actual: pickup
2024-07-09 15:29:30,426 - INFO - Image: zwb-2-2-4-1-1-p72_heatmap.png, Predicted: pickup, Actual: pickup
2024-07-09 15:29:30,431 - INFO - Image: zwb-2-2-4-1-1-p73_heatmap.png, Predicted: pickup, Actual: pickup
2024-07-09 15:29:30,437 - INFO - Image: zwb-2-2-4-1-1-p74_heatmap.png, Predicted: pickup, Actual: pickup
2024-07-09 15:29:30,442 - INFO - Image: zwb-2-2-4-1-1-p75_heatmap.png, Predicted: pickup, Actual: pickup
2024-07-09 15:29:30,448 - INFO - Image: zwb-2-2-4-1-1-p76_heatmap.png, Predicted: standup, Actual: pickup
2024-07-09 15:29:30,453 - INFO - Image: zwb-2-2-4-1-1-p77_heatmap.png, Predicted: pickup, Actual: pickup
2024-07-09 15:29:30,459 - INFO - Image: zwb-2-2-4-1-1-p78_heatmap.png, Predicted: pickup, Actual: pickup
2024-07-09 15:29:30,465 - INFO - Image: zwb-2-2-4-1-1-p79_heatmap.png, Predicted: pickup, Actual: pickup
2024-07-09 15:29:30,470 - INFO - Image: zwb-2-2-4-1-1-p80_heatmap.png, Predicted: pickup, Actual: pickup
2024-07-09 15:29:30,476 - INFO - Image: zzy-2-2-4-1-1-p01_heatmap.png, Predicted: kick, Actual: pickup
2024-07-09 15:29:30,482 - INFO - Image: zzy-2-2-4-1-1-p02_heatmap.png, Predicted: walk, Actual: pickup
2024-07-09 15:29:30,488 - INFO - Image: zzy-2-2-4-1-1-p03_heatmap.png, Predicted: pickup, Actual: pickup
2024-07-09 15:29:30,494 - INFO - Image: zzy-2-2-4-1-1-p04_heatmap.png, Predicted: standup, Actual: pickup
2024-07-09 15:29:30,499 - INFO - Image: zzy-2-2-4-1-1-p05_heatmap.png, Predicted: walk, Actual: pickup
2024-07-09 15:29:30,505 - INFO - Image: zzy-2-2-4-1-1-p06_heatmap.png, Predicted: walk, Actual: pickup
2024-07-09 15:29:30,510 - INFO - Image: zzy-2-2-4-1-1-p07_heatmap.png, Predicted: pickup, Actual: pickup
2024-07-09 15:29:30,516 - INFO - Image: zzy-2-2-4-1-1-p08_heatmap.png, Predicted: pickup, Actual: pickup
2024-07-09 15:29:30,521 - INFO - Image: zzy-2-2-4-1-1-p09_heatmap.png, Predicted: walk, Actual: pickup
2024-07-09 15:29:30,527 - INFO - Image: zzy-2-2-4-1-1-p10_heatmap.png, Predicted: walk, Actual: pickup
2024-07-09 15:29:30,532 - INFO - Image: zzy-2-2-4-1-1-p11_heatmap.png, Predicted: standup, Actual: pickup
2024-07-09 15:29:30,538 - INFO - Image: zzy-2-2-4-1-1-p12_heatmap.png, Predicted: standup, Actual: pickup
2024-07-09 15:29:30,544 - INFO - Image: zzy-2-2-4-1-1-p13_heatmap.png, Predicted: standup, Actual: pickup
2024-07-09 15:29:30,550 - INFO - Image: zzy-2-2-4-1-1-p14_heatmap.png, Predicted: kick, Actual: pickup
2024-07-09 15:29:30,556 - INFO - Image: zzy-2-2-4-1-1-p15_heatmap.png, Predicted: kick, Actual: pickup
2024-07-09 15:29:30,561 - INFO - Image: zzy-2-2-4-1-1-p16_heatmap.png, Predicted: pickup, Actual: pickup
2024-07-09 15:29:30,567 - INFO - Image: zzy-2-2-4-1-1-p17_heatmap.png, Predicted: kick, Actual: pickup
2024-07-09 15:29:30,573 - INFO - Image: zzy-2-2-4-1-1-p18_heatmap.png, Predicted: kick, Actual: pickup
2024-07-09 15:29:30,579 - INFO - Image: zzy-2-2-4-1-1-p19_heatmap.png, Predicted: sitdown, Actual: pickup
2024-07-09 15:29:30,584 - INFO - Image: zzy-2-2-4-1-1-p20_heatmap.png, Predicted: kick, Actual: pickup
2024-07-09 15:29:30,590 - INFO - Image: zzy-2-2-4-1-1-p21_heatmap.png, Predicted: kick, Actual: pickup
2024-07-09 15:29:30,596 - INFO - Image: zzy-2-2-4-1-1-p22_heatmap.png, Predicted: kick, Actual: pickup
2024-07-09 15:29:30,601 - INFO - Image: zzy-2-2-4-1-1-p23_heatmap.png, Predicted: kick, Actual: pickup
2024-07-09 15:29:30,607 - INFO - Image: zzy-2-2-4-1-1-p24_heatmap.png, Predicted: kick, Actual: pickup
2024-07-09 15:29:30,612 - INFO - Image: zzy-2-2-4-1-1-p25_heatmap.png, Predicted: kick, Actual: pickup
2024-07-09 15:29:30,618 - INFO - Image: zzy-2-2-4-1-1-p26_heatmap.png, Predicted: kick, Actual: pickup
2024-07-09 15:29:30,624 - INFO - Image: zzy-2-2-4-1-1-p27_heatmap.png, Predicted: kick, Actual: pickup
2024-07-09 15:29:30,630 - INFO - Image: zzy-2-2-4-1-1-p28_heatmap.png, Predicted: sitdown, Actual: pickup
2024-07-09 15:29:30,635 - INFO - Image: zwb-2-2-4-1-1-r61_heatmap.png, Predicted: run, Actual: run
2024-07-09 15:29:30,642 - INFO - Image: zwb-2-2-4-1-1-r62_heatmap.png, Predicted: run, Actual: run
2024-07-09 15:29:30,647 - INFO - Image: zwb-2-2-4-1-1-r63_heatmap.png, Predicted: run, Actual: run
2024-07-09 15:29:30,653 - INFO - Image: zwb-2-2-4-1-1-r64_heatmap.png, Predicted: run, Actual: run
2024-07-09 15:29:30,658 - INFO - Image: zwb-2-2-4-1-1-r65_heatmap.png, Predicted: run, Actual: run
2024-07-09 15:29:30,663 - INFO - Image: zwb-2-2-4-1-1-r66_heatmap.png, Predicted: run, Actual: run
2024-07-09 15:29:30,669 - INFO - Image: zwb-2-2-4-1-1-r67_heatmap.png, Predicted: run, Actual: run
2024-07-09 15:29:30,674 - INFO - Image: zwb-2-2-4-1-1-r68_heatmap.png, Predicted: run, Actual: run
2024-07-09 15:29:30,679 - INFO - Image: zwb-2-2-4-1-1-r69_heatmap.png, Predicted: run, Actual: run
2024-07-09 15:29:30,685 - INFO - Image: zwb-2-2-4-1-1-r70_heatmap.png, Predicted: run, Actual: run
2024-07-09 15:29:30,692 - INFO - Image: zwb-2-2-4-1-1-r71_heatmap.png, Predicted: run, Actual: run
2024-07-09 15:29:30,697 - INFO - Image: zwb-2-2-4-1-1-r72_heatmap.png, Predicted: run, Actual: run
2024-07-09 15:29:30,703 - INFO - Image: zwb-2-2-4-1-1-r73_heatmap.png, Predicted: run, Actual: run
2024-07-09 15:29:30,708 - INFO - Image: zwb-2-2-4-1-1-r74_heatmap.png, Predicted: run, Actual: run
2024-07-09 15:29:30,714 - INFO - Image: zwb-2-2-4-1-1-r75_heatmap.png, Predicted: run, Actual: run
2024-07-09 15:29:30,720 - INFO - Image: zwb-2-2-4-1-1-r76_heatmap.png, Predicted: run, Actual: run
2024-07-09 15:29:30,725 - INFO - Image: zwb-2-2-4-1-1-r77_heatmap.png, Predicted: run, Actual: run
2024-07-09 15:29:30,730 - INFO - Image: zwb-2-2-4-1-1-r78_heatmap.png, Predicted: run, Actual: run
2024-07-09 15:29:30,736 - INFO - Image: zwb-2-2-4-1-1-r79_heatmap.png, Predicted: run, Actual: run
2024-07-09 15:29:30,741 - INFO - Image: zwb-2-2-4-1-1-r80_heatmap.png, Predicted: run, Actual: run
2024-07-09 15:29:30,747 - INFO - Image: zzy-2-2-4-1-1-r01_heatmap.png, Predicted: kick, Actual: run
2024-07-09 15:29:30,753 - INFO - Image: zzy-2-2-4-1-1-r02_heatmap.png, Predicted: clap, Actual: run
2024-07-09 15:29:30,759 - INFO - Image: zzy-2-2-4-1-1-r03_heatmap.png, Predicted: sitdown, Actual: run
2024-07-09 15:29:30,764 - INFO - Image: zzy-2-2-4-1-1-r04_heatmap.png, Predicted: standup, Actual: run
2024-07-09 15:29:30,769 - INFO - Image: zzy-2-2-4-1-1-r05_heatmap.png, Predicted: run, Actual: run
2024-07-09 15:29:30,775 - INFO - Image: zzy-2-2-4-1-1-r06_heatmap.png, Predicted: standup, Actual: run
2024-07-09 15:29:30,780 - INFO - Image: zzy-2-2-4-1-1-r07_heatmap.png, Predicted: clap, Actual: run
2024-07-09 15:29:30,786 - INFO - Image: zzy-2-2-4-1-1-r08_heatmap.png, Predicted: standup, Actual: run
2024-07-09 15:29:30,791 - INFO - Image: zzy-2-2-4-1-1-r09_heatmap.png, Predicted: run, Actual: run
2024-07-09 15:29:30,796 - INFO - Image: zzy-2-2-4-1-1-r10_heatmap.png, Predicted: run, Actual: run
2024-07-09 15:29:30,802 - INFO - Image: zzy-2-2-4-1-1-r11_heatmap.png, Predicted: kick, Actual: run
2024-07-09 15:29:30,807 - INFO - Image: zzy-2-2-4-1-1-r12_heatmap.png, Predicted: pickup, Actual: run
2024-07-09 15:29:30,812 - INFO - Image: zzy-2-2-4-1-1-r13_heatmap.png, Predicted: clap, Actual: run
2024-07-09 15:29:30,818 - INFO - Image: zzy-2-2-4-1-1-r14_heatmap.png, Predicted: clap, Actual: run
2024-07-09 15:29:30,823 - INFO - Image: zzy-2-2-4-1-1-r15_heatmap.png, Predicted: run, Actual: run
2024-07-09 15:29:30,829 - INFO - Image: zzy-2-2-4-1-1-r16_heatmap.png, Predicted: kick, Actual: run
2024-07-09 15:29:30,834 - INFO - Image: zzy-2-2-4-1-1-r17_heatmap.png, Predicted: run, Actual: run
2024-07-09 15:29:30,840 - INFO - Image: zzy-2-2-4-1-1-r18_heatmap.png, Predicted: kick, Actual: run
2024-07-09 15:29:30,845 - INFO - Image: zzy-2-2-4-1-1-r19_heatmap.png, Predicted: run, Actual: run
2024-07-09 15:29:30,851 - INFO - Image: zzy-2-2-4-1-1-r20_heatmap.png, Predicted: walk, Actual: run
2024-07-09 15:29:30,856 - INFO - Image: zzy-2-2-4-1-1-r21_heatmap.png, Predicted: pickup, Actual: run
2024-07-09 15:29:30,861 - INFO - Image: zzy-2-2-4-1-1-r22_heatmap.png, Predicted: kick, Actual: run
2024-07-09 15:29:30,867 - INFO - Image: zzy-2-2-4-1-1-r23_heatmap.png, Predicted: run, Actual: run
2024-07-09 15:29:30,872 - INFO - Image: zzy-2-2-4-1-1-r24_heatmap.png, Predicted: kick, Actual: run
2024-07-09 15:29:30,878 - INFO - Image: zzy-2-2-4-1-1-r25_heatmap.png, Predicted: kick, Actual: run
2024-07-09 15:29:30,883 - INFO - Image: zzy-2-2-4-1-1-r26_heatmap.png, Predicted: standup, Actual: run
2024-07-09 15:29:30,889 - INFO - Image: zzy-2-2-4-1-1-r27_heatmap.png, Predicted: pickup, Actual: run
2024-07-09 15:29:30,894 - INFO - Image: zzy-2-2-4-1-1-r28_heatmap.png, Predicted: clap, Actual: run
2024-07-09 15:29:30,900 - INFO - Image: zzy-2-2-4-1-1-r29_heatmap.png, Predicted: kick, Actual: run
2024-07-09 15:29:30,905 - INFO - Image: zzy-2-2-4-1-1-r30_heatmap.png, Predicted: walk, Actual: run
2024-07-09 15:29:30,911 - INFO - Image: zwb-2-2-4-1-1-sd61_heatmap.png, Predicted: sitdown, Actual: sitdown
2024-07-09 15:29:30,917 - INFO - Image: zwb-2-2-4-1-1-sd62_heatmap.png, Predicted: sitdown, Actual: sitdown
2024-07-09 15:29:30,923 - INFO - Image: zwb-2-2-4-1-1-sd63_heatmap.png, Predicted: sitdown, Actual: sitdown
2024-07-09 15:29:30,928 - INFO - Image: zwb-2-2-4-1-1-sd64_heatmap.png, Predicted: sitdown, Actual: sitdown
2024-07-09 15:29:30,934 - INFO - Image: zwb-2-2-4-1-1-sd65_heatmap.png, Predicted: sitdown, Actual: sitdown
2024-07-09 15:29:30,939 - INFO - Image: zwb-2-2-4-1-1-sd66_heatmap.png, Predicted: sitdown, Actual: sitdown
2024-07-09 15:29:30,945 - INFO - Image: zwb-2-2-4-1-1-sd67_heatmap.png, Predicted: sitdown, Actual: sitdown
2024-07-09 15:29:30,951 - INFO - Image: zwb-2-2-4-1-1-sd68_heatmap.png, Predicted: kick, Actual: sitdown
2024-07-09 15:29:30,956 - INFO - Image: zwb-2-2-4-1-1-sd69_heatmap.png, Predicted: sitdown, Actual: sitdown
2024-07-09 15:29:30,962 - INFO - Image: zwb-2-2-4-1-1-sd70_heatmap.png, Predicted: sitdown, Actual: sitdown
2024-07-09 15:29:30,968 - INFO - Image: zwb-2-2-4-1-1-sd71_heatmap.png, Predicted: sitdown, Actual: sitdown
2024-07-09 15:29:30,974 - INFO - Image: zwb-2-2-4-1-1-sd72_heatmap.png, Predicted: clap, Actual: sitdown
2024-07-09 15:29:30,979 - INFO - Image: zwb-2-2-4-1-1-sd73_heatmap.png, Predicted: sitdown, Actual: sitdown
2024-07-09 15:29:30,985 - INFO - Image: zwb-2-2-4-1-1-sd74_heatmap.png, Predicted: clap, Actual: sitdown
2024-07-09 15:29:30,991 - INFO - Image: zwb-2-2-4-1-1-sd75_heatmap.png, Predicted: sitdown, Actual: sitdown
2024-07-09 15:29:30,997 - INFO - Image: zwb-2-2-4-1-1-sd76_heatmap.png, Predicted: wavehand, Actual: sitdown
2024-07-09 15:29:31,003 - INFO - Image: zwb-2-2-4-1-1-sd77_heatmap.png, Predicted: sitdown, Actual: sitdown
2024-07-09 15:29:31,008 - INFO - Image: zwb-2-2-4-1-1-sd78_heatmap.png, Predicted: clap, Actual: sitdown
2024-07-09 15:29:31,014 - INFO - Image: zwb-2-2-4-1-1-sd79_heatmap.png, Predicted: clap, Actual: sitdown
2024-07-09 15:29:31,020 - INFO - Image: zwb-2-2-4-1-1-sd80_heatmap.png, Predicted: clap, Actual: sitdown
2024-07-09 15:29:31,025 - INFO - Image: zzy-2-2-4-1-1-sd01_heatmap.png, Predicted: pickup, Actual: sitdown
2024-07-09 15:29:31,031 - INFO - Image: zzy-2-2-4-1-1-sd02_heatmap.png, Predicted: standup, Actual: sitdown
2024-07-09 15:29:31,036 - INFO - Image: zzy-2-2-4-1-1-sd03_heatmap.png, Predicted: pickup, Actual: sitdown
2024-07-09 15:29:31,042 - INFO - Image: zzy-2-2-4-1-1-sd04_heatmap.png, Predicted: standup, Actual: sitdown
2024-07-09 15:29:31,047 - INFO - Image: zzy-2-2-4-1-1-sd05_heatmap.png, Predicted: standup, Actual: sitdown
2024-07-09 15:29:31,053 - INFO - Image: zzy-2-2-4-1-1-sd06_heatmap.png, Predicted: standup, Actual: sitdown
2024-07-09 15:29:31,059 - INFO - Image: zzy-2-2-4-1-1-sd07_heatmap.png, Predicted: standup, Actual: sitdown
2024-07-09 15:29:31,065 - INFO - Image: zzy-2-2-4-1-1-sd08_heatmap.png, Predicted: standup, Actual: sitdown
2024-07-09 15:29:31,070 - INFO - Image: zzy-2-2-4-1-1-sd09_heatmap.png, Predicted: standup, Actual: sitdown
2024-07-09 15:29:31,076 - INFO - Image: zzy-2-2-4-1-1-sd10_heatmap.png, Predicted: standup, Actual: sitdown
2024-07-09 15:29:31,082 - INFO - Image: zzy-2-2-4-1-1-sd11_heatmap.png, Predicted: standup, Actual: sitdown
2024-07-09 15:29:31,088 - INFO - Image: zzy-2-2-4-1-1-sd12_heatmap.png, Predicted: standup, Actual: sitdown
2024-07-09 15:29:31,094 - INFO - Image: zzy-2-2-4-1-1-sd13_heatmap.png, Predicted: standup, Actual: sitdown
2024-07-09 15:29:31,099 - INFO - Image: zzy-2-2-4-1-1-sd14_heatmap.png, Predicted: standup, Actual: sitdown
2024-07-09 15:29:31,105 - INFO - Image: zzy-2-2-4-1-1-sd15_heatmap.png, Predicted: pickup, Actual: sitdown
2024-07-09 15:29:31,111 - INFO - Image: zzy-2-2-4-1-1-sd16_heatmap.png, Predicted: standup, Actual: sitdown
2024-07-09 15:29:31,117 - INFO - Image: zzy-2-2-4-1-1-sd17_heatmap.png, Predicted: standup, Actual: sitdown
2024-07-09 15:29:31,122 - INFO - Image: zzy-2-2-4-1-1-sd18_heatmap.png, Predicted: pickup, Actual: sitdown
2024-07-09 15:29:31,128 - INFO - Image: zzy-2-2-4-1-1-sd19_heatmap.png, Predicted: standup, Actual: sitdown
2024-07-09 15:29:31,133 - INFO - Image: zzy-2-2-4-1-1-sd20_heatmap.png, Predicted: standup, Actual: sitdown
2024-07-09 15:29:31,139 - INFO - Image: zzy-2-2-4-1-1-sd21_heatmap.png, Predicted: standup, Actual: sitdown
2024-07-09 15:29:31,144 - INFO - Image: zzy-2-2-4-1-1-sd22_heatmap.png, Predicted: pickup, Actual: sitdown
2024-07-09 15:29:31,150 - INFO - Image: zzy-2-2-4-1-1-sd23_heatmap.png, Predicted: standup, Actual: sitdown
2024-07-09 15:29:31,156 - INFO - Image: zzy-2-2-4-1-1-sd24_heatmap.png, Predicted: standup, Actual: sitdown
2024-07-09 15:29:31,162 - INFO - Image: zzy-2-2-4-1-1-sd25_heatmap.png, Predicted: standup, Actual: sitdown
2024-07-09 15:29:31,167 - INFO - Image: zzy-2-2-4-1-1-sd26_heatmap.png, Predicted: standup, Actual: sitdown
2024-07-09 15:29:31,173 - INFO - Image: zzy-2-2-4-1-1-sd27_heatmap.png, Predicted: standup, Actual: sitdown
2024-07-09 15:29:31,179 - INFO - Image: zzy-2-2-4-1-1-sd28_heatmap.png, Predicted: standup, Actual: sitdown
2024-07-09 15:29:31,184 - INFO - Image: zzy-2-2-4-1-1-sd29_heatmap.png, Predicted: standup, Actual: sitdown
2024-07-09 15:29:31,190 - INFO - Image: zzy-2-2-4-1-1-sd30_heatmap.png, Predicted: standup, Actual: sitdown
2024-07-09 15:29:31,195 - INFO - Image: zwb-2-2-4-1-1-su61_heatmap.png, Predicted: standup, Actual: standup
2024-07-09 15:29:31,201 - INFO - Image: zwb-2-2-4-1-1-su62_heatmap.png, Predicted: standup, Actual: standup
2024-07-09 15:29:31,206 - INFO - Image: zwb-2-2-4-1-1-su63_heatmap.png, Predicted: standup, Actual: standup
2024-07-09 15:29:31,212 - INFO - Image: zwb-2-2-4-1-1-su64_heatmap.png, Predicted: standup, Actual: standup
2024-07-09 15:29:31,218 - INFO - Image: zwb-2-2-4-1-1-su65_heatmap.png, Predicted: standup, Actual: standup
2024-07-09 15:29:31,223 - INFO - Image: zwb-2-2-4-1-1-su66_heatmap.png, Predicted: standup, Actual: standup
2024-07-09 15:29:31,229 - INFO - Image: zwb-2-2-4-1-1-su67_heatmap.png, Predicted: standup, Actual: standup
2024-07-09 15:29:31,234 - INFO - Image: zwb-2-2-4-1-1-su68_heatmap.png, Predicted: standup, Actual: standup
2024-07-09 15:29:31,240 - INFO - Image: zwb-2-2-4-1-1-su69_heatmap.png, Predicted: standup, Actual: standup
2024-07-09 15:29:31,246 - INFO - Image: zwb-2-2-4-1-1-su70_heatmap.png, Predicted: standup, Actual: standup
2024-07-09 15:29:31,251 - INFO - Image: zwb-2-2-4-1-1-su71_heatmap.png, Predicted: standup, Actual: standup
2024-07-09 15:29:31,257 - INFO - Image: zwb-2-2-4-1-1-su72_heatmap.png, Predicted: standup, Actual: standup
2024-07-09 15:29:31,262 - INFO - Image: zwb-2-2-4-1-1-su73_heatmap.png, Predicted: kick, Actual: standup
2024-07-09 15:29:31,268 - INFO - Image: zwb-2-2-4-1-1-su74_heatmap.png, Predicted: standup, Actual: standup
2024-07-09 15:29:31,273 - INFO - Image: zwb-2-2-4-1-1-su75_heatmap.png, Predicted: standup, Actual: standup
2024-07-09 15:29:31,278 - INFO - Image: zwb-2-2-4-1-1-su76_heatmap.png, Predicted: standup, Actual: standup
2024-07-09 15:29:31,284 - INFO - Image: zwb-2-2-4-1-1-su77_heatmap.png, Predicted: standup, Actual: standup
2024-07-09 15:29:31,290 - INFO - Image: zwb-2-2-4-1-1-su78_heatmap.png, Predicted: standup, Actual: standup
2024-07-09 15:29:31,295 - INFO - Image: zwb-2-2-4-1-1-su79_heatmap.png, Predicted: standup, Actual: standup
2024-07-09 15:29:31,301 - INFO - Image: zwb-2-2-4-1-1-su80_heatmap.png, Predicted: standup, Actual: standup
2024-07-09 15:29:31,307 - INFO - Image: zzy-2-2-4-1-1-su01_heatmap.png, Predicted: walk, Actual: standup
2024-07-09 15:29:31,312 - INFO - Image: zzy-2-2-4-1-1-su02_heatmap.png, Predicted: kick, Actual: standup
2024-07-09 15:29:31,318 - INFO - Image: zzy-2-2-4-1-1-su03_heatmap.png, Predicted: kick, Actual: standup
2024-07-09 15:29:31,324 - INFO - Image: zzy-2-2-4-1-1-su04_heatmap.png, Predicted: kick, Actual: standup
2024-07-09 15:29:31,330 - INFO - Image: zzy-2-2-4-1-1-su05_heatmap.png, Predicted: pickup, Actual: standup
2024-07-09 15:29:31,336 - INFO - Image: zzy-2-2-4-1-1-su06_heatmap.png, Predicted: pickup, Actual: standup
2024-07-09 15:29:31,342 - INFO - Image: zzy-2-2-4-1-1-su07_heatmap.png, Predicted: standup, Actual: standup
2024-07-09 15:29:31,347 - INFO - Image: zzy-2-2-4-1-1-su08_heatmap.png, Predicted: pickup, Actual: standup
2024-07-09 15:29:31,354 - INFO - Image: zzy-2-2-4-1-1-su09_heatmap.png, Predicted: standup, Actual: standup
2024-07-09 15:29:31,359 - INFO - Image: zzy-2-2-4-1-1-su10_heatmap.png, Predicted: kick, Actual: standup
2024-07-09 15:29:31,365 - INFO - Image: zzy-2-2-4-1-1-su11_heatmap.png, Predicted: standup, Actual: standup
2024-07-09 15:29:31,371 - INFO - Image: zzy-2-2-4-1-1-su12_heatmap.png, Predicted: pickup, Actual: standup
2024-07-09 15:29:31,377 - INFO - Image: zzy-2-2-4-1-1-su13_heatmap.png, Predicted: walk, Actual: standup
2024-07-09 15:29:31,383 - INFO - Image: zzy-2-2-4-1-1-su14_heatmap.png, Predicted: pickup, Actual: standup
2024-07-09 15:29:31,389 - INFO - Image: zzy-2-2-4-1-1-su15_heatmap.png, Predicted: pickup, Actual: standup
2024-07-09 15:29:31,394 - INFO - Image: zzy-2-2-4-1-1-su16_heatmap.png, Predicted: standup, Actual: standup
2024-07-09 15:29:31,400 - INFO - Image: zzy-2-2-4-1-1-su17_heatmap.png, Predicted: pickup, Actual: standup
2024-07-09 15:29:31,406 - INFO - Image: zzy-2-2-4-1-1-su18_heatmap.png, Predicted: pickup, Actual: standup
2024-07-09 15:29:31,411 - INFO - Image: zzy-2-2-4-1-1-su19_heatmap.png, Predicted: standup, Actual: standup
2024-07-09 15:29:31,417 - INFO - Image: zzy-2-2-4-1-1-su20_heatmap.png, Predicted: kick, Actual: standup
2024-07-09 15:29:31,423 - INFO - Image: zzy-2-2-4-1-1-su21_heatmap.png, Predicted: run, Actual: standup
2024-07-09 15:29:31,429 - INFO - Image: zzy-2-2-4-1-1-su22_heatmap.png, Predicted: kick, Actual: standup
2024-07-09 15:29:31,434 - INFO - Image: zzy-2-2-4-1-1-su23_heatmap.png, Predicted: kick, Actual: standup
2024-07-09 15:29:31,440 - INFO - Image: zzy-2-2-4-1-1-su24_heatmap.png, Predicted: pickup, Actual: standup
2024-07-09 15:29:31,446 - INFO - Image: zzy-2-2-4-1-1-su25_heatmap.png, Predicted: standup, Actual: standup
2024-07-09 15:29:31,451 - INFO - Image: zzy-2-2-4-1-1-su26_heatmap.png, Predicted: kick, Actual: standup
2024-07-09 15:29:31,457 - INFO - Image: zzy-2-2-4-1-1-su27_heatmap.png, Predicted: standup, Actual: standup
2024-07-09 15:29:31,463 - INFO - Image: zzy-2-2-4-1-1-su28_heatmap.png, Predicted: sitdown, Actual: standup
2024-07-09 15:29:31,469 - INFO - Image: zzy-2-2-4-1-1-su29_heatmap.png, Predicted: clap, Actual: standup
2024-07-09 15:29:31,474 - INFO - Image: zzy-2-2-4-1-1-su30_heatmap.png, Predicted: standup, Actual: standup
2024-07-09 15:29:31,480 - INFO - Image: zwb-2-2-4-1-1-w61_heatmap.png, Predicted: walk, Actual: walk
2024-07-09 15:29:31,486 - INFO - Image: zwb-2-2-4-1-1-w62_heatmap.png, Predicted: walk, Actual: walk
2024-07-09 15:29:31,492 - INFO - Image: zwb-2-2-4-1-1-w63_heatmap.png, Predicted: walk, Actual: walk
2024-07-09 15:29:31,498 - INFO - Image: zwb-2-2-4-1-1-w64_heatmap.png, Predicted: wavehand, Actual: walk
2024-07-09 15:29:31,503 - INFO - Image: zwb-2-2-4-1-1-w65_heatmap.png, Predicted: walk, Actual: walk
2024-07-09 15:29:31,509 - INFO - Image: zwb-2-2-4-1-1-w66_heatmap.png, Predicted: run, Actual: walk
2024-07-09 15:29:31,514 - INFO - Image: zwb-2-2-4-1-1-w67_heatmap.png, Predicted: sitdown, Actual: walk
2024-07-09 15:29:31,520 - INFO - Image: zwb-2-2-4-1-1-w68_heatmap.png, Predicted: walk, Actual: walk
2024-07-09 15:29:31,525 - INFO - Image: zwb-2-2-4-1-1-w69_heatmap.png, Predicted: sitdown, Actual: walk
2024-07-09 15:29:31,531 - INFO - Image: zwb-2-2-4-1-1-w70_heatmap.png, Predicted: walk, Actual: walk
2024-07-09 15:29:31,536 - INFO - Image: zwb-2-2-4-1-1-w71_heatmap.png, Predicted: walk, Actual: walk
2024-07-09 15:29:31,542 - INFO - Image: zwb-2-2-4-1-1-w72_heatmap.png, Predicted: walk, Actual: walk
2024-07-09 15:29:31,548 - INFO - Image: zwb-2-2-4-1-1-w73_heatmap.png, Predicted: walk, Actual: walk
2024-07-09 15:29:31,554 - INFO - Image: zwb-2-2-4-1-1-w74_heatmap.png, Predicted: walk, Actual: walk
2024-07-09 15:29:31,559 - INFO - Image: zwb-2-2-4-1-1-w75_heatmap.png, Predicted: walk, Actual: walk
2024-07-09 15:29:31,565 - INFO - Image: zwb-2-2-4-1-1-w76_heatmap.png, Predicted: walk, Actual: walk
2024-07-09 15:29:31,571 - INFO - Image: zwb-2-2-4-1-1-w77_heatmap.png, Predicted: sitdown, Actual: walk
2024-07-09 15:29:31,576 - INFO - Image: zwb-2-2-4-1-1-w78_heatmap.png, Predicted: sitdown, Actual: walk
2024-07-09 15:29:31,581 - INFO - Image: zwb-2-2-4-1-1-w79_heatmap.png, Predicted: walk, Actual: walk
2024-07-09 15:29:31,586 - INFO - Image: zwb-2-2-4-1-1-w80_heatmap.png, Predicted: walk, Actual: walk
2024-07-09 15:29:31,592 - INFO - Image: zzy-2-2-4-1-1-w01_heatmap.png, Predicted: run, Actual: walk
2024-07-09 15:29:31,598 - INFO - Image: zzy-2-2-4-1-1-w02_heatmap.png, Predicted: walk, Actual: walk
2024-07-09 15:29:31,603 - INFO - Image: zzy-2-2-4-1-1-w03_heatmap.png, Predicted: walk, Actual: walk
2024-07-09 15:29:31,608 - INFO - Image: zzy-2-2-4-1-1-w04_heatmap.png, Predicted: walk, Actual: walk
2024-07-09 15:29:31,614 - INFO - Image: zzy-2-2-4-1-1-w05_heatmap.png, Predicted: walk, Actual: walk
2024-07-09 15:29:31,619 - INFO - Image: zzy-2-2-4-1-1-w06_heatmap.png, Predicted: walk, Actual: walk
2024-07-09 15:29:31,625 - INFO - Image: zzy-2-2-4-1-1-w07_heatmap.png, Predicted: walk, Actual: walk
2024-07-09 15:29:31,630 - INFO - Image: zzy-2-2-4-1-1-w08_heatmap.png, Predicted: walk, Actual: walk
2024-07-09 15:29:31,636 - INFO - Image: zzy-2-2-4-1-1-w09_heatmap.png, Predicted: walk, Actual: walk
2024-07-09 15:29:31,641 - INFO - Image: zzy-2-2-4-1-1-w10_heatmap.png, Predicted: run, Actual: walk
2024-07-09 15:29:31,647 - INFO - Image: zzy-2-2-4-1-1-w11_heatmap.png, Predicted: walk, Actual: walk
2024-07-09 15:29:31,652 - INFO - Image: zzy-2-2-4-1-1-w12_heatmap.png, Predicted: walk, Actual: walk
2024-07-09 15:29:31,657 - INFO - Image: zzy-2-2-4-1-1-w13_heatmap.png, Predicted: walk, Actual: walk
2024-07-09 15:29:31,663 - INFO - Image: zzy-2-2-4-1-1-w14_heatmap.png, Predicted: walk, Actual: walk
2024-07-09 15:29:31,668 - INFO - Image: zzy-2-2-4-1-1-w15_heatmap.png, Predicted: walk, Actual: walk
2024-07-09 15:29:31,674 - INFO - Image: zzy-2-2-4-1-1-w16_heatmap.png, Predicted: walk, Actual: walk
2024-07-09 15:29:31,679 - INFO - Image: zzy-2-2-4-1-1-w17_heatmap.png, Predicted: walk, Actual: walk
2024-07-09 15:29:31,684 - INFO - Image: zzy-2-2-4-1-1-w18_heatmap.png, Predicted: walk, Actual: walk
2024-07-09 15:29:31,690 - INFO - Image: zzy-2-2-4-1-1-w19_heatmap.png, Predicted: walk, Actual: walk
2024-07-09 15:29:31,695 - INFO - Image: zzy-2-2-4-1-1-w20_heatmap.png, Predicted: walk, Actual: walk
2024-07-09 15:29:31,701 - INFO - Image: zzy-2-2-4-1-1-w21_heatmap.png, Predicted: walk, Actual: walk
2024-07-09 15:29:31,707 - INFO - Image: zzy-2-2-4-1-1-w22_heatmap.png, Predicted: walk, Actual: walk
2024-07-09 15:29:31,712 - INFO - Image: zzy-2-2-4-1-1-w23_heatmap.png, Predicted: walk, Actual: walk
2024-07-09 15:29:31,718 - INFO - Image: zzy-2-2-4-1-1-w24_heatmap.png, Predicted: walk, Actual: walk
2024-07-09 15:29:31,723 - INFO - Image: zzy-2-2-4-1-1-w25_heatmap.png, Predicted: run, Actual: walk
2024-07-09 15:29:31,729 - INFO - Image: zzy-2-2-4-1-1-w26_heatmap.png, Predicted: walk, Actual: walk
2024-07-09 15:29:31,734 - INFO - Image: zzy-2-2-4-1-1-w27_heatmap.png, Predicted: run, Actual: walk
2024-07-09 15:29:31,740 - INFO - Image: zzy-2-2-4-1-1-w28_heatmap.png, Predicted: walk, Actual: walk
2024-07-09 15:29:31,745 - INFO - Image: zzy-2-2-4-1-1-w29_heatmap.png, Predicted: walk, Actual: walk
2024-07-09 15:29:31,751 - INFO - Image: zzy-2-2-4-1-1-w30_heatmap.png, Predicted: walk, Actual: walk
2024-07-09 15:29:31,751 - INFO - Accuracy: 53.33%
2024-07-09 15:41:55,257 - INFO - Image: zwb-2-2-4-1-1-c61_heatmap.png, Predicted: clap, Actual: clap
2024-07-09 15:41:55,264 - INFO - Image: zwb-2-2-4-1-1-c62_heatmap.png, Predicted: clap, Actual: clap
2024-07-09 15:41:55,270 - INFO - Image: zwb-2-2-4-1-1-c63_heatmap.png, Predicted: clap, Actual: clap
2024-07-09 15:41:55,277 - INFO - Image: zwb-2-2-4-1-1-c64_heatmap.png, Predicted: clap, Actual: clap
2024-07-09 15:41:55,283 - INFO - Image: zwb-2-2-4-1-1-c65_heatmap.png, Predicted: clap, Actual: clap
2024-07-09 15:41:55,289 - INFO - Image: zwb-2-2-4-1-1-c66_heatmap.png, Predicted: clap, Actual: clap
2024-07-09 15:41:55,296 - INFO - Image: zwb-2-2-4-1-1-c67_heatmap.png, Predicted: clap, Actual: clap
2024-07-09 15:41:55,302 - INFO - Image: zwb-2-2-4-1-1-c68_heatmap.png, Predicted: clap, Actual: clap
2024-07-09 15:41:55,308 - INFO - Image: zwb-2-2-4-1-1-c69_heatmap.png, Predicted: clap, Actual: clap
2024-07-09 15:41:55,314 - INFO - Image: zwb-2-2-4-1-1-c70_heatmap.png, Predicted: clap, Actual: clap
2024-07-09 15:41:55,320 - INFO - Image: zwb-2-2-4-1-1-c71_heatmap.png, Predicted: clap, Actual: clap
2024-07-09 15:41:55,327 - INFO - Image: zwb-2-2-4-1-1-c72_heatmap.png, Predicted: clap, Actual: clap
2024-07-09 15:41:55,333 - INFO - Image: zwb-2-2-4-1-1-c73_heatmap.png, Predicted: clap, Actual: clap
2024-07-09 15:41:55,339 - INFO - Image: zwb-2-2-4-1-1-c74_heatmap.png, Predicted: sitdown, Actual: clap
2024-07-09 15:41:55,345 - INFO - Image: zwb-2-2-4-1-1-c75_heatmap.png, Predicted: clap, Actual: clap
2024-07-09 15:41:55,351 - INFO - Image: zwb-2-2-4-1-1-c76_heatmap.png, Predicted: clap, Actual: clap
2024-07-09 15:41:55,357 - INFO - Image: zwb-2-2-4-1-1-c77_heatmap.png, Predicted: clap, Actual: clap
2024-07-09 15:41:55,364 - INFO - Image: zwb-2-2-4-1-1-c78_heatmap.png, Predicted: clap, Actual: clap
2024-07-09 15:41:55,370 - INFO - Image: zwb-2-2-4-1-1-c79_heatmap.png, Predicted: clap, Actual: clap
2024-07-09 15:41:55,376 - INFO - Image: zwb-2-2-4-1-1-c80_heatmap.png, Predicted: clap, Actual: clap
2024-07-09 15:41:55,383 - INFO - Image: zzy-2-2-4-1-1-c01_heatmap.png, Predicted: clap, Actual: clap
2024-07-09 15:41:55,389 - INFO - Image: zzy-2-2-4-1-1-c02_heatmap.png, Predicted: standup, Actual: clap
2024-07-09 15:41:55,395 - INFO - Image: zzy-2-2-4-1-1-c03_heatmap.png, Predicted: clap, Actual: clap
2024-07-09 15:41:55,401 - INFO - Image: zzy-2-2-4-1-1-c04_heatmap.png, Predicted: clap, Actual: clap
2024-07-09 15:41:55,407 - INFO - Image: zzy-2-2-4-1-1-c05_heatmap.png, Predicted: clap, Actual: clap
2024-07-09 15:41:55,414 - INFO - Image: zzy-2-2-4-1-1-c06_heatmap.png, Predicted: clap, Actual: clap
2024-07-09 15:41:55,420 - INFO - Image: zzy-2-2-4-1-1-c07_heatmap.png, Predicted: clap, Actual: clap
2024-07-09 15:41:55,426 - INFO - Image: zzy-2-2-4-1-1-c08_heatmap.png, Predicted: clap, Actual: clap
2024-07-09 15:41:55,432 - INFO - Image: zzy-2-2-4-1-1-c09_heatmap.png, Predicted: clap, Actual: clap
2024-07-09 15:41:55,438 - INFO - Image: zzy-2-2-4-1-1-c10_heatmap.png, Predicted: clap, Actual: clap
2024-07-09 15:41:55,444 - INFO - Image: zzy-2-2-4-1-1-c11_heatmap.png, Predicted: clap, Actual: clap
2024-07-09 15:41:55,450 - INFO - Image: zzy-2-2-4-1-1-c12_heatmap.png, Predicted: clap, Actual: clap
2024-07-09 15:41:55,456 - INFO - Image: zzy-2-2-4-1-1-c13_heatmap.png, Predicted: clap, Actual: clap
2024-07-09 15:41:55,462 - INFO - Image: zzy-2-2-4-1-1-c14_heatmap.png, Predicted: sitdown, Actual: clap
2024-07-09 15:41:55,468 - INFO - Image: zzy-2-2-4-1-1-c15_heatmap.png, Predicted: wavehand, Actual: clap
2024-07-09 15:41:55,474 - INFO - Image: zzy-2-2-4-1-1-c16_heatmap.png, Predicted: clap, Actual: clap
2024-07-09 15:41:55,480 - INFO - Image: zzy-2-2-4-1-1-c17_heatmap.png, Predicted: clap, Actual: clap
2024-07-09 15:41:55,510 - INFO - Image: zzy-2-2-4-1-1-c18_heatmap.png, Predicted: clap, Actual: clap
2024-07-09 15:41:55,516 - INFO - Image: zzy-2-2-4-1-1-c19_heatmap.png, Predicted: sitdown, Actual: clap
2024-07-09 15:41:55,522 - INFO - Image: zzy-2-2-4-1-1-c20_heatmap.png, Predicted: clap, Actual: clap
2024-07-09 15:41:55,528 - INFO - Image: zzy-2-2-4-1-1-c21_heatmap.png, Predicted: clap, Actual: clap
2024-07-09 15:41:55,534 - INFO - Image: zzy-2-2-4-1-1-c22_heatmap.png, Predicted: wavehand, Actual: clap
2024-07-09 15:41:55,539 - INFO - Image: zzy-2-2-4-1-1-c23_heatmap.png, Predicted: clap, Actual: clap
2024-07-09 15:41:55,545 - INFO - Image: zzy-2-2-4-1-1-c24_heatmap.png, Predicted: clap, Actual: clap
2024-07-09 15:41:55,551 - INFO - Image: zzy-2-2-4-1-1-c25_heatmap.png, Predicted: clap, Actual: clap
2024-07-09 15:41:55,556 - INFO - Image: zzy-2-2-4-1-1-c26_heatmap.png, Predicted: sitdown, Actual: clap
2024-07-09 15:41:55,562 - INFO - Image: zzy-2-2-4-1-1-c27_heatmap.png, Predicted: wavehand, Actual: clap
2024-07-09 15:41:55,568 - INFO - Image: zzy-2-2-4-1-1-c28_heatmap.png, Predicted: sitdown, Actual: clap
2024-07-09 15:41:55,573 - INFO - Image: zzy-2-2-4-1-1-c29_heatmap.png, Predicted: clap, Actual: clap
2024-07-09 15:41:55,579 - INFO - Image: zzy-2-2-4-1-1-c30_heatmap.png, Predicted: sitdown, Actual: clap
2024-07-09 15:41:55,585 - INFO - Image: zwb-2-2-4-1-1-p59_heatmap.png, Predicted: pickup, Actual: pickup
2024-07-09 15:41:55,590 - INFO - Image: zwb-2-2-4-1-1-p60_heatmap.png, Predicted: pickup, Actual: pickup
2024-07-09 15:41:55,596 - INFO - Image: zwb-2-2-4-1-1-p61_heatmap.png, Predicted: pickup, Actual: pickup
2024-07-09 15:41:55,602 - INFO - Image: zwb-2-2-4-1-1-p62_heatmap.png, Predicted: pickup, Actual: pickup
2024-07-09 15:41:55,608 - INFO - Image: zwb-2-2-4-1-1-p63_heatmap.png, Predicted: pickup, Actual: pickup
2024-07-09 15:41:55,613 - INFO - Image: zwb-2-2-4-1-1-p64_heatmap.png, Predicted: pickup, Actual: pickup
2024-07-09 15:41:55,618 - INFO - Image: zwb-2-2-4-1-1-p65_heatmap.png, Predicted: pickup, Actual: pickup
2024-07-09 15:41:55,624 - INFO - Image: zwb-2-2-4-1-1-p66_heatmap.png, Predicted: pickup, Actual: pickup
2024-07-09 15:41:55,631 - INFO - Image: zwb-2-2-4-1-1-p67_heatmap.png, Predicted: pickup, Actual: pickup
2024-07-09 15:41:55,638 - INFO - Image: zwb-2-2-4-1-1-p68_heatmap.png, Predicted: pickup, Actual: pickup
2024-07-09 15:41:55,646 - INFO - Image: zwb-2-2-4-1-1-p69_heatmap.png, Predicted: pickup, Actual: pickup
2024-07-09 15:41:55,652 - INFO - Image: zwb-2-2-4-1-1-p70_heatmap.png, Predicted: pickup, Actual: pickup
2024-07-09 15:41:55,658 - INFO - Image: zwb-2-2-4-1-1-p71_heatmap.png, Predicted: pickup, Actual: pickup
2024-07-09 15:41:55,665 - INFO - Image: zwb-2-2-4-1-1-p72_heatmap.png, Predicted: pickup, Actual: pickup
2024-07-09 15:41:55,673 - INFO - Image: zwb-2-2-4-1-1-p73_heatmap.png, Predicted: pickup, Actual: pickup
2024-07-09 15:41:55,681 - INFO - Image: zwb-2-2-4-1-1-p74_heatmap.png, Predicted: pickup, Actual: pickup
2024-07-09 15:41:55,689 - INFO - Image: zwb-2-2-4-1-1-p75_heatmap.png, Predicted: pickup, Actual: pickup
2024-07-09 15:41:55,704 - INFO - Image: zwb-2-2-4-1-1-p76_heatmap.png, Predicted: standup, Actual: pickup
2024-07-09 15:41:55,713 - INFO - Image: zwb-2-2-4-1-1-p77_heatmap.png, Predicted: pickup, Actual: pickup
2024-07-09 15:41:55,724 - INFO - Image: zwb-2-2-4-1-1-p78_heatmap.png, Predicted: pickup, Actual: pickup
2024-07-09 15:41:55,733 - INFO - Image: zwb-2-2-4-1-1-p79_heatmap.png, Predicted: pickup, Actual: pickup
2024-07-09 15:41:55,741 - INFO - Image: zwb-2-2-4-1-1-p80_heatmap.png, Predicted: pickup, Actual: pickup
2024-07-09 15:41:55,751 - INFO - Image: zzy-2-2-4-1-1-p01_heatmap.png, Predicted: clap, Actual: pickup
2024-07-09 15:41:55,761 - INFO - Image: zzy-2-2-4-1-1-p02_heatmap.png, Predicted: walk, Actual: pickup
2024-07-09 15:41:55,773 - INFO - Image: zzy-2-2-4-1-1-p03_heatmap.png, Predicted: pickup, Actual: pickup
2024-07-09 15:41:55,783 - INFO - Image: zzy-2-2-4-1-1-p04_heatmap.png, Predicted: pickup, Actual: pickup
2024-07-09 15:41:55,790 - INFO - Image: zzy-2-2-4-1-1-p05_heatmap.png, Predicted: pickup, Actual: pickup
2024-07-09 15:41:55,799 - INFO - Image: zzy-2-2-4-1-1-p06_heatmap.png, Predicted: walk, Actual: pickup
2024-07-09 15:41:55,805 - INFO - Image: zzy-2-2-4-1-1-p07_heatmap.png, Predicted: pickup, Actual: pickup
2024-07-09 15:41:55,812 - INFO - Image: zzy-2-2-4-1-1-p08_heatmap.png, Predicted: pickup, Actual: pickup
2024-07-09 15:41:55,819 - INFO - Image: zzy-2-2-4-1-1-p09_heatmap.png, Predicted: pickup, Actual: pickup
2024-07-09 15:41:55,825 - INFO - Image: zzy-2-2-4-1-1-p10_heatmap.png, Predicted: pickup, Actual: pickup
2024-07-09 15:41:55,832 - INFO - Image: zzy-2-2-4-1-1-p11_heatmap.png, Predicted: pickup, Actual: pickup
2024-07-09 15:41:55,840 - INFO - Image: zzy-2-2-4-1-1-p12_heatmap.png, Predicted: pickup, Actual: pickup
2024-07-09 15:41:55,849 - INFO - Image: zzy-2-2-4-1-1-p13_heatmap.png, Predicted: standup, Actual: pickup
2024-07-09 15:41:55,858 - INFO - Image: zzy-2-2-4-1-1-p14_heatmap.png, Predicted: kick, Actual: pickup
2024-07-09 15:41:55,865 - INFO - Image: zzy-2-2-4-1-1-p15_heatmap.png, Predicted: kick, Actual: pickup
2024-07-09 15:41:55,874 - INFO - Image: zzy-2-2-4-1-1-p16_heatmap.png, Predicted: pickup, Actual: pickup
2024-07-09 15:41:55,882 - INFO - Image: zzy-2-2-4-1-1-p17_heatmap.png, Predicted: kick, Actual: pickup
2024-07-09 15:41:55,889 - INFO - Image: zzy-2-2-4-1-1-p18_heatmap.png, Predicted: standup, Actual: pickup
2024-07-09 15:41:55,896 - INFO - Image: zzy-2-2-4-1-1-p19_heatmap.png, Predicted: sitdown, Actual: pickup
2024-07-09 15:41:55,902 - INFO - Image: zzy-2-2-4-1-1-p20_heatmap.png, Predicted: kick, Actual: pickup
2024-07-09 15:41:55,910 - INFO - Image: zzy-2-2-4-1-1-p21_heatmap.png, Predicted: kick, Actual: pickup
2024-07-09 15:41:55,916 - INFO - Image: zzy-2-2-4-1-1-p22_heatmap.png, Predicted: kick, Actual: pickup
2024-07-09 15:41:55,925 - INFO - Image: zzy-2-2-4-1-1-p23_heatmap.png, Predicted: kick, Actual: pickup
2024-07-09 15:41:55,932 - INFO - Image: zzy-2-2-4-1-1-p24_heatmap.png, Predicted: kick, Actual: pickup
2024-07-09 15:41:55,941 - INFO - Image: zzy-2-2-4-1-1-p25_heatmap.png, Predicted: kick, Actual: pickup
2024-07-09 15:41:55,953 - INFO - Image: zzy-2-2-4-1-1-p26_heatmap.png, Predicted: kick, Actual: pickup
2024-07-09 15:41:55,963 - INFO - Image: zzy-2-2-4-1-1-p27_heatmap.png, Predicted: kick, Actual: pickup
2024-07-09 15:41:55,973 - INFO - Image: zzy-2-2-4-1-1-p28_heatmap.png, Predicted: sitdown, Actual: pickup
2024-07-09 15:41:55,984 - INFO - Image: zwb-2-2-4-1-1-r61_heatmap.png, Predicted: run, Actual: run
2024-07-09 15:41:55,994 - INFO - Image: zwb-2-2-4-1-1-r62_heatmap.png, Predicted: run, Actual: run
2024-07-09 15:41:56,004 - INFO - Image: zwb-2-2-4-1-1-r63_heatmap.png, Predicted: run, Actual: run
2024-07-09 15:41:56,016 - INFO - Image: zwb-2-2-4-1-1-r64_heatmap.png, Predicted: run, Actual: run
2024-07-09 15:41:56,024 - INFO - Image: zwb-2-2-4-1-1-r65_heatmap.png, Predicted: run, Actual: run
2024-07-09 15:41:56,034 - INFO - Image: zwb-2-2-4-1-1-r66_heatmap.png, Predicted: run, Actual: run
2024-07-09 15:41:56,044 - INFO - Image: zwb-2-2-4-1-1-r67_heatmap.png, Predicted: run, Actual: run
2024-07-09 15:41:56,054 - INFO - Image: zwb-2-2-4-1-1-r68_heatmap.png, Predicted: run, Actual: run
2024-07-09 15:41:56,063 - INFO - Image: zwb-2-2-4-1-1-r69_heatmap.png, Predicted: run, Actual: run
2024-07-09 15:41:56,072 - INFO - Image: zwb-2-2-4-1-1-r70_heatmap.png, Predicted: run, Actual: run
2024-07-09 15:41:56,079 - INFO - Image: zwb-2-2-4-1-1-r71_heatmap.png, Predicted: run, Actual: run
2024-07-09 15:41:56,086 - INFO - Image: zwb-2-2-4-1-1-r72_heatmap.png, Predicted: run, Actual: run
2024-07-09 15:41:56,092 - INFO - Image: zwb-2-2-4-1-1-r73_heatmap.png, Predicted: run, Actual: run
2024-07-09 15:41:56,099 - INFO - Image: zwb-2-2-4-1-1-r74_heatmap.png, Predicted: run, Actual: run
2024-07-09 15:41:56,106 - INFO - Image: zwb-2-2-4-1-1-r75_heatmap.png, Predicted: run, Actual: run
2024-07-09 15:41:56,112 - INFO - Image: zwb-2-2-4-1-1-r76_heatmap.png, Predicted: run, Actual: run
2024-07-09 15:41:56,118 - INFO - Image: zwb-2-2-4-1-1-r77_heatmap.png, Predicted: run, Actual: run
2024-07-09 15:41:56,127 - INFO - Image: zwb-2-2-4-1-1-r78_heatmap.png, Predicted: run, Actual: run
2024-07-09 15:41:56,134 - INFO - Image: zwb-2-2-4-1-1-r79_heatmap.png, Predicted: run, Actual: run
2024-07-09 15:41:56,141 - INFO - Image: zwb-2-2-4-1-1-r80_heatmap.png, Predicted: run, Actual: run
2024-07-09 15:41:56,147 - INFO - Image: zzy-2-2-4-1-1-r01_heatmap.png, Predicted: kick, Actual: run
2024-07-09 15:41:56,154 - INFO - Image: zzy-2-2-4-1-1-r02_heatmap.png, Predicted: clap, Actual: run
2024-07-09 15:41:56,161 - INFO - Image: zzy-2-2-4-1-1-r03_heatmap.png, Predicted: sitdown, Actual: run
2024-07-09 15:41:56,171 - INFO - Image: zzy-2-2-4-1-1-r04_heatmap.png, Predicted: standup, Actual: run
2024-07-09 15:41:56,177 - INFO - Image: zzy-2-2-4-1-1-r05_heatmap.png, Predicted: clap, Actual: run
2024-07-09 15:41:56,183 - INFO - Image: zzy-2-2-4-1-1-r06_heatmap.png, Predicted: pickup, Actual: run
2024-07-09 15:41:56,191 - INFO - Image: zzy-2-2-4-1-1-r07_heatmap.png, Predicted: wavehand, Actual: run
2024-07-09 15:41:56,202 - INFO - Image: zzy-2-2-4-1-1-r08_heatmap.png, Predicted: kick, Actual: run
2024-07-09 15:41:56,207 - INFO - Image: zzy-2-2-4-1-1-r09_heatmap.png, Predicted: wavehand, Actual: run
2024-07-09 15:41:56,213 - INFO - Image: zzy-2-2-4-1-1-r10_heatmap.png, Predicted: kick, Actual: run
2024-07-09 15:41:56,221 - INFO - Image: zzy-2-2-4-1-1-r11_heatmap.png, Predicted: wavehand, Actual: run
2024-07-09 15:41:56,232 - INFO - Image: zzy-2-2-4-1-1-r12_heatmap.png, Predicted: pickup, Actual: run
2024-07-09 15:41:56,237 - INFO - Image: zzy-2-2-4-1-1-r13_heatmap.png, Predicted: clap, Actual: run
2024-07-09 15:41:56,243 - INFO - Image: zzy-2-2-4-1-1-r14_heatmap.png, Predicted: wavehand, Actual: run
2024-07-09 15:41:56,248 - INFO - Image: zzy-2-2-4-1-1-r15_heatmap.png, Predicted: run, Actual: run
2024-07-09 15:41:56,261 - INFO - Image: zzy-2-2-4-1-1-r16_heatmap.png, Predicted: kick, Actual: run
2024-07-09 15:41:56,267 - INFO - Image: zzy-2-2-4-1-1-r17_heatmap.png, Predicted: run, Actual: run
2024-07-09 15:41:56,272 - INFO - Image: zzy-2-2-4-1-1-r18_heatmap.png, Predicted: kick, Actual: run
2024-07-09 15:41:56,278 - INFO - Image: zzy-2-2-4-1-1-r19_heatmap.png, Predicted: run, Actual: run
2024-07-09 15:41:56,287 - INFO - Image: zzy-2-2-4-1-1-r20_heatmap.png, Predicted: walk, Actual: run
2024-07-09 15:41:56,294 - INFO - Image: zzy-2-2-4-1-1-r21_heatmap.png, Predicted: pickup, Actual: run
2024-07-09 15:41:56,300 - INFO - Image: zzy-2-2-4-1-1-r22_heatmap.png, Predicted: run, Actual: run
2024-07-09 15:41:56,306 - INFO - Image: zzy-2-2-4-1-1-r23_heatmap.png, Predicted: run, Actual: run
2024-07-09 15:41:56,314 - INFO - Image: zzy-2-2-4-1-1-r24_heatmap.png, Predicted: clap, Actual: run
2024-07-09 15:41:56,323 - INFO - Image: zzy-2-2-4-1-1-r25_heatmap.png, Predicted: kick, Actual: run
2024-07-09 15:41:56,330 - INFO - Image: zzy-2-2-4-1-1-r26_heatmap.png, Predicted: clap, Actual: run
2024-07-09 15:41:56,336 - INFO - Image: zzy-2-2-4-1-1-r27_heatmap.png, Predicted: run, Actual: run
2024-07-09 15:41:56,341 - INFO - Image: zzy-2-2-4-1-1-r28_heatmap.png, Predicted: walk, Actual: run
2024-07-09 15:41:56,347 - INFO - Image: zzy-2-2-4-1-1-r29_heatmap.png, Predicted: kick, Actual: run
2024-07-09 15:41:56,353 - INFO - Image: zzy-2-2-4-1-1-r30_heatmap.png, Predicted: walk, Actual: run
2024-07-09 15:41:56,359 - INFO - Image: zwb-2-2-4-1-1-sd61_heatmap.png, Predicted: sitdown, Actual: sitdown
2024-07-09 15:41:56,368 - INFO - Image: zwb-2-2-4-1-1-sd62_heatmap.png, Predicted: sitdown, Actual: sitdown
2024-07-09 15:41:56,376 - INFO - Image: zwb-2-2-4-1-1-sd63_heatmap.png, Predicted: sitdown, Actual: sitdown
2024-07-09 15:41:56,384 - INFO - Image: zwb-2-2-4-1-1-sd64_heatmap.png, Predicted: sitdown, Actual: sitdown
2024-07-09 15:41:56,392 - INFO - Image: zwb-2-2-4-1-1-sd65_heatmap.png, Predicted: sitdown, Actual: sitdown
2024-07-09 15:41:56,399 - INFO - Image: zwb-2-2-4-1-1-sd66_heatmap.png, Predicted: sitdown, Actual: sitdown
2024-07-09 15:41:56,407 - INFO - Image: zwb-2-2-4-1-1-sd67_heatmap.png, Predicted: sitdown, Actual: sitdown
2024-07-09 15:41:56,414 - INFO - Image: zwb-2-2-4-1-1-sd68_heatmap.png, Predicted: kick, Actual: sitdown
2024-07-09 15:41:56,421 - INFO - Image: zwb-2-2-4-1-1-sd69_heatmap.png, Predicted: sitdown, Actual: sitdown
2024-07-09 15:41:56,428 - INFO - Image: zwb-2-2-4-1-1-sd70_heatmap.png, Predicted: sitdown, Actual: sitdown
2024-07-09 15:41:56,436 - INFO - Image: zwb-2-2-4-1-1-sd71_heatmap.png, Predicted: sitdown, Actual: sitdown
2024-07-09 15:41:56,443 - INFO - Image: zwb-2-2-4-1-1-sd72_heatmap.png, Predicted: clap, Actual: sitdown
2024-07-09 15:41:56,451 - INFO - Image: zwb-2-2-4-1-1-sd73_heatmap.png, Predicted: clap, Actual: sitdown
2024-07-09 15:41:56,460 - INFO - Image: zwb-2-2-4-1-1-sd74_heatmap.png, Predicted: clap, Actual: sitdown
2024-07-09 15:41:56,466 - INFO - Image: zwb-2-2-4-1-1-sd75_heatmap.png, Predicted: sitdown, Actual: sitdown
2024-07-09 15:41:56,473 - INFO - Image: zwb-2-2-4-1-1-sd76_heatmap.png, Predicted: wavehand, Actual: sitdown
2024-07-09 15:41:56,480 - INFO - Image: zwb-2-2-4-1-1-sd77_heatmap.png, Predicted: sitdown, Actual: sitdown
2024-07-09 15:41:56,486 - INFO - Image: zwb-2-2-4-1-1-sd78_heatmap.png, Predicted: clap, Actual: sitdown
2024-07-09 15:41:56,493 - INFO - Image: zwb-2-2-4-1-1-sd79_heatmap.png, Predicted: clap, Actual: sitdown
2024-07-09 15:41:56,502 - INFO - Image: zwb-2-2-4-1-1-sd80_heatmap.png, Predicted: clap, Actual: sitdown
2024-07-09 15:41:56,509 - INFO - Image: zzy-2-2-4-1-1-sd01_heatmap.png, Predicted: pickup, Actual: sitdown
2024-07-09 15:41:56,520 - INFO - Image: zzy-2-2-4-1-1-sd02_heatmap.png, Predicted: standup, Actual: sitdown
2024-07-09 15:41:56,528 - INFO - Image: zzy-2-2-4-1-1-sd03_heatmap.png, Predicted: pickup, Actual: sitdown
2024-07-09 15:41:56,534 - INFO - Image: zzy-2-2-4-1-1-sd04_heatmap.png, Predicted: standup, Actual: sitdown
2024-07-09 15:41:56,548 - INFO - Image: zzy-2-2-4-1-1-sd05_heatmap.png, Predicted: sitdown, Actual: sitdown
2024-07-09 15:41:56,556 - INFO - Image: zzy-2-2-4-1-1-sd06_heatmap.png, Predicted: walk, Actual: sitdown
2024-07-09 15:41:56,562 - INFO - Image: zzy-2-2-4-1-1-sd07_heatmap.png, Predicted: standup, Actual: sitdown
2024-07-09 15:41:56,568 - INFO - Image: zzy-2-2-4-1-1-sd08_heatmap.png, Predicted: standup, Actual: sitdown
2024-07-09 15:41:56,574 - INFO - Image: zzy-2-2-4-1-1-sd09_heatmap.png, Predicted: standup, Actual: sitdown
2024-07-09 15:41:56,579 - INFO - Image: zzy-2-2-4-1-1-sd10_heatmap.png, Predicted: standup, Actual: sitdown
2024-07-09 15:41:56,585 - INFO - Image: zzy-2-2-4-1-1-sd11_heatmap.png, Predicted: standup, Actual: sitdown
2024-07-09 15:41:56,591 - INFO - Image: zzy-2-2-4-1-1-sd12_heatmap.png, Predicted: pickup, Actual: sitdown
2024-07-09 15:41:56,601 - INFO - Image: zzy-2-2-4-1-1-sd13_heatmap.png, Predicted: pickup, Actual: sitdown
2024-07-09 15:41:56,607 - INFO - Image: zzy-2-2-4-1-1-sd14_heatmap.png, Predicted: sitdown, Actual: sitdown
2024-07-09 15:41:56,613 - INFO - Image: zzy-2-2-4-1-1-sd15_heatmap.png, Predicted: pickup, Actual: sitdown
2024-07-09 15:41:56,619 - INFO - Image: zzy-2-2-4-1-1-sd16_heatmap.png, Predicted: sitdown, Actual: sitdown
2024-07-09 15:41:56,630 - INFO - Image: zzy-2-2-4-1-1-sd17_heatmap.png, Predicted: sitdown, Actual: sitdown
2024-07-09 15:41:56,641 - INFO - Image: zzy-2-2-4-1-1-sd18_heatmap.png, Predicted: pickup, Actual: sitdown
2024-07-09 15:41:56,648 - INFO - Image: zzy-2-2-4-1-1-sd19_heatmap.png, Predicted: standup, Actual: sitdown
2024-07-09 15:41:56,655 - INFO - Image: zzy-2-2-4-1-1-sd20_heatmap.png, Predicted: standup, Actual: sitdown
2024-07-09 15:41:56,663 - INFO - Image: zzy-2-2-4-1-1-sd21_heatmap.png, Predicted: pickup, Actual: sitdown
2024-07-09 15:41:56,678 - INFO - Image: zzy-2-2-4-1-1-sd22_heatmap.png, Predicted: pickup, Actual: sitdown
2024-07-09 15:41:56,686 - INFO - Image: zzy-2-2-4-1-1-sd23_heatmap.png, Predicted: standup, Actual: sitdown
2024-07-09 15:41:56,694 - INFO - Image: zzy-2-2-4-1-1-sd24_heatmap.png, Predicted: pickup, Actual: sitdown
2024-07-09 15:41:56,701 - INFO - Image: zzy-2-2-4-1-1-sd25_heatmap.png, Predicted: standup, Actual: sitdown
2024-07-09 15:41:56,709 - INFO - Image: zzy-2-2-4-1-1-sd26_heatmap.png, Predicted: pickup, Actual: sitdown
2024-07-09 15:41:56,716 - INFO - Image: zzy-2-2-4-1-1-sd27_heatmap.png, Predicted: standup, Actual: sitdown
2024-07-09 15:41:56,724 - INFO - Image: zzy-2-2-4-1-1-sd28_heatmap.png, Predicted: standup, Actual: sitdown
2024-07-09 15:41:56,731 - INFO - Image: zzy-2-2-4-1-1-sd29_heatmap.png, Predicted: standup, Actual: sitdown
2024-07-09 15:41:56,739 - INFO - Image: zzy-2-2-4-1-1-sd30_heatmap.png, Predicted: standup, Actual: sitdown
2024-07-09 15:41:56,745 - INFO - Image: zwb-2-2-4-1-1-su61_heatmap.png, Predicted: standup, Actual: standup
2024-07-09 15:41:56,752 - INFO - Image: zwb-2-2-4-1-1-su62_heatmap.png, Predicted: standup, Actual: standup
2024-07-09 15:41:56,760 - INFO - Image: zwb-2-2-4-1-1-su63_heatmap.png, Predicted: standup, Actual: standup
2024-07-09 15:41:56,767 - INFO - Image: zwb-2-2-4-1-1-su64_heatmap.png, Predicted: standup, Actual: standup
2024-07-09 15:41:56,773 - INFO - Image: zwb-2-2-4-1-1-su65_heatmap.png, Predicted: standup, Actual: standup
2024-07-09 15:41:56,780 - INFO - Image: zwb-2-2-4-1-1-su66_heatmap.png, Predicted: standup, Actual: standup
2024-07-09 15:41:56,788 - INFO - Image: zwb-2-2-4-1-1-su67_heatmap.png, Predicted: standup, Actual: standup
2024-07-09 15:41:56,794 - INFO - Image: zwb-2-2-4-1-1-su68_heatmap.png, Predicted: standup, Actual: standup
2024-07-09 15:41:56,801 - INFO - Image: zwb-2-2-4-1-1-su69_heatmap.png, Predicted: standup, Actual: standup
2024-07-09 15:41:56,807 - INFO - Image: zwb-2-2-4-1-1-su70_heatmap.png, Predicted: standup, Actual: standup
2024-07-09 15:41:56,815 - INFO - Image: zwb-2-2-4-1-1-su71_heatmap.png, Predicted: standup, Actual: standup
2024-07-09 15:41:56,822 - INFO - Image: zwb-2-2-4-1-1-su72_heatmap.png, Predicted: standup, Actual: standup
2024-07-09 15:41:56,828 - INFO - Image: zwb-2-2-4-1-1-su73_heatmap.png, Predicted: standup, Actual: standup
2024-07-09 15:41:56,835 - INFO - Image: zwb-2-2-4-1-1-su74_heatmap.png, Predicted: standup, Actual: standup
2024-07-09 15:41:56,841 - INFO - Image: zwb-2-2-4-1-1-su75_heatmap.png, Predicted: standup, Actual: standup
2024-07-09 15:41:56,847 - INFO - Image: zwb-2-2-4-1-1-su76_heatmap.png, Predicted: standup, Actual: standup
2024-07-09 15:41:56,853 - INFO - Image: zwb-2-2-4-1-1-su77_heatmap.png, Predicted: standup, Actual: standup
2024-07-09 15:41:56,860 - INFO - Image: zwb-2-2-4-1-1-su78_heatmap.png, Predicted: standup, Actual: standup
2024-07-09 15:41:56,867 - INFO - Image: zwb-2-2-4-1-1-su79_heatmap.png, Predicted: standup, Actual: standup
2024-07-09 15:41:56,873 - INFO - Image: zwb-2-2-4-1-1-su80_heatmap.png, Predicted: standup, Actual: standup
2024-07-09 15:41:56,878 - INFO - Image: zzy-2-2-4-1-1-su01_heatmap.png, Predicted: walk, Actual: standup
2024-07-09 15:41:56,887 - INFO - Image: zzy-2-2-4-1-1-su02_heatmap.png, Predicted: kick, Actual: standup
2024-07-09 15:41:56,899 - INFO - Image: zzy-2-2-4-1-1-su03_heatmap.png, Predicted: pickup, Actual: standup
2024-07-09 15:41:56,906 - INFO - Image: zzy-2-2-4-1-1-su04_heatmap.png, Predicted: kick, Actual: standup
2024-07-09 15:41:56,912 - INFO - Image: zzy-2-2-4-1-1-su05_heatmap.png, Predicted: standup, Actual: standup
2024-07-09 15:41:56,918 - INFO - Image: zzy-2-2-4-1-1-su06_heatmap.png, Predicted: pickup, Actual: standup
2024-07-09 15:41:56,924 - INFO - Image: zzy-2-2-4-1-1-su07_heatmap.png, Predicted: standup, Actual: standup
2024-07-09 15:41:56,931 - INFO - Image: zzy-2-2-4-1-1-su08_heatmap.png, Predicted: walk, Actual: standup
2024-07-09 15:41:56,936 - INFO - Image: zzy-2-2-4-1-1-su09_heatmap.png, Predicted: standup, Actual: standup
2024-07-09 15:41:56,943 - INFO - Image: zzy-2-2-4-1-1-su10_heatmap.png, Predicted: kick, Actual: standup
2024-07-09 15:41:56,949 - INFO - Image: zzy-2-2-4-1-1-su11_heatmap.png, Predicted: kick, Actual: standup
2024-07-09 15:41:56,956 - INFO - Image: zzy-2-2-4-1-1-su12_heatmap.png, Predicted: pickup, Actual: standup
2024-07-09 15:41:56,963 - INFO - Image: zzy-2-2-4-1-1-su13_heatmap.png, Predicted: standup, Actual: standup
2024-07-09 15:41:56,970 - INFO - Image: zzy-2-2-4-1-1-su14_heatmap.png, Predicted: standup, Actual: standup
2024-07-09 15:41:56,977 - INFO - Image: zzy-2-2-4-1-1-su15_heatmap.png, Predicted: pickup, Actual: standup
2024-07-09 15:41:56,985 - INFO - Image: zzy-2-2-4-1-1-su16_heatmap.png, Predicted: standup, Actual: standup
2024-07-09 15:41:56,992 - INFO - Image: zzy-2-2-4-1-1-su17_heatmap.png, Predicted: run, Actual: standup
2024-07-09 15:41:57,000 - INFO - Image: zzy-2-2-4-1-1-su18_heatmap.png, Predicted: sitdown, Actual: standup
2024-07-09 15:41:57,009 - INFO - Image: zzy-2-2-4-1-1-su19_heatmap.png, Predicted: kick, Actual: standup
2024-07-09 15:41:57,016 - INFO - Image: zzy-2-2-4-1-1-su20_heatmap.png, Predicted: kick, Actual: standup
2024-07-09 15:41:57,023 - INFO - Image: zzy-2-2-4-1-1-su21_heatmap.png, Predicted: run, Actual: standup
2024-07-09 15:41:57,030 - INFO - Image: zzy-2-2-4-1-1-su22_heatmap.png, Predicted: standup, Actual: standup
2024-07-09 15:41:57,037 - INFO - Image: zzy-2-2-4-1-1-su23_heatmap.png, Predicted: kick, Actual: standup
2024-07-09 15:41:57,045 - INFO - Image: zzy-2-2-4-1-1-su24_heatmap.png, Predicted: pickup, Actual: standup
2024-07-09 15:41:57,054 - INFO - Image: zzy-2-2-4-1-1-su25_heatmap.png, Predicted: standup, Actual: standup
2024-07-09 15:41:57,061 - INFO - Image: zzy-2-2-4-1-1-su26_heatmap.png, Predicted: kick, Actual: standup
2024-07-09 15:41:57,068 - INFO - Image: zzy-2-2-4-1-1-su27_heatmap.png, Predicted: kick, Actual: standup
2024-07-09 15:41:57,074 - INFO - Image: zzy-2-2-4-1-1-su28_heatmap.png, Predicted: run, Actual: standup
2024-07-09 15:41:57,081 - INFO - Image: zzy-2-2-4-1-1-su29_heatmap.png, Predicted: run, Actual: standup
2024-07-09 15:41:57,088 - INFO - Image: zzy-2-2-4-1-1-su30_heatmap.png, Predicted: standup, Actual: standup
2024-07-09 15:41:57,094 - INFO - Image: zwb-2-2-4-1-1-w61_heatmap.png, Predicted: walk, Actual: walk
2024-07-09 15:41:57,102 - INFO - Image: zwb-2-2-4-1-1-w62_heatmap.png, Predicted: kick, Actual: walk
2024-07-09 15:41:57,109 - INFO - Image: zwb-2-2-4-1-1-w63_heatmap.png, Predicted: walk, Actual: walk
2024-07-09 15:41:57,117 - INFO - Image: zwb-2-2-4-1-1-w64_heatmap.png, Predicted: walk, Actual: walk
2024-07-09 15:41:57,123 - INFO - Image: zwb-2-2-4-1-1-w65_heatmap.png, Predicted: walk, Actual: walk
2024-07-09 15:41:57,130 - INFO - Image: zwb-2-2-4-1-1-w66_heatmap.png, Predicted: run, Actual: walk
2024-07-09 15:41:57,136 - INFO - Image: zwb-2-2-4-1-1-w67_heatmap.png, Predicted: walk, Actual: walk
2024-07-09 15:41:57,143 - INFO - Image: zwb-2-2-4-1-1-w68_heatmap.png, Predicted: walk, Actual: walk
2024-07-09 15:41:57,150 - INFO - Image: zwb-2-2-4-1-1-w69_heatmap.png, Predicted: walk, Actual: walk
2024-07-09 15:41:57,157 - INFO - Image: zwb-2-2-4-1-1-w70_heatmap.png, Predicted: walk, Actual: walk
2024-07-09 15:41:57,164 - INFO - Image: zwb-2-2-4-1-1-w71_heatmap.png, Predicted: walk, Actual: walk
2024-07-09 15:41:57,170 - INFO - Image: zwb-2-2-4-1-1-w72_heatmap.png, Predicted: walk, Actual: walk
2024-07-09 15:41:57,177 - INFO - Image: zwb-2-2-4-1-1-w73_heatmap.png, Predicted: walk, Actual: walk
2024-07-09 15:41:57,184 - INFO - Image: zwb-2-2-4-1-1-w74_heatmap.png, Predicted: walk, Actual: walk
2024-07-09 15:41:57,191 - INFO - Image: zwb-2-2-4-1-1-w75_heatmap.png, Predicted: walk, Actual: walk
2024-07-09 15:41:57,198 - INFO - Image: zwb-2-2-4-1-1-w76_heatmap.png, Predicted: walk, Actual: walk
2024-07-09 15:41:57,205 - INFO - Image: zwb-2-2-4-1-1-w77_heatmap.png, Predicted: walk, Actual: walk
2024-07-09 15:41:57,212 - INFO - Image: zwb-2-2-4-1-1-w78_heatmap.png, Predicted: run, Actual: walk
2024-07-09 15:41:57,218 - INFO - Image: zwb-2-2-4-1-1-w79_heatmap.png, Predicted: walk, Actual: walk
2024-07-09 15:41:57,225 - INFO - Image: zwb-2-2-4-1-1-w80_heatmap.png, Predicted: walk, Actual: walk
2024-07-09 15:41:57,232 - INFO - Image: zzy-2-2-4-1-1-w01_heatmap.png, Predicted: run, Actual: walk
2024-07-09 15:41:57,239 - INFO - Image: zzy-2-2-4-1-1-w02_heatmap.png, Predicted: walk, Actual: walk
2024-07-09 15:41:57,245 - INFO - Image: zzy-2-2-4-1-1-w03_heatmap.png, Predicted: walk, Actual: walk
2024-07-09 15:41:57,251 - INFO - Image: zzy-2-2-4-1-1-w04_heatmap.png, Predicted: walk, Actual: walk
2024-07-09 15:41:57,258 - INFO - Image: zzy-2-2-4-1-1-w05_heatmap.png, Predicted: walk, Actual: walk
2024-07-09 15:41:57,264 - INFO - Image: zzy-2-2-4-1-1-w06_heatmap.png, Predicted: walk, Actual: walk
2024-07-09 15:41:57,271 - INFO - Image: zzy-2-2-4-1-1-w07_heatmap.png, Predicted: walk, Actual: walk
2024-07-09 15:41:57,277 - INFO - Image: zzy-2-2-4-1-1-w08_heatmap.png, Predicted: walk, Actual: walk
2024-07-09 15:41:57,283 - INFO - Image: zzy-2-2-4-1-1-w09_heatmap.png, Predicted: walk, Actual: walk
2024-07-09 15:41:57,290 - INFO - Image: zzy-2-2-4-1-1-w10_heatmap.png, Predicted: run, Actual: walk
2024-07-09 15:41:57,297 - INFO - Image: zzy-2-2-4-1-1-w11_heatmap.png, Predicted: run, Actual: walk
2024-07-09 15:41:57,304 - INFO - Image: zzy-2-2-4-1-1-w12_heatmap.png, Predicted: pickup, Actual: walk
2024-07-09 15:41:57,312 - INFO - Image: zzy-2-2-4-1-1-w13_heatmap.png, Predicted: walk, Actual: walk
2024-07-09 15:41:57,318 - INFO - Image: zzy-2-2-4-1-1-w14_heatmap.png, Predicted: walk, Actual: walk
2024-07-09 15:41:57,324 - INFO - Image: zzy-2-2-4-1-1-w15_heatmap.png, Predicted: walk, Actual: walk
2024-07-09 15:41:57,331 - INFO - Image: zzy-2-2-4-1-1-w16_heatmap.png, Predicted: pickup, Actual: walk
2024-07-09 15:41:57,337 - INFO - Image: zzy-2-2-4-1-1-w17_heatmap.png, Predicted: walk, Actual: walk
2024-07-09 15:41:57,344 - INFO - Image: zzy-2-2-4-1-1-w18_heatmap.png, Predicted: walk, Actual: walk
2024-07-09 15:41:57,352 - INFO - Image: zzy-2-2-4-1-1-w19_heatmap.png, Predicted: walk, Actual: walk
2024-07-09 15:41:57,361 - INFO - Image: zzy-2-2-4-1-1-w20_heatmap.png, Predicted: walk, Actual: walk
2024-07-09 15:41:57,369 - INFO - Image: zzy-2-2-4-1-1-w21_heatmap.png, Predicted: walk, Actual: walk
2024-07-09 15:41:57,377 - INFO - Image: zzy-2-2-4-1-1-w22_heatmap.png, Predicted: walk, Actual: walk
2024-07-09 15:41:57,384 - INFO - Image: zzy-2-2-4-1-1-w23_heatmap.png, Predicted: run, Actual: walk
2024-07-09 15:41:57,389 - INFO - Image: zzy-2-2-4-1-1-w24_heatmap.png, Predicted: walk, Actual: walk
2024-07-09 15:41:57,396 - INFO - Image: zzy-2-2-4-1-1-w25_heatmap.png, Predicted: run, Actual: walk
2024-07-09 15:41:57,402 - INFO - Image: zzy-2-2-4-1-1-w26_heatmap.png, Predicted: walk, Actual: walk
2024-07-09 15:41:57,409 - INFO - Image: zzy-2-2-4-1-1-w27_heatmap.png, Predicted: run, Actual: walk
2024-07-09 15:41:57,416 - INFO - Image: zzy-2-2-4-1-1-w28_heatmap.png, Predicted: pickup, Actual: walk
2024-07-09 15:41:57,422 - INFO - Image: zzy-2-2-4-1-1-w29_heatmap.png, Predicted: walk, Actual: walk
2024-07-09 15:41:57,429 - INFO - Image: zzy-2-2-4-1-1-w30_heatmap.png, Predicted: run, Actual: walk
2024-07-09 15:41:57,429 - INFO - Accuracy: 59.67%
2024-07-09 16:00:10,538 - INFO - Image: zwb-2-2-4-1-1-c61_heatmap.png, Predicted: clap, Actual: clap
2024-07-09 16:00:10,544 - INFO - Image: zwb-2-2-4-1-1-c62_heatmap.png, Predicted: clap, Actual: clap
2024-07-09 16:00:10,550 - INFO - Image: zwb-2-2-4-1-1-c63_heatmap.png, Predicted: clap, Actual: clap
2024-07-09 16:00:10,557 - INFO - Image: zwb-2-2-4-1-1-c64_heatmap.png, Predicted: clap, Actual: clap
2024-07-09 16:00:10,563 - INFO - Image: zwb-2-2-4-1-1-c65_heatmap.png, Predicted: clap, Actual: clap
2024-07-09 16:00:10,568 - INFO - Image: zwb-2-2-4-1-1-c66_heatmap.png, Predicted: clap, Actual: clap
2024-07-09 16:00:10,575 - INFO - Image: zwb-2-2-4-1-1-c67_heatmap.png, Predicted: clap, Actual: clap
2024-07-09 16:00:10,581 - INFO - Image: zwb-2-2-4-1-1-c68_heatmap.png, Predicted: clap, Actual: clap
2024-07-09 16:00:10,587 - INFO - Image: zwb-2-2-4-1-1-c69_heatmap.png, Predicted: clap, Actual: clap
2024-07-09 16:00:10,593 - INFO - Image: zwb-2-2-4-1-1-c70_heatmap.png, Predicted: clap, Actual: clap
2024-07-09 16:00:10,598 - INFO - Image: zwb-2-2-4-1-1-c71_heatmap.png, Predicted: clap, Actual: clap
2024-07-09 16:00:10,604 - INFO - Image: zwb-2-2-4-1-1-c72_heatmap.png, Predicted: clap, Actual: clap
2024-07-09 16:00:10,610 - INFO - Image: zwb-2-2-4-1-1-c73_heatmap.png, Predicted: clap, Actual: clap
2024-07-09 16:00:10,615 - INFO - Image: zwb-2-2-4-1-1-c74_heatmap.png, Predicted: clap, Actual: clap
2024-07-09 16:00:10,621 - INFO - Image: zwb-2-2-4-1-1-c75_heatmap.png, Predicted: clap, Actual: clap
2024-07-09 16:00:10,627 - INFO - Image: zwb-2-2-4-1-1-c76_heatmap.png, Predicted: clap, Actual: clap
2024-07-09 16:00:10,633 - INFO - Image: zwb-2-2-4-1-1-c77_heatmap.png, Predicted: clap, Actual: clap
2024-07-09 16:00:10,639 - INFO - Image: zwb-2-2-4-1-1-c78_heatmap.png, Predicted: clap, Actual: clap
2024-07-09 16:00:10,644 - INFO - Image: zwb-2-2-4-1-1-c79_heatmap.png, Predicted: clap, Actual: clap
2024-07-09 16:00:10,651 - INFO - Image: zwb-2-2-4-1-1-c80_heatmap.png, Predicted: clap, Actual: clap
2024-07-09 16:00:10,657 - INFO - Image: zzy-2-2-4-1-1-c01_heatmap.png, Predicted: clap, Actual: clap
2024-07-09 16:00:10,662 - INFO - Image: zzy-2-2-4-1-1-c02_heatmap.png, Predicted: clap, Actual: clap
2024-07-09 16:00:10,668 - INFO - Image: zzy-2-2-4-1-1-c03_heatmap.png, Predicted: clap, Actual: clap
2024-07-09 16:00:10,673 - INFO - Image: zzy-2-2-4-1-1-c04_heatmap.png, Predicted: clap, Actual: clap
2024-07-09 16:00:10,678 - INFO - Image: zzy-2-2-4-1-1-c05_heatmap.png, Predicted: clap, Actual: clap
2024-07-09 16:00:10,684 - INFO - Image: zzy-2-2-4-1-1-c06_heatmap.png, Predicted: clap, Actual: clap
2024-07-09 16:00:10,689 - INFO - Image: zzy-2-2-4-1-1-c07_heatmap.png, Predicted: clap, Actual: clap
2024-07-09 16:00:10,695 - INFO - Image: zzy-2-2-4-1-1-c08_heatmap.png, Predicted: clap, Actual: clap
2024-07-09 16:00:10,714 - INFO - Image: zzy-2-2-4-1-1-c09_heatmap.png, Predicted: clap, Actual: clap
2024-07-09 16:00:10,719 - INFO - Image: zzy-2-2-4-1-1-c10_heatmap.png, Predicted: clap, Actual: clap
2024-07-09 16:00:10,725 - INFO - Image: zzy-2-2-4-1-1-c11_heatmap.png, Predicted: clap, Actual: clap
2024-07-09 16:00:10,731 - INFO - Image: zzy-2-2-4-1-1-c12_heatmap.png, Predicted: clap, Actual: clap
2024-07-09 16:00:10,736 - INFO - Image: zzy-2-2-4-1-1-c13_heatmap.png, Predicted: clap, Actual: clap
2024-07-09 16:00:10,742 - INFO - Image: zzy-2-2-4-1-1-c14_heatmap.png, Predicted: clap, Actual: clap
2024-07-09 16:00:10,748 - INFO - Image: zzy-2-2-4-1-1-c15_heatmap.png, Predicted: clap, Actual: clap
2024-07-09 16:00:10,754 - INFO - Image: zzy-2-2-4-1-1-c16_heatmap.png, Predicted: clap, Actual: clap
2024-07-09 16:00:10,759 - INFO - Image: zzy-2-2-4-1-1-c17_heatmap.png, Predicted: clap, Actual: clap
2024-07-09 16:00:10,765 - INFO - Image: zzy-2-2-4-1-1-c18_heatmap.png, Predicted: clap, Actual: clap
2024-07-09 16:00:10,771 - INFO - Image: zzy-2-2-4-1-1-c19_heatmap.png, Predicted: clap, Actual: clap
2024-07-09 16:00:10,776 - INFO - Image: zzy-2-2-4-1-1-c20_heatmap.png, Predicted: clap, Actual: clap
2024-07-09 16:00:10,781 - INFO - Image: zzy-2-2-4-1-1-c21_heatmap.png, Predicted: clap, Actual: clap
2024-07-09 16:00:10,787 - INFO - Image: zzy-2-2-4-1-1-c22_heatmap.png, Predicted: clap, Actual: clap
2024-07-09 16:00:10,792 - INFO - Image: zzy-2-2-4-1-1-c23_heatmap.png, Predicted: clap, Actual: clap
2024-07-09 16:00:10,798 - INFO - Image: zzy-2-2-4-1-1-c24_heatmap.png, Predicted: clap, Actual: clap
2024-07-09 16:00:10,803 - INFO - Image: zzy-2-2-4-1-1-c25_heatmap.png, Predicted: clap, Actual: clap
2024-07-09 16:00:10,809 - INFO - Image: zzy-2-2-4-1-1-c26_heatmap.png, Predicted: clap, Actual: clap
2024-07-09 16:00:10,815 - INFO - Image: zzy-2-2-4-1-1-c27_heatmap.png, Predicted: clap, Actual: clap
2024-07-09 16:00:10,820 - INFO - Image: zzy-2-2-4-1-1-c28_heatmap.png, Predicted: clap, Actual: clap
2024-07-09 16:00:10,825 - INFO - Image: zzy-2-2-4-1-1-c29_heatmap.png, Predicted: clap, Actual: clap
2024-07-09 16:00:10,831 - INFO - Image: zzy-2-2-4-1-1-c30_heatmap.png, Predicted: clap, Actual: clap
2024-07-09 16:00:10,837 - INFO - Image: zwb-2-2-4-1-1-p59_heatmap.png, Predicted: pickup, Actual: pickup
2024-07-09 16:00:10,843 - INFO - Image: zwb-2-2-4-1-1-p60_heatmap.png, Predicted: pickup, Actual: pickup
2024-07-09 16:00:10,849 - INFO - Image: zwb-2-2-4-1-1-p61_heatmap.png, Predicted: pickup, Actual: pickup
2024-07-09 16:00:10,854 - INFO - Image: zwb-2-2-4-1-1-p62_heatmap.png, Predicted: pickup, Actual: pickup
2024-07-09 16:00:10,860 - INFO - Image: zwb-2-2-4-1-1-p63_heatmap.png, Predicted: pickup, Actual: pickup
2024-07-09 16:00:10,865 - INFO - Image: zwb-2-2-4-1-1-p64_heatmap.png, Predicted: pickup, Actual: pickup
2024-07-09 16:00:10,870 - INFO - Image: zwb-2-2-4-1-1-p65_heatmap.png, Predicted: pickup, Actual: pickup
2024-07-09 16:00:10,876 - INFO - Image: zwb-2-2-4-1-1-p66_heatmap.png, Predicted: pickup, Actual: pickup
2024-07-09 16:00:10,881 - INFO - Image: zwb-2-2-4-1-1-p67_heatmap.png, Predicted: pickup, Actual: pickup
2024-07-09 16:00:10,887 - INFO - Image: zwb-2-2-4-1-1-p68_heatmap.png, Predicted: pickup, Actual: pickup
2024-07-09 16:00:10,892 - INFO - Image: zwb-2-2-4-1-1-p69_heatmap.png, Predicted: walk, Actual: pickup
2024-07-09 16:00:10,897 - INFO - Image: zwb-2-2-4-1-1-p70_heatmap.png, Predicted: pickup, Actual: pickup
2024-07-09 16:00:10,903 - INFO - Image: zwb-2-2-4-1-1-p71_heatmap.png, Predicted: pickup, Actual: pickup
2024-07-09 16:00:10,908 - INFO - Image: zwb-2-2-4-1-1-p72_heatmap.png, Predicted: pickup, Actual: pickup
2024-07-09 16:00:10,914 - INFO - Image: zwb-2-2-4-1-1-p73_heatmap.png, Predicted: pickup, Actual: pickup
2024-07-09 16:00:10,919 - INFO - Image: zwb-2-2-4-1-1-p74_heatmap.png, Predicted: pickup, Actual: pickup
2024-07-09 16:00:10,925 - INFO - Image: zwb-2-2-4-1-1-p75_heatmap.png, Predicted: pickup, Actual: pickup
2024-07-09 16:00:10,930 - INFO - Image: zwb-2-2-4-1-1-p76_heatmap.png, Predicted: sitdown, Actual: pickup
2024-07-09 16:00:10,935 - INFO - Image: zwb-2-2-4-1-1-p77_heatmap.png, Predicted: pickup, Actual: pickup
2024-07-09 16:00:10,941 - INFO - Image: zwb-2-2-4-1-1-p78_heatmap.png, Predicted: pickup, Actual: pickup
2024-07-09 16:00:10,946 - INFO - Image: zwb-2-2-4-1-1-p79_heatmap.png, Predicted: pickup, Actual: pickup
2024-07-09 16:00:10,952 - INFO - Image: zwb-2-2-4-1-1-p80_heatmap.png, Predicted: pickup, Actual: pickup
2024-07-09 16:00:10,957 - INFO - Image: zzy-2-2-4-1-1-p01_heatmap.png, Predicted: kick, Actual: pickup
2024-07-09 16:00:10,963 - INFO - Image: zzy-2-2-4-1-1-p02_heatmap.png, Predicted: clap, Actual: pickup
2024-07-09 16:00:10,968 - INFO - Image: zzy-2-2-4-1-1-p03_heatmap.png, Predicted: pickup, Actual: pickup
2024-07-09 16:00:10,974 - INFO - Image: zzy-2-2-4-1-1-p04_heatmap.png, Predicted: pickup, Actual: pickup
2024-07-09 16:00:10,979 - INFO - Image: zzy-2-2-4-1-1-p05_heatmap.png, Predicted: pickup, Actual: pickup
2024-07-09 16:00:10,985 - INFO - Image: zzy-2-2-4-1-1-p06_heatmap.png, Predicted: pickup, Actual: pickup
2024-07-09 16:00:10,991 - INFO - Image: zzy-2-2-4-1-1-p07_heatmap.png, Predicted: pickup, Actual: pickup
2024-07-09 16:00:10,996 - INFO - Image: zzy-2-2-4-1-1-p08_heatmap.png, Predicted: pickup, Actual: pickup
2024-07-09 16:00:11,001 - INFO - Image: zzy-2-2-4-1-1-p09_heatmap.png, Predicted: pickup, Actual: pickup
2024-07-09 16:00:11,008 - INFO - Image: zzy-2-2-4-1-1-p10_heatmap.png, Predicted: pickup, Actual: pickup
2024-07-09 16:00:11,013 - INFO - Image: zzy-2-2-4-1-1-p11_heatmap.png, Predicted: walk, Actual: pickup
2024-07-09 16:00:11,019 - INFO - Image: zzy-2-2-4-1-1-p12_heatmap.png, Predicted: kick, Actual: pickup
2024-07-09 16:00:11,025 - INFO - Image: zzy-2-2-4-1-1-p13_heatmap.png, Predicted: pickup, Actual: pickup
2024-07-09 16:00:11,030 - INFO - Image: zzy-2-2-4-1-1-p14_heatmap.png, Predicted: kick, Actual: pickup
2024-07-09 16:00:11,036 - INFO - Image: zzy-2-2-4-1-1-p15_heatmap.png, Predicted: kick, Actual: pickup
2024-07-09 16:00:11,042 - INFO - Image: zzy-2-2-4-1-1-p16_heatmap.png, Predicted: kick, Actual: pickup
2024-07-09 16:00:11,047 - INFO - Image: zzy-2-2-4-1-1-p17_heatmap.png, Predicted: kick, Actual: pickup
2024-07-09 16:00:11,053 - INFO - Image: zzy-2-2-4-1-1-p18_heatmap.png, Predicted: kick, Actual: pickup
2024-07-09 16:00:11,059 - INFO - Image: zzy-2-2-4-1-1-p19_heatmap.png, Predicted: pickup, Actual: pickup
2024-07-09 16:00:11,064 - INFO - Image: zzy-2-2-4-1-1-p20_heatmap.png, Predicted: kick, Actual: pickup
2024-07-09 16:00:11,070 - INFO - Image: zzy-2-2-4-1-1-p21_heatmap.png, Predicted: kick, Actual: pickup
2024-07-09 16:00:11,075 - INFO - Image: zzy-2-2-4-1-1-p22_heatmap.png, Predicted: pickup, Actual: pickup
2024-07-09 16:00:11,081 - INFO - Image: zzy-2-2-4-1-1-p23_heatmap.png, Predicted: kick, Actual: pickup
2024-07-09 16:00:11,086 - INFO - Image: zzy-2-2-4-1-1-p24_heatmap.png, Predicted: kick, Actual: pickup
2024-07-09 16:00:11,092 - INFO - Image: zzy-2-2-4-1-1-p25_heatmap.png, Predicted: kick, Actual: pickup
2024-07-09 16:00:11,097 - INFO - Image: zzy-2-2-4-1-1-p26_heatmap.png, Predicted: kick, Actual: pickup
2024-07-09 16:00:11,103 - INFO - Image: zzy-2-2-4-1-1-p27_heatmap.png, Predicted: kick, Actual: pickup
2024-07-09 16:00:11,108 - INFO - Image: zzy-2-2-4-1-1-p28_heatmap.png, Predicted: kick, Actual: pickup
2024-07-09 16:00:11,114 - INFO - Image: zwb-2-2-4-1-1-r61_heatmap.png, Predicted: run, Actual: run
2024-07-09 16:00:11,119 - INFO - Image: zwb-2-2-4-1-1-r62_heatmap.png, Predicted: run, Actual: run
2024-07-09 16:00:11,124 - INFO - Image: zwb-2-2-4-1-1-r63_heatmap.png, Predicted: run, Actual: run
2024-07-09 16:00:11,129 - INFO - Image: zwb-2-2-4-1-1-r64_heatmap.png, Predicted: run, Actual: run
2024-07-09 16:00:11,135 - INFO - Image: zwb-2-2-4-1-1-r65_heatmap.png, Predicted: run, Actual: run
2024-07-09 16:00:11,140 - INFO - Image: zwb-2-2-4-1-1-r66_heatmap.png, Predicted: run, Actual: run
2024-07-09 16:00:11,146 - INFO - Image: zwb-2-2-4-1-1-r67_heatmap.png, Predicted: run, Actual: run
2024-07-09 16:00:11,151 - INFO - Image: zwb-2-2-4-1-1-r68_heatmap.png, Predicted: run, Actual: run
2024-07-09 16:00:11,156 - INFO - Image: zwb-2-2-4-1-1-r69_heatmap.png, Predicted: run, Actual: run
2024-07-09 16:00:11,162 - INFO - Image: zwb-2-2-4-1-1-r70_heatmap.png, Predicted: run, Actual: run
2024-07-09 16:00:11,167 - INFO - Image: zwb-2-2-4-1-1-r71_heatmap.png, Predicted: run, Actual: run
2024-07-09 16:00:11,173 - INFO - Image: zwb-2-2-4-1-1-r72_heatmap.png, Predicted: run, Actual: run
2024-07-09 16:00:11,178 - INFO - Image: zwb-2-2-4-1-1-r73_heatmap.png, Predicted: run, Actual: run
2024-07-09 16:00:11,183 - INFO - Image: zwb-2-2-4-1-1-r74_heatmap.png, Predicted: run, Actual: run
2024-07-09 16:00:11,188 - INFO - Image: zwb-2-2-4-1-1-r75_heatmap.png, Predicted: run, Actual: run
2024-07-09 16:00:11,194 - INFO - Image: zwb-2-2-4-1-1-r76_heatmap.png, Predicted: run, Actual: run
2024-07-09 16:00:11,199 - INFO - Image: zwb-2-2-4-1-1-r77_heatmap.png, Predicted: run, Actual: run
2024-07-09 16:00:11,205 - INFO - Image: zwb-2-2-4-1-1-r78_heatmap.png, Predicted: run, Actual: run
2024-07-09 16:00:11,210 - INFO - Image: zwb-2-2-4-1-1-r79_heatmap.png, Predicted: run, Actual: run
2024-07-09 16:00:11,215 - INFO - Image: zwb-2-2-4-1-1-r80_heatmap.png, Predicted: run, Actual: run
2024-07-09 16:00:11,221 - INFO - Image: zzy-2-2-4-1-1-r01_heatmap.png, Predicted: clap, Actual: run
2024-07-09 16:00:11,226 - INFO - Image: zzy-2-2-4-1-1-r02_heatmap.png, Predicted: clap, Actual: run
2024-07-09 16:00:11,232 - INFO - Image: zzy-2-2-4-1-1-r03_heatmap.png, Predicted: run, Actual: run
2024-07-09 16:00:11,238 - INFO - Image: zzy-2-2-4-1-1-r04_heatmap.png, Predicted: clap, Actual: run
2024-07-09 16:00:11,243 - INFO - Image: zzy-2-2-4-1-1-r05_heatmap.png, Predicted: clap, Actual: run
2024-07-09 16:00:11,248 - INFO - Image: zzy-2-2-4-1-1-r06_heatmap.png, Predicted: run, Actual: run
2024-07-09 16:00:11,254 - INFO - Image: zzy-2-2-4-1-1-r07_heatmap.png, Predicted: run, Actual: run
2024-07-09 16:00:11,259 - INFO - Image: zzy-2-2-4-1-1-r08_heatmap.png, Predicted: run, Actual: run
2024-07-09 16:00:11,264 - INFO - Image: zzy-2-2-4-1-1-r09_heatmap.png, Predicted: run, Actual: run
2024-07-09 16:00:11,270 - INFO - Image: zzy-2-2-4-1-1-r10_heatmap.png, Predicted: run, Actual: run
2024-07-09 16:00:11,275 - INFO - Image: zzy-2-2-4-1-1-r11_heatmap.png, Predicted: clap, Actual: run
2024-07-09 16:00:11,280 - INFO - Image: zzy-2-2-4-1-1-r12_heatmap.png, Predicted: clap, Actual: run
2024-07-09 16:00:11,286 - INFO - Image: zzy-2-2-4-1-1-r13_heatmap.png, Predicted: clap, Actual: run
2024-07-09 16:00:11,291 - INFO - Image: zzy-2-2-4-1-1-r14_heatmap.png, Predicted: clap, Actual: run
2024-07-09 16:00:11,296 - INFO - Image: zzy-2-2-4-1-1-r15_heatmap.png, Predicted: run, Actual: run
2024-07-09 16:00:11,302 - INFO - Image: zzy-2-2-4-1-1-r16_heatmap.png, Predicted: run, Actual: run
2024-07-09 16:00:11,307 - INFO - Image: zzy-2-2-4-1-1-r17_heatmap.png, Predicted: run, Actual: run
2024-07-09 16:00:11,312 - INFO - Image: zzy-2-2-4-1-1-r18_heatmap.png, Predicted: clap, Actual: run
2024-07-09 16:00:11,317 - INFO - Image: zzy-2-2-4-1-1-r19_heatmap.png, Predicted: run, Actual: run
2024-07-09 16:00:11,322 - INFO - Image: zzy-2-2-4-1-1-r20_heatmap.png, Predicted: clap, Actual: run
2024-07-09 16:00:11,328 - INFO - Image: zzy-2-2-4-1-1-r21_heatmap.png, Predicted: clap, Actual: run
2024-07-09 16:00:11,333 - INFO - Image: zzy-2-2-4-1-1-r22_heatmap.png, Predicted: run, Actual: run
2024-07-09 16:00:11,338 - INFO - Image: zzy-2-2-4-1-1-r23_heatmap.png, Predicted: clap, Actual: run
2024-07-09 16:00:11,344 - INFO - Image: zzy-2-2-4-1-1-r24_heatmap.png, Predicted: run, Actual: run
2024-07-09 16:00:11,349 - INFO - Image: zzy-2-2-4-1-1-r25_heatmap.png, Predicted: clap, Actual: run
2024-07-09 16:00:11,354 - INFO - Image: zzy-2-2-4-1-1-r26_heatmap.png, Predicted: clap, Actual: run
2024-07-09 16:00:11,360 - INFO - Image: zzy-2-2-4-1-1-r27_heatmap.png, Predicted: clap, Actual: run
2024-07-09 16:00:11,365 - INFO - Image: zzy-2-2-4-1-1-r28_heatmap.png, Predicted: run, Actual: run
2024-07-09 16:00:11,370 - INFO - Image: zzy-2-2-4-1-1-r29_heatmap.png, Predicted: clap, Actual: run
2024-07-09 16:00:11,375 - INFO - Image: zzy-2-2-4-1-1-r30_heatmap.png, Predicted: run, Actual: run
2024-07-09 16:00:11,381 - INFO - Image: zwb-2-2-4-1-1-sd61_heatmap.png, Predicted: sitdown, Actual: sitdown
2024-07-09 16:00:11,387 - INFO - Image: zwb-2-2-4-1-1-sd62_heatmap.png, Predicted: sitdown, Actual: sitdown
2024-07-09 16:00:11,393 - INFO - Image: zwb-2-2-4-1-1-sd63_heatmap.png, Predicted: sitdown, Actual: sitdown
2024-07-09 16:00:11,399 - INFO - Image: zwb-2-2-4-1-1-sd64_heatmap.png, Predicted: sitdown, Actual: sitdown
2024-07-09 16:00:11,404 - INFO - Image: zwb-2-2-4-1-1-sd65_heatmap.png, Predicted: sitdown, Actual: sitdown
2024-07-09 16:00:11,410 - INFO - Image: zwb-2-2-4-1-1-sd66_heatmap.png, Predicted: sitdown, Actual: sitdown
2024-07-09 16:00:11,416 - INFO - Image: zwb-2-2-4-1-1-sd67_heatmap.png, Predicted: sitdown, Actual: sitdown
2024-07-09 16:00:11,422 - INFO - Image: zwb-2-2-4-1-1-sd68_heatmap.png, Predicted: sitdown, Actual: sitdown
2024-07-09 16:00:11,428 - INFO - Image: zwb-2-2-4-1-1-sd69_heatmap.png, Predicted: sitdown, Actual: sitdown
2024-07-09 16:00:11,434 - INFO - Image: zwb-2-2-4-1-1-sd70_heatmap.png, Predicted: sitdown, Actual: sitdown
2024-07-09 16:00:11,439 - INFO - Image: zwb-2-2-4-1-1-sd71_heatmap.png, Predicted: sitdown, Actual: sitdown
2024-07-09 16:00:11,445 - INFO - Image: zwb-2-2-4-1-1-sd72_heatmap.png, Predicted: sitdown, Actual: sitdown
2024-07-09 16:00:11,451 - INFO - Image: zwb-2-2-4-1-1-sd73_heatmap.png, Predicted: sitdown, Actual: sitdown
2024-07-09 16:00:11,457 - INFO - Image: zwb-2-2-4-1-1-sd74_heatmap.png, Predicted: sitdown, Actual: sitdown
2024-07-09 16:00:11,463 - INFO - Image: zwb-2-2-4-1-1-sd75_heatmap.png, Predicted: sitdown, Actual: sitdown
2024-07-09 16:00:11,469 - INFO - Image: zwb-2-2-4-1-1-sd76_heatmap.png, Predicted: wavehand, Actual: sitdown
2024-07-09 16:00:11,475 - INFO - Image: zwb-2-2-4-1-1-sd77_heatmap.png, Predicted: sitdown, Actual: sitdown
2024-07-09 16:00:11,480 - INFO - Image: zwb-2-2-4-1-1-sd78_heatmap.png, Predicted: sitdown, Actual: sitdown
2024-07-09 16:00:11,486 - INFO - Image: zwb-2-2-4-1-1-sd79_heatmap.png, Predicted: sitdown, Actual: sitdown
2024-07-09 16:00:11,491 - INFO - Image: zwb-2-2-4-1-1-sd80_heatmap.png, Predicted: sitdown, Actual: sitdown
2024-07-09 16:00:11,497 - INFO - Image: zzy-2-2-4-1-1-sd01_heatmap.png, Predicted: sitdown, Actual: sitdown
2024-07-09 16:00:11,502 - INFO - Image: zzy-2-2-4-1-1-sd02_heatmap.png, Predicted: sitdown, Actual: sitdown
2024-07-09 16:00:11,507 - INFO - Image: zzy-2-2-4-1-1-sd03_heatmap.png, Predicted: sitdown, Actual: sitdown
2024-07-09 16:00:11,513 - INFO - Image: zzy-2-2-4-1-1-sd04_heatmap.png, Predicted: sitdown, Actual: sitdown
2024-07-09 16:00:11,518 - INFO - Image: zzy-2-2-4-1-1-sd05_heatmap.png, Predicted: sitdown, Actual: sitdown
2024-07-09 16:00:11,524 - INFO - Image: zzy-2-2-4-1-1-sd06_heatmap.png, Predicted: walk, Actual: sitdown
2024-07-09 16:00:11,529 - INFO - Image: zzy-2-2-4-1-1-sd07_heatmap.png, Predicted: sitdown, Actual: sitdown
2024-07-09 16:00:11,535 - INFO - Image: zzy-2-2-4-1-1-sd08_heatmap.png, Predicted: sitdown, Actual: sitdown
2024-07-09 16:00:11,541 - INFO - Image: zzy-2-2-4-1-1-sd09_heatmap.png, Predicted: sitdown, Actual: sitdown
2024-07-09 16:00:11,547 - INFO - Image: zzy-2-2-4-1-1-sd10_heatmap.png, Predicted: sitdown, Actual: sitdown
2024-07-09 16:00:11,553 - INFO - Image: zzy-2-2-4-1-1-sd11_heatmap.png, Predicted: sitdown, Actual: sitdown
2024-07-09 16:00:11,559 - INFO - Image: zzy-2-2-4-1-1-sd12_heatmap.png, Predicted: sitdown, Actual: sitdown
2024-07-09 16:00:11,565 - INFO - Image: zzy-2-2-4-1-1-sd13_heatmap.png, Predicted: sitdown, Actual: sitdown
2024-07-09 16:00:11,570 - INFO - Image: zzy-2-2-4-1-1-sd14_heatmap.png, Predicted: sitdown, Actual: sitdown
2024-07-09 16:00:11,577 - INFO - Image: zzy-2-2-4-1-1-sd15_heatmap.png, Predicted: sitdown, Actual: sitdown
2024-07-09 16:00:11,582 - INFO - Image: zzy-2-2-4-1-1-sd16_heatmap.png, Predicted: sitdown, Actual: sitdown
2024-07-09 16:00:11,588 - INFO - Image: zzy-2-2-4-1-1-sd17_heatmap.png, Predicted: sitdown, Actual: sitdown
2024-07-09 16:00:11,593 - INFO - Image: zzy-2-2-4-1-1-sd18_heatmap.png, Predicted: sitdown, Actual: sitdown
2024-07-09 16:00:11,600 - INFO - Image: zzy-2-2-4-1-1-sd19_heatmap.png, Predicted: sitdown, Actual: sitdown
2024-07-09 16:00:11,605 - INFO - Image: zzy-2-2-4-1-1-sd20_heatmap.png, Predicted: sitdown, Actual: sitdown
2024-07-09 16:00:11,611 - INFO - Image: zzy-2-2-4-1-1-sd21_heatmap.png, Predicted: sitdown, Actual: sitdown
2024-07-09 16:00:11,616 - INFO - Image: zzy-2-2-4-1-1-sd22_heatmap.png, Predicted: sitdown, Actual: sitdown
2024-07-09 16:00:11,622 - INFO - Image: zzy-2-2-4-1-1-sd23_heatmap.png, Predicted: sitdown, Actual: sitdown
2024-07-09 16:00:11,628 - INFO - Image: zzy-2-2-4-1-1-sd24_heatmap.png, Predicted: sitdown, Actual: sitdown
2024-07-09 16:00:11,633 - INFO - Image: zzy-2-2-4-1-1-sd25_heatmap.png, Predicted: sitdown, Actual: sitdown
2024-07-09 16:00:11,639 - INFO - Image: zzy-2-2-4-1-1-sd26_heatmap.png, Predicted: sitdown, Actual: sitdown
2024-07-09 16:00:11,644 - INFO - Image: zzy-2-2-4-1-1-sd27_heatmap.png, Predicted: sitdown, Actual: sitdown
2024-07-09 16:00:11,650 - INFO - Image: zzy-2-2-4-1-1-sd28_heatmap.png, Predicted: sitdown, Actual: sitdown
2024-07-09 16:00:11,655 - INFO - Image: zzy-2-2-4-1-1-sd29_heatmap.png, Predicted: sitdown, Actual: sitdown
2024-07-09 16:00:11,661 - INFO - Image: zzy-2-2-4-1-1-sd30_heatmap.png, Predicted: sitdown, Actual: sitdown
2024-07-09 16:00:11,667 - INFO - Image: zwb-2-2-4-1-1-su61_heatmap.png, Predicted: standup, Actual: standup
2024-07-09 16:00:11,672 - INFO - Image: zwb-2-2-4-1-1-su62_heatmap.png, Predicted: standup, Actual: standup
2024-07-09 16:00:11,677 - INFO - Image: zwb-2-2-4-1-1-su63_heatmap.png, Predicted: standup, Actual: standup
2024-07-09 16:00:11,683 - INFO - Image: zwb-2-2-4-1-1-su64_heatmap.png, Predicted: standup, Actual: standup
2024-07-09 16:00:11,688 - INFO - Image: zwb-2-2-4-1-1-su65_heatmap.png, Predicted: standup, Actual: standup
2024-07-09 16:00:11,694 - INFO - Image: zwb-2-2-4-1-1-su66_heatmap.png, Predicted: standup, Actual: standup
2024-07-09 16:00:11,699 - INFO - Image: zwb-2-2-4-1-1-su67_heatmap.png, Predicted: standup, Actual: standup
2024-07-09 16:00:11,704 - INFO - Image: zwb-2-2-4-1-1-su68_heatmap.png, Predicted: standup, Actual: standup
2024-07-09 16:00:11,710 - INFO - Image: zwb-2-2-4-1-1-su69_heatmap.png, Predicted: standup, Actual: standup
2024-07-09 16:00:11,715 - INFO - Image: zwb-2-2-4-1-1-su70_heatmap.png, Predicted: standup, Actual: standup
2024-07-09 16:00:11,721 - INFO - Image: zwb-2-2-4-1-1-su71_heatmap.png, Predicted: sitdown, Actual: standup
2024-07-09 16:00:11,726 - INFO - Image: zwb-2-2-4-1-1-su72_heatmap.png, Predicted: sitdown, Actual: standup
2024-07-09 16:00:11,732 - INFO - Image: zwb-2-2-4-1-1-su73_heatmap.png, Predicted: standup, Actual: standup
2024-07-09 16:00:11,737 - INFO - Image: zwb-2-2-4-1-1-su74_heatmap.png, Predicted: standup, Actual: standup
2024-07-09 16:00:11,742 - INFO - Image: zwb-2-2-4-1-1-su75_heatmap.png, Predicted: standup, Actual: standup
2024-07-09 16:00:11,749 - INFO - Image: zwb-2-2-4-1-1-su76_heatmap.png, Predicted: standup, Actual: standup
2024-07-09 16:00:11,763 - INFO - Image: zwb-2-2-4-1-1-su77_heatmap.png, Predicted: standup, Actual: standup
2024-07-09 16:00:11,769 - INFO - Image: zwb-2-2-4-1-1-su78_heatmap.png, Predicted: standup, Actual: standup
2024-07-09 16:00:11,774 - INFO - Image: zwb-2-2-4-1-1-su79_heatmap.png, Predicted: standup, Actual: standup
2024-07-09 16:00:11,779 - INFO - Image: zwb-2-2-4-1-1-su80_heatmap.png, Predicted: standup, Actual: standup
2024-07-09 16:00:11,785 - INFO - Image: zzy-2-2-4-1-1-su01_heatmap.png, Predicted: standup, Actual: standup
2024-07-09 16:00:11,791 - INFO - Image: zzy-2-2-4-1-1-su02_heatmap.png, Predicted: standup, Actual: standup
2024-07-09 16:00:11,796 - INFO - Image: zzy-2-2-4-1-1-su03_heatmap.png, Predicted: sitdown, Actual: standup
2024-07-09 16:00:11,802 - INFO - Image: zzy-2-2-4-1-1-su04_heatmap.png, Predicted: kick, Actual: standup
2024-07-09 16:00:11,807 - INFO - Image: zzy-2-2-4-1-1-su05_heatmap.png, Predicted: standup, Actual: standup
2024-07-09 16:00:11,813 - INFO - Image: zzy-2-2-4-1-1-su06_heatmap.png, Predicted: standup, Actual: standup
2024-07-09 16:00:11,819 - INFO - Image: zzy-2-2-4-1-1-su07_heatmap.png, Predicted: sitdown, Actual: standup
2024-07-09 16:00:11,824 - INFO - Image: zzy-2-2-4-1-1-su08_heatmap.png, Predicted: standup, Actual: standup
2024-07-09 16:00:11,830 - INFO - Image: zzy-2-2-4-1-1-su09_heatmap.png, Predicted: standup, Actual: standup
2024-07-09 16:00:11,836 - INFO - Image: zzy-2-2-4-1-1-su10_heatmap.png, Predicted: standup, Actual: standup
2024-07-09 16:00:11,842 - INFO - Image: zzy-2-2-4-1-1-su11_heatmap.png, Predicted: standup, Actual: standup
2024-07-09 16:00:11,847 - INFO - Image: zzy-2-2-4-1-1-su12_heatmap.png, Predicted: walk, Actual: standup
2024-07-09 16:00:11,853 - INFO - Image: zzy-2-2-4-1-1-su13_heatmap.png, Predicted: walk, Actual: standup
2024-07-09 16:00:11,859 - INFO - Image: zzy-2-2-4-1-1-su14_heatmap.png, Predicted: walk, Actual: standup
2024-07-09 16:00:11,865 - INFO - Image: zzy-2-2-4-1-1-su15_heatmap.png, Predicted: pickup, Actual: standup
2024-07-09 16:00:11,870 - INFO - Image: zzy-2-2-4-1-1-su16_heatmap.png, Predicted: standup, Actual: standup
2024-07-09 16:00:11,876 - INFO - Image: zzy-2-2-4-1-1-su17_heatmap.png, Predicted: walk, Actual: standup
2024-07-09 16:00:11,881 - INFO - Image: zzy-2-2-4-1-1-su18_heatmap.png, Predicted: standup, Actual: standup
2024-07-09 16:00:11,887 - INFO - Image: zzy-2-2-4-1-1-su19_heatmap.png, Predicted: standup, Actual: standup
2024-07-09 16:00:11,893 - INFO - Image: zzy-2-2-4-1-1-su20_heatmap.png, Predicted: standup, Actual: standup
2024-07-09 16:00:11,898 - INFO - Image: zzy-2-2-4-1-1-su21_heatmap.png, Predicted: standup, Actual: standup
2024-07-09 16:00:11,904 - INFO - Image: zzy-2-2-4-1-1-su22_heatmap.png, Predicted: standup, Actual: standup
2024-07-09 16:00:11,910 - INFO - Image: zzy-2-2-4-1-1-su23_heatmap.png, Predicted: standup, Actual: standup
2024-07-09 16:00:11,915 - INFO - Image: zzy-2-2-4-1-1-su24_heatmap.png, Predicted: standup, Actual: standup
2024-07-09 16:00:11,921 - INFO - Image: zzy-2-2-4-1-1-su25_heatmap.png, Predicted: standup, Actual: standup
2024-07-09 16:00:11,927 - INFO - Image: zzy-2-2-4-1-1-su26_heatmap.png, Predicted: standup, Actual: standup
2024-07-09 16:00:11,932 - INFO - Image: zzy-2-2-4-1-1-su27_heatmap.png, Predicted: standup, Actual: standup
2024-07-09 16:00:11,938 - INFO - Image: zzy-2-2-4-1-1-su28_heatmap.png, Predicted: standup, Actual: standup
2024-07-09 16:00:11,943 - INFO - Image: zzy-2-2-4-1-1-su29_heatmap.png, Predicted: standup, Actual: standup
2024-07-09 16:00:11,949 - INFO - Image: zzy-2-2-4-1-1-su30_heatmap.png, Predicted: standup, Actual: standup
2024-07-09 16:00:11,954 - INFO - Image: zwb-2-2-4-1-1-w61_heatmap.png, Predicted: walk, Actual: walk
2024-07-09 16:00:11,959 - INFO - Image: zwb-2-2-4-1-1-w62_heatmap.png, Predicted: walk, Actual: walk
2024-07-09 16:00:11,965 - INFO - Image: zwb-2-2-4-1-1-w63_heatmap.png, Predicted: walk, Actual: walk
2024-07-09 16:00:11,971 - INFO - Image: zwb-2-2-4-1-1-w64_heatmap.png, Predicted: walk, Actual: walk
2024-07-09 16:00:11,976 - INFO - Image: zwb-2-2-4-1-1-w65_heatmap.png, Predicted: walk, Actual: walk
2024-07-09 16:00:11,981 - INFO - Image: zwb-2-2-4-1-1-w66_heatmap.png, Predicted: wavehand, Actual: walk
2024-07-09 16:00:11,987 - INFO - Image: zwb-2-2-4-1-1-w67_heatmap.png, Predicted: walk, Actual: walk
2024-07-09 16:00:11,993 - INFO - Image: zwb-2-2-4-1-1-w68_heatmap.png, Predicted: walk, Actual: walk
2024-07-09 16:00:11,998 - INFO - Image: zwb-2-2-4-1-1-w69_heatmap.png, Predicted: walk, Actual: walk
2024-07-09 16:00:12,004 - INFO - Image: zwb-2-2-4-1-1-w70_heatmap.png, Predicted: walk, Actual: walk
2024-07-09 16:00:12,009 - INFO - Image: zwb-2-2-4-1-1-w71_heatmap.png, Predicted: walk, Actual: walk
2024-07-09 16:00:12,015 - INFO - Image: zwb-2-2-4-1-1-w72_heatmap.png, Predicted: walk, Actual: walk
2024-07-09 16:00:12,020 - INFO - Image: zwb-2-2-4-1-1-w73_heatmap.png, Predicted: walk, Actual: walk
2024-07-09 16:00:12,026 - INFO - Image: zwb-2-2-4-1-1-w74_heatmap.png, Predicted: walk, Actual: walk
2024-07-09 16:00:12,031 - INFO - Image: zwb-2-2-4-1-1-w75_heatmap.png, Predicted: walk, Actual: walk
2024-07-09 16:00:12,037 - INFO - Image: zwb-2-2-4-1-1-w76_heatmap.png, Predicted: sitdown, Actual: walk
2024-07-09 16:00:12,042 - INFO - Image: zwb-2-2-4-1-1-w77_heatmap.png, Predicted: sitdown, Actual: walk
2024-07-09 16:00:12,048 - INFO - Image: zwb-2-2-4-1-1-w78_heatmap.png, Predicted: sitdown, Actual: walk
2024-07-09 16:00:12,053 - INFO - Image: zwb-2-2-4-1-1-w79_heatmap.png, Predicted: walk, Actual: walk
2024-07-09 16:00:12,058 - INFO - Image: zwb-2-2-4-1-1-w80_heatmap.png, Predicted: walk, Actual: walk
2024-07-09 16:00:12,063 - INFO - Image: zzy-2-2-4-1-1-w01_heatmap.png, Predicted: walk, Actual: walk
2024-07-09 16:00:12,068 - INFO - Image: zzy-2-2-4-1-1-w02_heatmap.png, Predicted: walk, Actual: walk
2024-07-09 16:00:12,074 - INFO - Image: zzy-2-2-4-1-1-w03_heatmap.png, Predicted: walk, Actual: walk
2024-07-09 16:00:12,079 - INFO - Image: zzy-2-2-4-1-1-w04_heatmap.png, Predicted: walk, Actual: walk
2024-07-09 16:00:12,085 - INFO - Image: zzy-2-2-4-1-1-w05_heatmap.png, Predicted: walk, Actual: walk
2024-07-09 16:00:12,090 - INFO - Image: zzy-2-2-4-1-1-w06_heatmap.png, Predicted: walk, Actual: walk
2024-07-09 16:00:12,095 - INFO - Image: zzy-2-2-4-1-1-w07_heatmap.png, Predicted: walk, Actual: walk
2024-07-09 16:00:12,100 - INFO - Image: zzy-2-2-4-1-1-w08_heatmap.png, Predicted: walk, Actual: walk
2024-07-09 16:00:12,106 - INFO - Image: zzy-2-2-4-1-1-w09_heatmap.png, Predicted: walk, Actual: walk
2024-07-09 16:00:12,111 - INFO - Image: zzy-2-2-4-1-1-w10_heatmap.png, Predicted: walk, Actual: walk
2024-07-09 16:00:12,117 - INFO - Image: zzy-2-2-4-1-1-w11_heatmap.png, Predicted: walk, Actual: walk
2024-07-09 16:00:12,122 - INFO - Image: zzy-2-2-4-1-1-w12_heatmap.png, Predicted: walk, Actual: walk
2024-07-09 16:00:12,128 - INFO - Image: zzy-2-2-4-1-1-w13_heatmap.png, Predicted: walk, Actual: walk
2024-07-09 16:00:12,133 - INFO - Image: zzy-2-2-4-1-1-w14_heatmap.png, Predicted: walk, Actual: walk
2024-07-09 16:00:12,138 - INFO - Image: zzy-2-2-4-1-1-w15_heatmap.png, Predicted: walk, Actual: walk
2024-07-09 16:00:12,144 - INFO - Image: zzy-2-2-4-1-1-w16_heatmap.png, Predicted: walk, Actual: walk
2024-07-09 16:00:12,149 - INFO - Image: zzy-2-2-4-1-1-w17_heatmap.png, Predicted: walk, Actual: walk
2024-07-09 16:00:12,154 - INFO - Image: zzy-2-2-4-1-1-w18_heatmap.png, Predicted: walk, Actual: walk
2024-07-09 16:00:12,160 - INFO - Image: zzy-2-2-4-1-1-w19_heatmap.png, Predicted: walk, Actual: walk
2024-07-09 16:00:12,165 - INFO - Image: zzy-2-2-4-1-1-w20_heatmap.png, Predicted: walk, Actual: walk
2024-07-09 16:00:12,170 - INFO - Image: zzy-2-2-4-1-1-w21_heatmap.png, Predicted: walk, Actual: walk
2024-07-09 16:00:12,176 - INFO - Image: zzy-2-2-4-1-1-w22_heatmap.png, Predicted: walk, Actual: walk
2024-07-09 16:00:12,181 - INFO - Image: zzy-2-2-4-1-1-w23_heatmap.png, Predicted: walk, Actual: walk
2024-07-09 16:00:12,186 - INFO - Image: zzy-2-2-4-1-1-w24_heatmap.png, Predicted: walk, Actual: walk
2024-07-09 16:00:12,192 - INFO - Image: zzy-2-2-4-1-1-w25_heatmap.png, Predicted: walk, Actual: walk
2024-07-09 16:00:12,197 - INFO - Image: zzy-2-2-4-1-1-w26_heatmap.png, Predicted: walk, Actual: walk
2024-07-09 16:00:12,202 - INFO - Image: zzy-2-2-4-1-1-w27_heatmap.png, Predicted: walk, Actual: walk
2024-07-09 16:00:12,208 - INFO - Image: zzy-2-2-4-1-1-w28_heatmap.png, Predicted: walk, Actual: walk
2024-07-09 16:00:12,213 - INFO - Image: zzy-2-2-4-1-1-w29_heatmap.png, Predicted: walk, Actual: walk
2024-07-09 16:00:12,218 - INFO - Image: zzy-2-2-4-1-1-w30_heatmap.png, Predicted: walk, Actual: walk
2024-07-09 16:00:12,218 - INFO - Accuracy: 83.00%
2024-07-09 17:22:48,127 - INFO - Image: zwb-2-2-4-1-1-c61_heatmap.png, Predicted: clap, Actual: clap
2024-07-09 17:22:48,135 - INFO - Image: zwb-2-2-4-1-1-c62_heatmap.png, Predicted: clap, Actual: clap
2024-07-09 17:22:48,143 - INFO - Image: zwb-2-2-4-1-1-c63_heatmap.png, Predicted: clap, Actual: clap
2024-07-09 17:22:48,151 - INFO - Image: zwb-2-2-4-1-1-c64_heatmap.png, Predicted: clap, Actual: clap
2024-07-09 17:22:48,160 - INFO - Image: zwb-2-2-4-1-1-c65_heatmap.png, Predicted: clap, Actual: clap
2024-07-09 17:22:48,169 - INFO - Image: zwb-2-2-4-1-1-c66_heatmap.png, Predicted: clap, Actual: clap
2024-07-09 17:22:48,178 - INFO - Image: zwb-2-2-4-1-1-c67_heatmap.png, Predicted: clap, Actual: clap
2024-07-09 17:22:48,185 - INFO - Image: zwb-2-2-4-1-1-c68_heatmap.png, Predicted: clap, Actual: clap
2024-07-09 17:22:48,193 - INFO - Image: zwb-2-2-4-1-1-c69_heatmap.png, Predicted: clap, Actual: clap
2024-07-09 17:22:48,200 - INFO - Image: zwb-2-2-4-1-1-c70_heatmap.png, Predicted: clap, Actual: clap
2024-07-09 17:22:48,206 - INFO - Image: zwb-2-2-4-1-1-c71_heatmap.png, Predicted: clap, Actual: clap
2024-07-09 17:22:48,214 - INFO - Image: zwb-2-2-4-1-1-c72_heatmap.png, Predicted: clap, Actual: clap
2024-07-09 17:22:48,222 - INFO - Image: zwb-2-2-4-1-1-c73_heatmap.png, Predicted: clap, Actual: clap
2024-07-09 17:22:48,228 - INFO - Image: zwb-2-2-4-1-1-c74_heatmap.png, Predicted: clap, Actual: clap
2024-07-09 17:22:48,235 - INFO - Image: zwb-2-2-4-1-1-c75_heatmap.png, Predicted: clap, Actual: clap
2024-07-09 17:22:48,243 - INFO - Image: zwb-2-2-4-1-1-c76_heatmap.png, Predicted: clap, Actual: clap
2024-07-09 17:22:48,257 - INFO - Image: zwb-2-2-4-1-1-c77_heatmap.png, Predicted: clap, Actual: clap
2024-07-09 17:22:48,267 - INFO - Image: zwb-2-2-4-1-1-c78_heatmap.png, Predicted: clap, Actual: clap
2024-07-09 17:22:48,277 - INFO - Image: zwb-2-2-4-1-1-c79_heatmap.png, Predicted: clap, Actual: clap
2024-07-09 17:22:48,285 - INFO - Image: zwb-2-2-4-1-1-c80_heatmap.png, Predicted: clap, Actual: clap
2024-07-09 17:22:48,292 - INFO - Image: zzy-2-2-4-1-1-c01_heatmap.png, Predicted: clap, Actual: clap
2024-07-09 17:22:48,299 - INFO - Image: zzy-2-2-4-1-1-c02_heatmap.png, Predicted: clap, Actual: clap
2024-07-09 17:22:48,308 - INFO - Image: zzy-2-2-4-1-1-c03_heatmap.png, Predicted: clap, Actual: clap
2024-07-09 17:22:48,315 - INFO - Image: zzy-2-2-4-1-1-c04_heatmap.png, Predicted: clap, Actual: clap
2024-07-09 17:22:48,323 - INFO - Image: zzy-2-2-4-1-1-c05_heatmap.png, Predicted: clap, Actual: clap
2024-07-09 17:22:48,330 - INFO - Image: zzy-2-2-4-1-1-c06_heatmap.png, Predicted: clap, Actual: clap
2024-07-09 17:22:48,337 - INFO - Image: zzy-2-2-4-1-1-c07_heatmap.png, Predicted: clap, Actual: clap
2024-07-09 17:22:48,344 - INFO - Image: zzy-2-2-4-1-1-c08_heatmap.png, Predicted: clap, Actual: clap
2024-07-09 17:22:48,352 - INFO - Image: zzy-2-2-4-1-1-c09_heatmap.png, Predicted: clap, Actual: clap
2024-07-09 17:22:48,359 - INFO - Image: zzy-2-2-4-1-1-c10_heatmap.png, Predicted: clap, Actual: clap
2024-07-09 17:22:48,366 - INFO - Image: zzy-2-2-4-1-1-c11_heatmap.png, Predicted: clap, Actual: clap
2024-07-09 17:22:48,377 - INFO - Image: zzy-2-2-4-1-1-c12_heatmap.png, Predicted: clap, Actual: clap
2024-07-09 17:22:48,391 - INFO - Image: zzy-2-2-4-1-1-c13_heatmap.png, Predicted: clap, Actual: clap
2024-07-09 17:22:48,401 - INFO - Image: zzy-2-2-4-1-1-c14_heatmap.png, Predicted: clap, Actual: clap
2024-07-09 17:22:48,409 - INFO - Image: zzy-2-2-4-1-1-c15_heatmap.png, Predicted: clap, Actual: clap
2024-07-09 17:22:48,417 - INFO - Image: zzy-2-2-4-1-1-c16_heatmap.png, Predicted: clap, Actual: clap
2024-07-09 17:22:48,426 - INFO - Image: zzy-2-2-4-1-1-c17_heatmap.png, Predicted: clap, Actual: clap
2024-07-09 17:22:48,434 - INFO - Image: zzy-2-2-4-1-1-c18_heatmap.png, Predicted: clap, Actual: clap
2024-07-09 17:22:48,443 - INFO - Image: zzy-2-2-4-1-1-c19_heatmap.png, Predicted: clap, Actual: clap
2024-07-09 17:22:48,451 - INFO - Image: zzy-2-2-4-1-1-c20_heatmap.png, Predicted: clap, Actual: clap
2024-07-09 17:22:48,458 - INFO - Image: zzy-2-2-4-1-1-c21_heatmap.png, Predicted: clap, Actual: clap
2024-07-09 17:22:48,465 - INFO - Image: zzy-2-2-4-1-1-c22_heatmap.png, Predicted: clap, Actual: clap
2024-07-09 17:22:48,472 - INFO - Image: zzy-2-2-4-1-1-c23_heatmap.png, Predicted: clap, Actual: clap
2024-07-09 17:22:48,479 - INFO - Image: zzy-2-2-4-1-1-c24_heatmap.png, Predicted: clap, Actual: clap
2024-07-09 17:22:48,485 - INFO - Image: zzy-2-2-4-1-1-c25_heatmap.png, Predicted: clap, Actual: clap
2024-07-09 17:22:48,492 - INFO - Image: zzy-2-2-4-1-1-c26_heatmap.png, Predicted: clap, Actual: clap
2024-07-09 17:22:48,499 - INFO - Image: zzy-2-2-4-1-1-c27_heatmap.png, Predicted: clap, Actual: clap
2024-07-09 17:22:48,507 - INFO - Image: zzy-2-2-4-1-1-c28_heatmap.png, Predicted: clap, Actual: clap
2024-07-09 17:22:48,513 - INFO - Image: zzy-2-2-4-1-1-c29_heatmap.png, Predicted: clap, Actual: clap
2024-07-09 17:22:48,521 - INFO - Image: zzy-2-2-4-1-1-c30_heatmap.png, Predicted: clap, Actual: clap
2024-07-09 17:22:48,528 - INFO - Image: zwb-2-2-4-1-1-p59_heatmap.png, Predicted: pickup, Actual: pickup
2024-07-09 17:22:48,536 - INFO - Image: zwb-2-2-4-1-1-p60_heatmap.png, Predicted: pickup, Actual: pickup
2024-07-09 17:22:48,543 - INFO - Image: zwb-2-2-4-1-1-p61_heatmap.png, Predicted: pickup, Actual: pickup
2024-07-09 17:22:48,552 - INFO - Image: zwb-2-2-4-1-1-p62_heatmap.png, Predicted: pickup, Actual: pickup
2024-07-09 17:22:48,558 - INFO - Image: zwb-2-2-4-1-1-p63_heatmap.png, Predicted: pickup, Actual: pickup
2024-07-09 17:22:48,566 - INFO - Image: zwb-2-2-4-1-1-p64_heatmap.png, Predicted: pickup, Actual: pickup
2024-07-09 17:22:48,576 - INFO - Image: zwb-2-2-4-1-1-p65_heatmap.png, Predicted: pickup, Actual: pickup
2024-07-09 17:22:48,586 - INFO - Image: zwb-2-2-4-1-1-p66_heatmap.png, Predicted: pickup, Actual: pickup
2024-07-09 17:22:48,593 - INFO - Image: zwb-2-2-4-1-1-p67_heatmap.png, Predicted: pickup, Actual: pickup
2024-07-09 17:22:48,602 - INFO - Image: zwb-2-2-4-1-1-p68_heatmap.png, Predicted: pickup, Actual: pickup
2024-07-09 17:22:48,608 - INFO - Image: zwb-2-2-4-1-1-p69_heatmap.png, Predicted: walk, Actual: pickup
2024-07-09 17:22:48,615 - INFO - Image: zwb-2-2-4-1-1-p70_heatmap.png, Predicted: pickup, Actual: pickup
2024-07-09 17:22:48,622 - INFO - Image: zwb-2-2-4-1-1-p71_heatmap.png, Predicted: pickup, Actual: pickup
2024-07-09 17:22:48,630 - INFO - Image: zwb-2-2-4-1-1-p72_heatmap.png, Predicted: pickup, Actual: pickup
2024-07-09 17:22:48,638 - INFO - Image: zwb-2-2-4-1-1-p73_heatmap.png, Predicted: pickup, Actual: pickup
2024-07-09 17:22:48,645 - INFO - Image: zwb-2-2-4-1-1-p74_heatmap.png, Predicted: pickup, Actual: pickup
2024-07-09 17:22:48,654 - INFO - Image: zwb-2-2-4-1-1-p75_heatmap.png, Predicted: pickup, Actual: pickup
2024-07-09 17:22:48,661 - INFO - Image: zwb-2-2-4-1-1-p76_heatmap.png, Predicted: pickup, Actual: pickup
2024-07-09 17:22:48,675 - INFO - Image: zwb-2-2-4-1-1-p77_heatmap.png, Predicted: pickup, Actual: pickup
2024-07-09 17:22:48,683 - INFO - Image: zwb-2-2-4-1-1-p78_heatmap.png, Predicted: pickup, Actual: pickup
2024-07-09 17:22:48,691 - INFO - Image: zwb-2-2-4-1-1-p79_heatmap.png, Predicted: pickup, Actual: pickup
2024-07-09 17:22:48,699 - INFO - Image: zwb-2-2-4-1-1-p80_heatmap.png, Predicted: pickup, Actual: pickup
2024-07-09 17:22:48,705 - INFO - Image: zzy-2-2-4-1-1-p01_heatmap.png, Predicted: kick, Actual: pickup
2024-07-09 17:22:48,712 - INFO - Image: zzy-2-2-4-1-1-p02_heatmap.png, Predicted: walk, Actual: pickup
2024-07-09 17:22:48,720 - INFO - Image: zzy-2-2-4-1-1-p03_heatmap.png, Predicted: kick, Actual: pickup
2024-07-09 17:22:48,727 - INFO - Image: zzy-2-2-4-1-1-p04_heatmap.png, Predicted: pickup, Actual: pickup
2024-07-09 17:22:48,733 - INFO - Image: zzy-2-2-4-1-1-p05_heatmap.png, Predicted: walk, Actual: pickup
2024-07-09 17:22:48,741 - INFO - Image: zzy-2-2-4-1-1-p06_heatmap.png, Predicted: pickup, Actual: pickup
2024-07-09 17:22:48,748 - INFO - Image: zzy-2-2-4-1-1-p07_heatmap.png, Predicted: walk, Actual: pickup
2024-07-09 17:22:48,754 - INFO - Image: zzy-2-2-4-1-1-p08_heatmap.png, Predicted: pickup, Actual: pickup
2024-07-09 17:22:48,762 - INFO - Image: zzy-2-2-4-1-1-p09_heatmap.png, Predicted: walk, Actual: pickup
2024-07-09 17:22:48,770 - INFO - Image: zzy-2-2-4-1-1-p10_heatmap.png, Predicted: walk, Actual: pickup
2024-07-09 17:22:48,780 - INFO - Image: zzy-2-2-4-1-1-p11_heatmap.png, Predicted: clap, Actual: pickup
2024-07-09 17:22:48,788 - INFO - Image: zzy-2-2-4-1-1-p12_heatmap.png, Predicted: kick, Actual: pickup
2024-07-09 17:22:48,797 - INFO - Image: zzy-2-2-4-1-1-p13_heatmap.png, Predicted: walk, Actual: pickup
2024-07-09 17:22:48,804 - INFO - Image: zzy-2-2-4-1-1-p14_heatmap.png, Predicted: kick, Actual: pickup
2024-07-09 17:22:48,813 - INFO - Image: zzy-2-2-4-1-1-p15_heatmap.png, Predicted: kick, Actual: pickup
2024-07-09 17:22:48,820 - INFO - Image: zzy-2-2-4-1-1-p16_heatmap.png, Predicted: kick, Actual: pickup
2024-07-09 17:22:48,827 - INFO - Image: zzy-2-2-4-1-1-p17_heatmap.png, Predicted: kick, Actual: pickup
2024-07-09 17:22:48,834 - INFO - Image: zzy-2-2-4-1-1-p18_heatmap.png, Predicted: clap, Actual: pickup
2024-07-09 17:22:48,842 - INFO - Image: zzy-2-2-4-1-1-p19_heatmap.png, Predicted: kick, Actual: pickup
2024-07-09 17:22:48,848 - INFO - Image: zzy-2-2-4-1-1-p20_heatmap.png, Predicted: kick, Actual: pickup
2024-07-09 17:22:48,859 - INFO - Image: zzy-2-2-4-1-1-p21_heatmap.png, Predicted: kick, Actual: pickup
2024-07-09 17:22:48,867 - INFO - Image: zzy-2-2-4-1-1-p22_heatmap.png, Predicted: pickup, Actual: pickup
2024-07-09 17:22:48,875 - INFO - Image: zzy-2-2-4-1-1-p23_heatmap.png, Predicted: kick, Actual: pickup
2024-07-09 17:22:48,882 - INFO - Image: zzy-2-2-4-1-1-p24_heatmap.png, Predicted: kick, Actual: pickup
2024-07-09 17:22:48,889 - INFO - Image: zzy-2-2-4-1-1-p25_heatmap.png, Predicted: kick, Actual: pickup
2024-07-09 17:22:48,896 - INFO - Image: zzy-2-2-4-1-1-p26_heatmap.png, Predicted: pickup, Actual: pickup
2024-07-09 17:22:48,904 - INFO - Image: zzy-2-2-4-1-1-p27_heatmap.png, Predicted: pickup, Actual: pickup
2024-07-09 17:22:48,911 - INFO - Image: zzy-2-2-4-1-1-p28_heatmap.png, Predicted: pickup, Actual: pickup
2024-07-09 17:22:48,918 - INFO - Image: zwb-2-2-4-1-1-r61_heatmap.png, Predicted: run, Actual: run
2024-07-09 17:22:48,925 - INFO - Image: zwb-2-2-4-1-1-r62_heatmap.png, Predicted: run, Actual: run
2024-07-09 17:22:48,932 - INFO - Image: zwb-2-2-4-1-1-r63_heatmap.png, Predicted: run, Actual: run
2024-07-09 17:22:48,938 - INFO - Image: zwb-2-2-4-1-1-r64_heatmap.png, Predicted: run, Actual: run
2024-07-09 17:22:48,945 - INFO - Image: zwb-2-2-4-1-1-r65_heatmap.png, Predicted: run, Actual: run
2024-07-09 17:22:48,952 - INFO - Image: zwb-2-2-4-1-1-r66_heatmap.png, Predicted: run, Actual: run
2024-07-09 17:22:48,959 - INFO - Image: zwb-2-2-4-1-1-r67_heatmap.png, Predicted: run, Actual: run
2024-07-09 17:22:48,968 - INFO - Image: zwb-2-2-4-1-1-r68_heatmap.png, Predicted: run, Actual: run
2024-07-09 17:22:48,976 - INFO - Image: zwb-2-2-4-1-1-r69_heatmap.png, Predicted: run, Actual: run
2024-07-09 17:22:48,983 - INFO - Image: zwb-2-2-4-1-1-r70_heatmap.png, Predicted: run, Actual: run
2024-07-09 17:22:48,992 - INFO - Image: zwb-2-2-4-1-1-r71_heatmap.png, Predicted: run, Actual: run
2024-07-09 17:22:48,999 - INFO - Image: zwb-2-2-4-1-1-r72_heatmap.png, Predicted: run, Actual: run
2024-07-09 17:22:49,007 - INFO - Image: zwb-2-2-4-1-1-r73_heatmap.png, Predicted: run, Actual: run
2024-07-09 17:22:49,016 - INFO - Image: zwb-2-2-4-1-1-r74_heatmap.png, Predicted: run, Actual: run
2024-07-09 17:22:49,023 - INFO - Image: zwb-2-2-4-1-1-r75_heatmap.png, Predicted: run, Actual: run
2024-07-09 17:22:49,028 - INFO - Image: zwb-2-2-4-1-1-r76_heatmap.png, Predicted: run, Actual: run
2024-07-09 17:22:49,034 - INFO - Image: zwb-2-2-4-1-1-r77_heatmap.png, Predicted: run, Actual: run
2024-07-09 17:22:49,042 - INFO - Image: zwb-2-2-4-1-1-r78_heatmap.png, Predicted: run, Actual: run
2024-07-09 17:22:49,048 - INFO - Image: zwb-2-2-4-1-1-r79_heatmap.png, Predicted: run, Actual: run
2024-07-09 17:22:49,058 - INFO - Image: zwb-2-2-4-1-1-r80_heatmap.png, Predicted: run, Actual: run
2024-07-09 17:22:49,066 - INFO - Image: zzy-2-2-4-1-1-r01_heatmap.png, Predicted: run, Actual: run
2024-07-09 17:22:49,076 - INFO - Image: zzy-2-2-4-1-1-r02_heatmap.png, Predicted: clap, Actual: run
2024-07-09 17:22:49,087 - INFO - Image: zzy-2-2-4-1-1-r03_heatmap.png, Predicted: run, Actual: run
2024-07-09 17:22:49,095 - INFO - Image: zzy-2-2-4-1-1-r04_heatmap.png, Predicted: run, Actual: run
2024-07-09 17:22:49,102 - INFO - Image: zzy-2-2-4-1-1-r05_heatmap.png, Predicted: clap, Actual: run
2024-07-09 17:22:49,109 - INFO - Image: zzy-2-2-4-1-1-r06_heatmap.png, Predicted: run, Actual: run
2024-07-09 17:22:49,116 - INFO - Image: zzy-2-2-4-1-1-r07_heatmap.png, Predicted: run, Actual: run
2024-07-09 17:22:49,124 - INFO - Image: zzy-2-2-4-1-1-r08_heatmap.png, Predicted: run, Actual: run
2024-07-09 17:22:49,131 - INFO - Image: zzy-2-2-4-1-1-r09_heatmap.png, Predicted: run, Actual: run
2024-07-09 17:22:49,139 - INFO - Image: zzy-2-2-4-1-1-r10_heatmap.png, Predicted: run, Actual: run
2024-07-09 17:22:49,146 - INFO - Image: zzy-2-2-4-1-1-r11_heatmap.png, Predicted: run, Actual: run
2024-07-09 17:22:49,154 - INFO - Image: zzy-2-2-4-1-1-r12_heatmap.png, Predicted: clap, Actual: run
2024-07-09 17:22:49,163 - INFO - Image: zzy-2-2-4-1-1-r13_heatmap.png, Predicted: clap, Actual: run
2024-07-09 17:22:49,170 - INFO - Image: zzy-2-2-4-1-1-r14_heatmap.png, Predicted: run, Actual: run
2024-07-09 17:22:49,186 - INFO - Image: zzy-2-2-4-1-1-r15_heatmap.png, Predicted: run, Actual: run
2024-07-09 17:22:49,199 - INFO - Image: zzy-2-2-4-1-1-r16_heatmap.png, Predicted: run, Actual: run
2024-07-09 17:22:49,208 - INFO - Image: zzy-2-2-4-1-1-r17_heatmap.png, Predicted: run, Actual: run
2024-07-09 17:22:49,215 - INFO - Image: zzy-2-2-4-1-1-r18_heatmap.png, Predicted: clap, Actual: run
2024-07-09 17:22:49,224 - INFO - Image: zzy-2-2-4-1-1-r19_heatmap.png, Predicted: run, Actual: run
2024-07-09 17:22:49,232 - INFO - Image: zzy-2-2-4-1-1-r20_heatmap.png, Predicted: run, Actual: run
2024-07-09 17:22:49,240 - INFO - Image: zzy-2-2-4-1-1-r21_heatmap.png, Predicted: run, Actual: run
2024-07-09 17:22:49,246 - INFO - Image: zzy-2-2-4-1-1-r22_heatmap.png, Predicted: run, Actual: run
2024-07-09 17:22:49,254 - INFO - Image: zzy-2-2-4-1-1-r23_heatmap.png, Predicted: run, Actual: run
2024-07-09 17:22:49,261 - INFO - Image: zzy-2-2-4-1-1-r24_heatmap.png, Predicted: run, Actual: run
2024-07-09 17:22:49,268 - INFO - Image: zzy-2-2-4-1-1-r25_heatmap.png, Predicted: run, Actual: run
2024-07-09 17:22:49,276 - INFO - Image: zzy-2-2-4-1-1-r26_heatmap.png, Predicted: run, Actual: run
2024-07-09 17:22:49,285 - INFO - Image: zzy-2-2-4-1-1-r27_heatmap.png, Predicted: run, Actual: run
2024-07-09 17:22:49,293 - INFO - Image: zzy-2-2-4-1-1-r28_heatmap.png, Predicted: run, Actual: run
2024-07-09 17:22:49,301 - INFO - Image: zzy-2-2-4-1-1-r29_heatmap.png, Predicted: run, Actual: run
2024-07-09 17:22:49,309 - INFO - Image: zzy-2-2-4-1-1-r30_heatmap.png, Predicted: run, Actual: run
2024-07-09 17:22:49,317 - INFO - Image: zwb-2-2-4-1-1-sd61_heatmap.png, Predicted: sitdown, Actual: sitdown
2024-07-09 17:22:49,324 - INFO - Image: zwb-2-2-4-1-1-sd62_heatmap.png, Predicted: sitdown, Actual: sitdown
2024-07-09 17:22:49,333 - INFO - Image: zwb-2-2-4-1-1-sd63_heatmap.png, Predicted: sitdown, Actual: sitdown
2024-07-09 17:22:49,340 - INFO - Image: zwb-2-2-4-1-1-sd64_heatmap.png, Predicted: sitdown, Actual: sitdown
2024-07-09 17:22:49,349 - INFO - Image: zwb-2-2-4-1-1-sd65_heatmap.png, Predicted: sitdown, Actual: sitdown
2024-07-09 17:22:49,358 - INFO - Image: zwb-2-2-4-1-1-sd66_heatmap.png, Predicted: sitdown, Actual: sitdown
2024-07-09 17:22:49,367 - INFO - Image: zwb-2-2-4-1-1-sd67_heatmap.png, Predicted: sitdown, Actual: sitdown
2024-07-09 17:22:49,377 - INFO - Image: zwb-2-2-4-1-1-sd68_heatmap.png, Predicted: sitdown, Actual: sitdown
2024-07-09 17:22:49,393 - INFO - Image: zwb-2-2-4-1-1-sd69_heatmap.png, Predicted: sitdown, Actual: sitdown
2024-07-09 17:22:49,402 - INFO - Image: zwb-2-2-4-1-1-sd70_heatmap.png, Predicted: wavehand, Actual: sitdown
2024-07-09 17:22:49,411 - INFO - Image: zwb-2-2-4-1-1-sd71_heatmap.png, Predicted: sitdown, Actual: sitdown
2024-07-09 17:22:49,420 - INFO - Image: zwb-2-2-4-1-1-sd72_heatmap.png, Predicted: sitdown, Actual: sitdown
2024-07-09 17:22:49,429 - INFO - Image: zwb-2-2-4-1-1-sd73_heatmap.png, Predicted: sitdown, Actual: sitdown
2024-07-09 17:22:49,438 - INFO - Image: zwb-2-2-4-1-1-sd74_heatmap.png, Predicted: sitdown, Actual: sitdown
2024-07-09 17:22:49,444 - INFO - Image: zwb-2-2-4-1-1-sd75_heatmap.png, Predicted: sitdown, Actual: sitdown
2024-07-09 17:22:49,454 - INFO - Image: zwb-2-2-4-1-1-sd76_heatmap.png, Predicted: wavehand, Actual: sitdown
2024-07-09 17:22:49,463 - INFO - Image: zwb-2-2-4-1-1-sd77_heatmap.png, Predicted: sitdown, Actual: sitdown
2024-07-09 17:22:49,471 - INFO - Image: zwb-2-2-4-1-1-sd78_heatmap.png, Predicted: sitdown, Actual: sitdown
2024-07-09 17:22:49,479 - INFO - Image: zwb-2-2-4-1-1-sd79_heatmap.png, Predicted: sitdown, Actual: sitdown
2024-07-09 17:22:49,486 - INFO - Image: zwb-2-2-4-1-1-sd80_heatmap.png, Predicted: sitdown, Actual: sitdown
2024-07-09 17:22:49,493 - INFO - Image: zzy-2-2-4-1-1-sd01_heatmap.png, Predicted: walk, Actual: sitdown
2024-07-09 17:22:49,501 - INFO - Image: zzy-2-2-4-1-1-sd02_heatmap.png, Predicted: sitdown, Actual: sitdown
2024-07-09 17:22:49,511 - INFO - Image: zzy-2-2-4-1-1-sd03_heatmap.png, Predicted: sitdown, Actual: sitdown
2024-07-09 17:22:49,518 - INFO - Image: zzy-2-2-4-1-1-sd04_heatmap.png, Predicted: sitdown, Actual: sitdown
2024-07-09 17:22:49,525 - INFO - Image: zzy-2-2-4-1-1-sd05_heatmap.png, Predicted: sitdown, Actual: sitdown
2024-07-09 17:22:49,534 - INFO - Image: zzy-2-2-4-1-1-sd06_heatmap.png, Predicted: walk, Actual: sitdown
2024-07-09 17:22:49,545 - INFO - Image: zzy-2-2-4-1-1-sd07_heatmap.png, Predicted: sitdown, Actual: sitdown
2024-07-09 17:22:49,552 - INFO - Image: zzy-2-2-4-1-1-sd08_heatmap.png, Predicted: sitdown, Actual: sitdown
2024-07-09 17:22:49,562 - INFO - Image: zzy-2-2-4-1-1-sd09_heatmap.png, Predicted: sitdown, Actual: sitdown
2024-07-09 17:22:49,570 - INFO - Image: zzy-2-2-4-1-1-sd10_heatmap.png, Predicted: sitdown, Actual: sitdown
2024-07-09 17:22:49,578 - INFO - Image: zzy-2-2-4-1-1-sd11_heatmap.png, Predicted: sitdown, Actual: sitdown
2024-07-09 17:22:49,585 - INFO - Image: zzy-2-2-4-1-1-sd12_heatmap.png, Predicted: walk, Actual: sitdown
2024-07-09 17:22:49,596 - INFO - Image: zzy-2-2-4-1-1-sd13_heatmap.png, Predicted: sitdown, Actual: sitdown
2024-07-09 17:22:49,605 - INFO - Image: zzy-2-2-4-1-1-sd14_heatmap.png, Predicted: sitdown, Actual: sitdown
2024-07-09 17:22:49,613 - INFO - Image: zzy-2-2-4-1-1-sd15_heatmap.png, Predicted: sitdown, Actual: sitdown
2024-07-09 17:22:49,622 - INFO - Image: zzy-2-2-4-1-1-sd16_heatmap.png, Predicted: sitdown, Actual: sitdown
2024-07-09 17:22:49,631 - INFO - Image: zzy-2-2-4-1-1-sd17_heatmap.png, Predicted: sitdown, Actual: sitdown
2024-07-09 17:22:49,642 - INFO - Image: zzy-2-2-4-1-1-sd18_heatmap.png, Predicted: sitdown, Actual: sitdown
2024-07-09 17:22:49,650 - INFO - Image: zzy-2-2-4-1-1-sd19_heatmap.png, Predicted: sitdown, Actual: sitdown
2024-07-09 17:22:49,658 - INFO - Image: zzy-2-2-4-1-1-sd20_heatmap.png, Predicted: walk, Actual: sitdown
2024-07-09 17:22:49,666 - INFO - Image: zzy-2-2-4-1-1-sd21_heatmap.png, Predicted: sitdown, Actual: sitdown
2024-07-09 17:22:49,675 - INFO - Image: zzy-2-2-4-1-1-sd22_heatmap.png, Predicted: sitdown, Actual: sitdown
2024-07-09 17:22:49,683 - INFO - Image: zzy-2-2-4-1-1-sd23_heatmap.png, Predicted: sitdown, Actual: sitdown
2024-07-09 17:22:49,693 - INFO - Image: zzy-2-2-4-1-1-sd24_heatmap.png, Predicted: sitdown, Actual: sitdown
2024-07-09 17:22:49,701 - INFO - Image: zzy-2-2-4-1-1-sd25_heatmap.png, Predicted: sitdown, Actual: sitdown
2024-07-09 17:22:49,708 - INFO - Image: zzy-2-2-4-1-1-sd26_heatmap.png, Predicted: sitdown, Actual: sitdown
2024-07-09 17:22:49,716 - INFO - Image: zzy-2-2-4-1-1-sd27_heatmap.png, Predicted: sitdown, Actual: sitdown
2024-07-09 17:22:49,726 - INFO - Image: zzy-2-2-4-1-1-sd28_heatmap.png, Predicted: walk, Actual: sitdown
2024-07-09 17:22:49,735 - INFO - Image: zzy-2-2-4-1-1-sd29_heatmap.png, Predicted: sitdown, Actual: sitdown
2024-07-09 17:22:49,743 - INFO - Image: zzy-2-2-4-1-1-sd30_heatmap.png, Predicted: sitdown, Actual: sitdown
2024-07-09 17:22:49,750 - INFO - Image: zwb-2-2-4-1-1-su61_heatmap.png, Predicted: standup, Actual: standup
2024-07-09 17:22:49,758 - INFO - Image: zwb-2-2-4-1-1-su62_heatmap.png, Predicted: standup, Actual: standup
2024-07-09 17:22:49,765 - INFO - Image: zwb-2-2-4-1-1-su63_heatmap.png, Predicted: standup, Actual: standup
2024-07-09 17:22:49,773 - INFO - Image: zwb-2-2-4-1-1-su64_heatmap.png, Predicted: standup, Actual: standup
2024-07-09 17:22:49,782 - INFO - Image: zwb-2-2-4-1-1-su65_heatmap.png, Predicted: standup, Actual: standup
2024-07-09 17:22:49,791 - INFO - Image: zwb-2-2-4-1-1-su66_heatmap.png, Predicted: standup, Actual: standup
2024-07-09 17:22:49,797 - INFO - Image: zwb-2-2-4-1-1-su67_heatmap.png, Predicted: standup, Actual: standup
2024-07-09 17:22:49,804 - INFO - Image: zwb-2-2-4-1-1-su68_heatmap.png, Predicted: standup, Actual: standup
2024-07-09 17:22:49,813 - INFO - Image: zwb-2-2-4-1-1-su69_heatmap.png, Predicted: standup, Actual: standup
2024-07-09 17:22:49,824 - INFO - Image: zwb-2-2-4-1-1-su70_heatmap.png, Predicted: wavehand, Actual: standup
2024-07-09 17:22:49,834 - INFO - Image: zwb-2-2-4-1-1-su71_heatmap.png, Predicted: wavehand, Actual: standup
2024-07-09 17:22:49,842 - INFO - Image: zwb-2-2-4-1-1-su72_heatmap.png, Predicted: standup, Actual: standup
2024-07-09 17:22:49,849 - INFO - Image: zwb-2-2-4-1-1-su73_heatmap.png, Predicted: standup, Actual: standup
2024-07-09 17:22:49,856 - INFO - Image: zwb-2-2-4-1-1-su74_heatmap.png, Predicted: standup, Actual: standup
2024-07-09 17:22:49,865 - INFO - Image: zwb-2-2-4-1-1-su75_heatmap.png, Predicted: standup, Actual: standup
2024-07-09 17:22:49,872 - INFO - Image: zwb-2-2-4-1-1-su76_heatmap.png, Predicted: standup, Actual: standup
2024-07-09 17:22:49,880 - INFO - Image: zwb-2-2-4-1-1-su77_heatmap.png, Predicted: standup, Actual: standup
2024-07-09 17:22:49,888 - INFO - Image: zwb-2-2-4-1-1-su78_heatmap.png, Predicted: standup, Actual: standup
2024-07-09 17:22:49,904 - INFO - Image: zwb-2-2-4-1-1-su79_heatmap.png, Predicted: standup, Actual: standup
2024-07-09 17:22:49,915 - INFO - Image: zwb-2-2-4-1-1-su80_heatmap.png, Predicted: standup, Actual: standup
2024-07-09 17:22:49,925 - INFO - Image: zzy-2-2-4-1-1-su01_heatmap.png, Predicted: walk, Actual: standup
2024-07-09 17:22:49,935 - INFO - Image: zzy-2-2-4-1-1-su02_heatmap.png, Predicted: standup, Actual: standup
2024-07-09 17:22:49,943 - INFO - Image: zzy-2-2-4-1-1-su03_heatmap.png, Predicted: standup, Actual: standup
2024-07-09 17:22:49,957 - INFO - Image: zzy-2-2-4-1-1-su04_heatmap.png, Predicted: standup, Actual: standup
2024-07-09 17:22:49,964 - INFO - Image: zzy-2-2-4-1-1-su05_heatmap.png, Predicted: standup, Actual: standup
2024-07-09 17:22:49,971 - INFO - Image: zzy-2-2-4-1-1-su06_heatmap.png, Predicted: walk, Actual: standup
2024-07-09 17:22:49,979 - INFO - Image: zzy-2-2-4-1-1-su07_heatmap.png, Predicted: standup, Actual: standup
2024-07-09 17:22:49,991 - INFO - Image: zzy-2-2-4-1-1-su08_heatmap.png, Predicted: walk, Actual: standup
2024-07-09 17:22:50,000 - INFO - Image: zzy-2-2-4-1-1-su09_heatmap.png, Predicted: standup, Actual: standup
2024-07-09 17:22:50,009 - INFO - Image: zzy-2-2-4-1-1-su10_heatmap.png, Predicted: standup, Actual: standup
2024-07-09 17:22:50,016 - INFO - Image: zzy-2-2-4-1-1-su11_heatmap.png, Predicted: standup, Actual: standup
2024-07-09 17:22:50,026 - INFO - Image: zzy-2-2-4-1-1-su12_heatmap.png, Predicted: wavehand, Actual: standup
2024-07-09 17:22:50,036 - INFO - Image: zzy-2-2-4-1-1-su13_heatmap.png, Predicted: walk, Actual: standup
2024-07-09 17:22:50,045 - INFO - Image: zzy-2-2-4-1-1-su14_heatmap.png, Predicted: walk, Actual: standup
2024-07-09 17:22:50,052 - INFO - Image: zzy-2-2-4-1-1-su15_heatmap.png, Predicted: standup, Actual: standup
2024-07-09 17:22:50,062 - INFO - Image: zzy-2-2-4-1-1-su16_heatmap.png, Predicted: standup, Actual: standup
2024-07-09 17:22:50,074 - INFO - Image: zzy-2-2-4-1-1-su17_heatmap.png, Predicted: standup, Actual: standup
2024-07-09 17:22:50,086 - INFO - Image: zzy-2-2-4-1-1-su18_heatmap.png, Predicted: standup, Actual: standup
2024-07-09 17:22:50,094 - INFO - Image: zzy-2-2-4-1-1-su19_heatmap.png, Predicted: standup, Actual: standup
2024-07-09 17:22:50,102 - INFO - Image: zzy-2-2-4-1-1-su20_heatmap.png, Predicted: standup, Actual: standup
2024-07-09 17:22:50,111 - INFO - Image: zzy-2-2-4-1-1-su21_heatmap.png, Predicted: standup, Actual: standup
2024-07-09 17:22:50,121 - INFO - Image: zzy-2-2-4-1-1-su22_heatmap.png, Predicted: standup, Actual: standup
2024-07-09 17:22:50,130 - INFO - Image: zzy-2-2-4-1-1-su23_heatmap.png, Predicted: standup, Actual: standup
2024-07-09 17:22:50,138 - INFO - Image: zzy-2-2-4-1-1-su24_heatmap.png, Predicted: standup, Actual: standup
2024-07-09 17:22:50,145 - INFO - Image: zzy-2-2-4-1-1-su25_heatmap.png, Predicted: standup, Actual: standup
2024-07-09 17:22:50,153 - INFO - Image: zzy-2-2-4-1-1-su26_heatmap.png, Predicted: standup, Actual: standup
2024-07-09 17:22:50,162 - INFO - Image: zzy-2-2-4-1-1-su27_heatmap.png, Predicted: standup, Actual: standup
2024-07-09 17:22:50,170 - INFO - Image: zzy-2-2-4-1-1-su28_heatmap.png, Predicted: standup, Actual: standup
2024-07-09 17:22:50,178 - INFO - Image: zzy-2-2-4-1-1-su29_heatmap.png, Predicted: standup, Actual: standup
2024-07-09 17:22:50,185 - INFO - Image: zzy-2-2-4-1-1-su30_heatmap.png, Predicted: standup, Actual: standup
2024-07-09 17:22:50,193 - INFO - Image: zwb-2-2-4-1-1-w61_heatmap.png, Predicted: walk, Actual: walk
2024-07-09 17:22:50,201 - INFO - Image: zwb-2-2-4-1-1-w62_heatmap.png, Predicted: walk, Actual: walk
2024-07-09 17:22:50,208 - INFO - Image: zwb-2-2-4-1-1-w63_heatmap.png, Predicted: walk, Actual: walk
2024-07-09 17:22:50,217 - INFO - Image: zwb-2-2-4-1-1-w64_heatmap.png, Predicted: walk, Actual: walk
2024-07-09 17:22:50,223 - INFO - Image: zwb-2-2-4-1-1-w65_heatmap.png, Predicted: walk, Actual: walk
2024-07-09 17:22:50,230 - INFO - Image: zwb-2-2-4-1-1-w66_heatmap.png, Predicted: walk, Actual: walk
2024-07-09 17:22:50,239 - INFO - Image: zwb-2-2-4-1-1-w67_heatmap.png, Predicted: walk, Actual: walk
2024-07-09 17:22:50,247 - INFO - Image: zwb-2-2-4-1-1-w68_heatmap.png, Predicted: walk, Actual: walk
2024-07-09 17:22:50,255 - INFO - Image: zwb-2-2-4-1-1-w69_heatmap.png, Predicted: sitdown, Actual: walk
2024-07-09 17:22:50,263 - INFO - Image: zwb-2-2-4-1-1-w70_heatmap.png, Predicted: walk, Actual: walk
2024-07-09 17:22:50,272 - INFO - Image: zwb-2-2-4-1-1-w71_heatmap.png, Predicted: walk, Actual: walk
2024-07-09 17:22:50,279 - INFO - Image: zwb-2-2-4-1-1-w72_heatmap.png, Predicted: walk, Actual: walk
2024-07-09 17:22:50,287 - INFO - Image: zwb-2-2-4-1-1-w73_heatmap.png, Predicted: walk, Actual: walk
2024-07-09 17:22:50,295 - INFO - Image: zwb-2-2-4-1-1-w74_heatmap.png, Predicted: walk, Actual: walk
2024-07-09 17:22:50,303 - INFO - Image: zwb-2-2-4-1-1-w75_heatmap.png, Predicted: walk, Actual: walk
2024-07-09 17:22:50,310 - INFO - Image: zwb-2-2-4-1-1-w76_heatmap.png, Predicted: walk, Actual: walk
2024-07-09 17:22:50,317 - INFO - Image: zwb-2-2-4-1-1-w77_heatmap.png, Predicted: sitdown, Actual: walk
2024-07-09 17:22:50,324 - INFO - Image: zwb-2-2-4-1-1-w78_heatmap.png, Predicted: sitdown, Actual: walk
2024-07-09 17:22:50,332 - INFO - Image: zwb-2-2-4-1-1-w79_heatmap.png, Predicted: walk, Actual: walk
2024-07-09 17:22:50,340 - INFO - Image: zwb-2-2-4-1-1-w80_heatmap.png, Predicted: walk, Actual: walk
2024-07-09 17:22:50,348 - INFO - Image: zzy-2-2-4-1-1-w01_heatmap.png, Predicted: walk, Actual: walk
2024-07-09 17:22:50,355 - INFO - Image: zzy-2-2-4-1-1-w02_heatmap.png, Predicted: walk, Actual: walk
2024-07-09 17:22:50,361 - INFO - Image: zzy-2-2-4-1-1-w03_heatmap.png, Predicted: walk, Actual: walk
2024-07-09 17:22:50,368 - INFO - Image: zzy-2-2-4-1-1-w04_heatmap.png, Predicted: walk, Actual: walk
2024-07-09 17:22:50,376 - INFO - Image: zzy-2-2-4-1-1-w05_heatmap.png, Predicted: walk, Actual: walk
2024-07-09 17:22:50,384 - INFO - Image: zzy-2-2-4-1-1-w06_heatmap.png, Predicted: walk, Actual: walk
2024-07-09 17:22:50,391 - INFO - Image: zzy-2-2-4-1-1-w07_heatmap.png, Predicted: walk, Actual: walk
2024-07-09 17:22:50,399 - INFO - Image: zzy-2-2-4-1-1-w08_heatmap.png, Predicted: walk, Actual: walk
2024-07-09 17:22:50,408 - INFO - Image: zzy-2-2-4-1-1-w09_heatmap.png, Predicted: walk, Actual: walk
2024-07-09 17:22:50,415 - INFO - Image: zzy-2-2-4-1-1-w10_heatmap.png, Predicted: walk, Actual: walk
2024-07-09 17:22:50,423 - INFO - Image: zzy-2-2-4-1-1-w11_heatmap.png, Predicted: walk, Actual: walk
2024-07-09 17:22:50,431 - INFO - Image: zzy-2-2-4-1-1-w12_heatmap.png, Predicted: walk, Actual: walk
2024-07-09 17:22:50,438 - INFO - Image: zzy-2-2-4-1-1-w13_heatmap.png, Predicted: walk, Actual: walk
2024-07-09 17:22:50,445 - INFO - Image: zzy-2-2-4-1-1-w14_heatmap.png, Predicted: walk, Actual: walk
2024-07-09 17:22:50,453 - INFO - Image: zzy-2-2-4-1-1-w15_heatmap.png, Predicted: walk, Actual: walk
2024-07-09 17:22:50,462 - INFO - Image: zzy-2-2-4-1-1-w16_heatmap.png, Predicted: walk, Actual: walk
2024-07-09 17:22:50,472 - INFO - Image: zzy-2-2-4-1-1-w17_heatmap.png, Predicted: walk, Actual: walk
2024-07-09 17:22:50,480 - INFO - Image: zzy-2-2-4-1-1-w18_heatmap.png, Predicted: walk, Actual: walk
2024-07-09 17:22:50,488 - INFO - Image: zzy-2-2-4-1-1-w19_heatmap.png, Predicted: walk, Actual: walk
2024-07-09 17:22:50,496 - INFO - Image: zzy-2-2-4-1-1-w20_heatmap.png, Predicted: walk, Actual: walk
2024-07-09 17:22:50,506 - INFO - Image: zzy-2-2-4-1-1-w21_heatmap.png, Predicted: walk, Actual: walk
2024-07-09 17:22:50,513 - INFO - Image: zzy-2-2-4-1-1-w22_heatmap.png, Predicted: walk, Actual: walk
2024-07-09 17:22:50,521 - INFO - Image: zzy-2-2-4-1-1-w23_heatmap.png, Predicted: walk, Actual: walk
2024-07-09 17:22:50,529 - INFO - Image: zzy-2-2-4-1-1-w24_heatmap.png, Predicted: walk, Actual: walk
2024-07-09 17:22:50,536 - INFO - Image: zzy-2-2-4-1-1-w25_heatmap.png, Predicted: walk, Actual: walk
2024-07-09 17:22:50,544 - INFO - Image: zzy-2-2-4-1-1-w26_heatmap.png, Predicted: walk, Actual: walk
2024-07-09 17:22:50,552 - INFO - Image: zzy-2-2-4-1-1-w27_heatmap.png, Predicted: walk, Actual: walk
2024-07-09 17:22:50,560 - INFO - Image: zzy-2-2-4-1-1-w28_heatmap.png, Predicted: walk, Actual: walk
2024-07-09 17:22:50,567 - INFO - Image: zzy-2-2-4-1-1-w29_heatmap.png, Predicted: walk, Actual: walk
2024-07-09 17:22:50,574 - INFO - Image: zzy-2-2-4-1-1-w30_heatmap.png, Predicted: walk, Actual: walk
2024-07-09 17:22:50,574 - INFO - Accuracy: 85.00%
2024-07-10 02:15:43,869 - INFO - Image: zwb-2-2-4-1-1-c61_heatmap.png, Predicted: clap, Actual: clap
2024-07-10 02:15:43,881 - INFO - Image: zwb-2-2-4-1-1-c62_heatmap.png, Predicted: clap, Actual: clap
2024-07-10 02:15:43,892 - INFO - Image: zwb-2-2-4-1-1-c63_heatmap.png, Predicted: clap, Actual: clap
2024-07-10 02:15:43,901 - INFO - Image: zwb-2-2-4-1-1-c64_heatmap.png, Predicted: clap, Actual: clap
2024-07-10 02:15:43,911 - INFO - Image: zwb-2-2-4-1-1-c65_heatmap.png, Predicted: clap, Actual: clap
2024-07-10 02:15:43,919 - INFO - Image: zwb-2-2-4-1-1-c66_heatmap.png, Predicted: clap, Actual: clap
2024-07-10 02:15:43,928 - INFO - Image: zwb-2-2-4-1-1-c67_heatmap.png, Predicted: clap, Actual: clap
2024-07-10 02:15:43,937 - INFO - Image: zwb-2-2-4-1-1-c68_heatmap.png, Predicted: clap, Actual: clap
2024-07-10 02:15:43,946 - INFO - Image: zwb-2-2-4-1-1-c69_heatmap.png, Predicted: clap, Actual: clap
2024-07-10 02:15:43,955 - INFO - Image: zwb-2-2-4-1-1-c70_heatmap.png, Predicted: clap, Actual: clap
2024-07-10 02:15:43,964 - INFO - Image: zwb-2-2-4-1-1-c71_heatmap.png, Predicted: clap, Actual: clap
2024-07-10 02:15:43,972 - INFO - Image: zwb-2-2-4-1-1-c72_heatmap.png, Predicted: clap, Actual: clap
2024-07-10 02:15:43,995 - INFO - Image: zwb-2-2-4-1-1-c73_heatmap.png, Predicted: clap, Actual: clap
2024-07-10 02:15:44,004 - INFO - Image: zwb-2-2-4-1-1-c74_heatmap.png, Predicted: clap, Actual: clap
2024-07-10 02:15:44,014 - INFO - Image: zwb-2-2-4-1-1-c75_heatmap.png, Predicted: clap, Actual: clap
2024-07-10 02:15:44,025 - INFO - Image: zwb-2-2-4-1-1-c76_heatmap.png, Predicted: clap, Actual: clap
2024-07-10 02:15:44,034 - INFO - Image: zwb-2-2-4-1-1-c77_heatmap.png, Predicted: clap, Actual: clap
2024-07-10 02:15:44,044 - INFO - Image: zwb-2-2-4-1-1-c78_heatmap.png, Predicted: clap, Actual: clap
2024-07-10 02:15:44,053 - INFO - Image: zwb-2-2-4-1-1-c79_heatmap.png, Predicted: clap, Actual: clap
2024-07-10 02:15:44,065 - INFO - Image: zwb-2-2-4-1-1-c80_heatmap.png, Predicted: clap, Actual: clap
2024-07-10 02:15:44,074 - INFO - Image: zzy-2-2-4-1-1-c01_heatmap.png, Predicted: clap, Actual: clap
2024-07-10 02:15:44,084 - INFO - Image: zzy-2-2-4-1-1-c02_heatmap.png, Predicted: clap, Actual: clap
2024-07-10 02:15:44,093 - INFO - Image: zzy-2-2-4-1-1-c03_heatmap.png, Predicted: clap, Actual: clap
2024-07-10 02:15:44,102 - INFO - Image: zzy-2-2-4-1-1-c04_heatmap.png, Predicted: clap, Actual: clap
2024-07-10 02:15:44,111 - INFO - Image: zzy-2-2-4-1-1-c05_heatmap.png, Predicted: clap, Actual: clap
2024-07-10 02:15:44,122 - INFO - Image: zzy-2-2-4-1-1-c06_heatmap.png, Predicted: clap, Actual: clap
2024-07-10 02:15:44,135 - INFO - Image: zzy-2-2-4-1-1-c07_heatmap.png, Predicted: clap, Actual: clap
2024-07-10 02:15:44,148 - INFO - Image: zzy-2-2-4-1-1-c08_heatmap.png, Predicted: clap, Actual: clap
2024-07-10 02:15:44,158 - INFO - Image: zzy-2-2-4-1-1-c09_heatmap.png, Predicted: clap, Actual: clap
2024-07-10 02:15:44,167 - INFO - Image: zzy-2-2-4-1-1-c10_heatmap.png, Predicted: clap, Actual: clap
2024-07-10 02:15:44,180 - INFO - Image: zzy-2-2-4-1-1-c11_heatmap.png, Predicted: clap, Actual: clap
2024-07-10 02:15:44,193 - INFO - Image: zzy-2-2-4-1-1-c12_heatmap.png, Predicted: clap, Actual: clap
2024-07-10 02:15:44,202 - INFO - Image: zzy-2-2-4-1-1-c13_heatmap.png, Predicted: clap, Actual: clap
2024-07-10 02:15:44,211 - INFO - Image: zzy-2-2-4-1-1-c14_heatmap.png, Predicted: clap, Actual: clap
2024-07-10 02:15:44,222 - INFO - Image: zzy-2-2-4-1-1-c15_heatmap.png, Predicted: clap, Actual: clap
2024-07-10 02:15:44,231 - INFO - Image: zzy-2-2-4-1-1-c16_heatmap.png, Predicted: clap, Actual: clap
2024-07-10 02:15:44,241 - INFO - Image: zzy-2-2-4-1-1-c17_heatmap.png, Predicted: clap, Actual: clap
2024-07-10 02:15:44,252 - INFO - Image: zzy-2-2-4-1-1-c18_heatmap.png, Predicted: clap, Actual: clap
2024-07-10 02:15:44,261 - INFO - Image: zzy-2-2-4-1-1-c19_heatmap.png, Predicted: clap, Actual: clap
2024-07-10 02:15:44,271 - INFO - Image: zzy-2-2-4-1-1-c20_heatmap.png, Predicted: clap, Actual: clap
2024-07-10 02:15:44,281 - INFO - Image: zzy-2-2-4-1-1-c21_heatmap.png, Predicted: clap, Actual: clap
2024-07-10 02:15:44,295 - INFO - Image: zzy-2-2-4-1-1-c22_heatmap.png, Predicted: clap, Actual: clap
2024-07-10 02:15:44,306 - INFO - Image: zzy-2-2-4-1-1-c23_heatmap.png, Predicted: clap, Actual: clap
2024-07-10 02:15:44,317 - INFO - Image: zzy-2-2-4-1-1-c24_heatmap.png, Predicted: clap, Actual: clap
2024-07-10 02:15:44,326 - INFO - Image: zzy-2-2-4-1-1-c25_heatmap.png, Predicted: clap, Actual: clap
2024-07-10 02:15:44,337 - INFO - Image: zzy-2-2-4-1-1-c26_heatmap.png, Predicted: clap, Actual: clap
2024-07-10 02:15:44,347 - INFO - Image: zzy-2-2-4-1-1-c27_heatmap.png, Predicted: clap, Actual: clap
2024-07-10 02:15:44,359 - INFO - Image: zzy-2-2-4-1-1-c28_heatmap.png, Predicted: clap, Actual: clap
2024-07-10 02:15:44,372 - INFO - Image: zzy-2-2-4-1-1-c29_heatmap.png, Predicted: clap, Actual: clap
2024-07-10 02:15:44,384 - INFO - Image: zzy-2-2-4-1-1-c30_heatmap.png, Predicted: clap, Actual: clap
2024-07-10 02:15:44,395 - INFO - Image: zwb-2-2-4-1-1-p59_heatmap.png, Predicted: pickup, Actual: pickup
2024-07-10 02:15:44,403 - INFO - Image: zwb-2-2-4-1-1-p60_heatmap.png, Predicted: pickup, Actual: pickup
2024-07-10 02:15:44,416 - INFO - Image: zwb-2-2-4-1-1-p61_heatmap.png, Predicted: pickup, Actual: pickup
2024-07-10 02:15:44,429 - INFO - Image: zwb-2-2-4-1-1-p62_heatmap.png, Predicted: pickup, Actual: pickup
2024-07-10 02:15:44,439 - INFO - Image: zwb-2-2-4-1-1-p63_heatmap.png, Predicted: pickup, Actual: pickup
2024-07-10 02:15:44,448 - INFO - Image: zwb-2-2-4-1-1-p64_heatmap.png, Predicted: pickup, Actual: pickup
2024-07-10 02:15:44,457 - INFO - Image: zwb-2-2-4-1-1-p65_heatmap.png, Predicted: pickup, Actual: pickup
2024-07-10 02:15:44,465 - INFO - Image: zwb-2-2-4-1-1-p66_heatmap.png, Predicted: pickup, Actual: pickup
2024-07-10 02:15:44,475 - INFO - Image: zwb-2-2-4-1-1-p67_heatmap.png, Predicted: pickup, Actual: pickup
2024-07-10 02:15:44,485 - INFO - Image: zwb-2-2-4-1-1-p68_heatmap.png, Predicted: pickup, Actual: pickup
2024-07-10 02:15:44,495 - INFO - Image: zwb-2-2-4-1-1-p69_heatmap.png, Predicted: pickup, Actual: pickup
2024-07-10 02:15:44,505 - INFO - Image: zwb-2-2-4-1-1-p70_heatmap.png, Predicted: pickup, Actual: pickup
2024-07-10 02:15:44,515 - INFO - Image: zwb-2-2-4-1-1-p71_heatmap.png, Predicted: pickup, Actual: pickup
2024-07-10 02:15:44,526 - INFO - Image: zwb-2-2-4-1-1-p72_heatmap.png, Predicted: pickup, Actual: pickup
2024-07-10 02:15:44,539 - INFO - Image: zwb-2-2-4-1-1-p73_heatmap.png, Predicted: pickup, Actual: pickup
2024-07-10 02:15:44,550 - INFO - Image: zwb-2-2-4-1-1-p74_heatmap.png, Predicted: pickup, Actual: pickup
2024-07-10 02:15:44,559 - INFO - Image: zwb-2-2-4-1-1-p75_heatmap.png, Predicted: pickup, Actual: pickup
2024-07-10 02:15:44,569 - INFO - Image: zwb-2-2-4-1-1-p76_heatmap.png, Predicted: pickup, Actual: pickup
2024-07-10 02:15:44,578 - INFO - Image: zwb-2-2-4-1-1-p77_heatmap.png, Predicted: pickup, Actual: pickup
2024-07-10 02:15:44,591 - INFO - Image: zwb-2-2-4-1-1-p78_heatmap.png, Predicted: pickup, Actual: pickup
2024-07-10 02:15:44,600 - INFO - Image: zwb-2-2-4-1-1-p79_heatmap.png, Predicted: pickup, Actual: pickup
2024-07-10 02:15:44,610 - INFO - Image: zwb-2-2-4-1-1-p80_heatmap.png, Predicted: pickup, Actual: pickup
2024-07-10 02:15:44,621 - INFO - Image: zzy-2-2-4-1-1-p01_heatmap.png, Predicted: pickup, Actual: pickup
2024-07-10 02:15:44,629 - INFO - Image: zzy-2-2-4-1-1-p02_heatmap.png, Predicted: pickup, Actual: pickup
2024-07-10 02:15:44,638 - INFO - Image: zzy-2-2-4-1-1-p03_heatmap.png, Predicted: pickup, Actual: pickup
2024-07-10 02:15:44,647 - INFO - Image: zzy-2-2-4-1-1-p04_heatmap.png, Predicted: pickup, Actual: pickup
2024-07-10 02:15:44,657 - INFO - Image: zzy-2-2-4-1-1-p05_heatmap.png, Predicted: pickup, Actual: pickup
2024-07-10 02:15:44,665 - INFO - Image: zzy-2-2-4-1-1-p06_heatmap.png, Predicted: pickup, Actual: pickup
2024-07-10 02:15:44,674 - INFO - Image: zzy-2-2-4-1-1-p07_heatmap.png, Predicted: pickup, Actual: pickup
2024-07-10 02:15:44,683 - INFO - Image: zzy-2-2-4-1-1-p08_heatmap.png, Predicted: pickup, Actual: pickup
2024-07-10 02:15:44,696 - INFO - Image: zzy-2-2-4-1-1-p09_heatmap.png, Predicted: pickup, Actual: pickup
2024-07-10 02:15:44,709 - INFO - Image: zzy-2-2-4-1-1-p10_heatmap.png, Predicted: pickup, Actual: pickup
2024-07-10 02:15:44,718 - INFO - Image: zzy-2-2-4-1-1-p11_heatmap.png, Predicted: pickup, Actual: pickup
2024-07-10 02:15:44,729 - INFO - Image: zzy-2-2-4-1-1-p12_heatmap.png, Predicted: pickup, Actual: pickup
2024-07-10 02:15:44,739 - INFO - Image: zzy-2-2-4-1-1-p13_heatmap.png, Predicted: pickup, Actual: pickup
2024-07-10 02:15:44,752 - INFO - Image: zzy-2-2-4-1-1-p14_heatmap.png, Predicted: pickup, Actual: pickup
2024-07-10 02:15:44,761 - INFO - Image: zzy-2-2-4-1-1-p15_heatmap.png, Predicted: kick, Actual: pickup
2024-07-10 02:15:44,772 - INFO - Image: zzy-2-2-4-1-1-p16_heatmap.png, Predicted: pickup, Actual: pickup
2024-07-10 02:15:44,782 - INFO - Image: zzy-2-2-4-1-1-p17_heatmap.png, Predicted: kick, Actual: pickup
2024-07-10 02:15:44,791 - INFO - Image: zzy-2-2-4-1-1-p18_heatmap.png, Predicted: pickup, Actual: pickup
2024-07-10 02:15:44,800 - INFO - Image: zzy-2-2-4-1-1-p19_heatmap.png, Predicted: pickup, Actual: pickup
2024-07-10 02:15:44,813 - INFO - Image: zzy-2-2-4-1-1-p20_heatmap.png, Predicted: pickup, Actual: pickup
2024-07-10 02:15:44,822 - INFO - Image: zzy-2-2-4-1-1-p21_heatmap.png, Predicted: clap, Actual: pickup
2024-07-10 02:15:44,835 - INFO - Image: zzy-2-2-4-1-1-p22_heatmap.png, Predicted: pickup, Actual: pickup
2024-07-10 02:15:44,845 - INFO - Image: zzy-2-2-4-1-1-p23_heatmap.png, Predicted: pickup, Actual: pickup
2024-07-10 02:15:44,854 - INFO - Image: zzy-2-2-4-1-1-p24_heatmap.png, Predicted: pickup, Actual: pickup
2024-07-10 02:15:44,867 - INFO - Image: zzy-2-2-4-1-1-p25_heatmap.png, Predicted: clap, Actual: pickup
2024-07-10 02:15:44,878 - INFO - Image: zzy-2-2-4-1-1-p26_heatmap.png, Predicted: clap, Actual: pickup
2024-07-10 02:15:44,890 - INFO - Image: zzy-2-2-4-1-1-p27_heatmap.png, Predicted: pickup, Actual: pickup
2024-07-10 02:15:44,903 - INFO - Image: zzy-2-2-4-1-1-p28_heatmap.png, Predicted: pickup, Actual: pickup
2024-07-10 02:15:44,914 - INFO - Image: zwb-2-2-4-1-1-r61_heatmap.png, Predicted: run, Actual: run
2024-07-10 02:15:44,927 - INFO - Image: zwb-2-2-4-1-1-r62_heatmap.png, Predicted: run, Actual: run
2024-07-10 02:15:44,940 - INFO - Image: zwb-2-2-4-1-1-r63_heatmap.png, Predicted: run, Actual: run
2024-07-10 02:15:44,951 - INFO - Image: zwb-2-2-4-1-1-r64_heatmap.png, Predicted: run, Actual: run
2024-07-10 02:15:44,961 - INFO - Image: zwb-2-2-4-1-1-r65_heatmap.png, Predicted: run, Actual: run
2024-07-10 02:15:44,973 - INFO - Image: zwb-2-2-4-1-1-r66_heatmap.png, Predicted: run, Actual: run
2024-07-10 02:15:44,984 - INFO - Image: zwb-2-2-4-1-1-r67_heatmap.png, Predicted: run, Actual: run
2024-07-10 02:15:44,997 - INFO - Image: zwb-2-2-4-1-1-r68_heatmap.png, Predicted: run, Actual: run
2024-07-10 02:15:45,009 - INFO - Image: zwb-2-2-4-1-1-r69_heatmap.png, Predicted: run, Actual: run
2024-07-10 02:15:45,022 - INFO - Image: zwb-2-2-4-1-1-r70_heatmap.png, Predicted: run, Actual: run
2024-07-10 02:15:45,034 - INFO - Image: zwb-2-2-4-1-1-r71_heatmap.png, Predicted: run, Actual: run
2024-07-10 02:15:45,045 - INFO - Image: zwb-2-2-4-1-1-r72_heatmap.png, Predicted: run, Actual: run
2024-07-10 02:15:45,053 - INFO - Image: zwb-2-2-4-1-1-r73_heatmap.png, Predicted: run, Actual: run
2024-07-10 02:15:45,065 - INFO - Image: zwb-2-2-4-1-1-r74_heatmap.png, Predicted: run, Actual: run
2024-07-10 02:15:45,077 - INFO - Image: zwb-2-2-4-1-1-r75_heatmap.png, Predicted: run, Actual: run
2024-07-10 02:15:45,090 - INFO - Image: zwb-2-2-4-1-1-r76_heatmap.png, Predicted: run, Actual: run
2024-07-10 02:15:45,102 - INFO - Image: zwb-2-2-4-1-1-r77_heatmap.png, Predicted: run, Actual: run
2024-07-10 02:15:45,115 - INFO - Image: zwb-2-2-4-1-1-r78_heatmap.png, Predicted: run, Actual: run
2024-07-10 02:15:45,127 - INFO - Image: zwb-2-2-4-1-1-r79_heatmap.png, Predicted: run, Actual: run
2024-07-10 02:15:45,138 - INFO - Image: zwb-2-2-4-1-1-r80_heatmap.png, Predicted: run, Actual: run
2024-07-10 02:15:45,150 - INFO - Image: zzy-2-2-4-1-1-r01_heatmap.png, Predicted: run, Actual: run
2024-07-10 02:15:45,162 - INFO - Image: zzy-2-2-4-1-1-r02_heatmap.png, Predicted: run, Actual: run
2024-07-10 02:15:45,173 - INFO - Image: zzy-2-2-4-1-1-r03_heatmap.png, Predicted: run, Actual: run
2024-07-10 02:15:45,184 - INFO - Image: zzy-2-2-4-1-1-r04_heatmap.png, Predicted: run, Actual: run
2024-07-10 02:15:45,196 - INFO - Image: zzy-2-2-4-1-1-r05_heatmap.png, Predicted: run, Actual: run
2024-07-10 02:15:45,208 - INFO - Image: zzy-2-2-4-1-1-r06_heatmap.png, Predicted: run, Actual: run
2024-07-10 02:15:45,222 - INFO - Image: zzy-2-2-4-1-1-r07_heatmap.png, Predicted: run, Actual: run
2024-07-10 02:15:45,232 - INFO - Image: zzy-2-2-4-1-1-r08_heatmap.png, Predicted: run, Actual: run
2024-07-10 02:15:45,244 - INFO - Image: zzy-2-2-4-1-1-r09_heatmap.png, Predicted: run, Actual: run
2024-07-10 02:15:45,257 - INFO - Image: zzy-2-2-4-1-1-r10_heatmap.png, Predicted: run, Actual: run
2024-07-10 02:15:45,269 - INFO - Image: zzy-2-2-4-1-1-r11_heatmap.png, Predicted: run, Actual: run
2024-07-10 02:15:45,279 - INFO - Image: zzy-2-2-4-1-1-r12_heatmap.png, Predicted: run, Actual: run
2024-07-10 02:15:45,288 - INFO - Image: zzy-2-2-4-1-1-r13_heatmap.png, Predicted: run, Actual: run
2024-07-10 02:15:45,297 - INFO - Image: zzy-2-2-4-1-1-r14_heatmap.png, Predicted: run, Actual: run
2024-07-10 02:15:45,309 - INFO - Image: zzy-2-2-4-1-1-r15_heatmap.png, Predicted: run, Actual: run
2024-07-10 02:15:45,318 - INFO - Image: zzy-2-2-4-1-1-r16_heatmap.png, Predicted: run, Actual: run
2024-07-10 02:15:45,328 - INFO - Image: zzy-2-2-4-1-1-r17_heatmap.png, Predicted: run, Actual: run
2024-07-10 02:15:45,338 - INFO - Image: zzy-2-2-4-1-1-r18_heatmap.png, Predicted: run, Actual: run
2024-07-10 02:15:45,348 - INFO - Image: zzy-2-2-4-1-1-r19_heatmap.png, Predicted: run, Actual: run
2024-07-10 02:15:45,357 - INFO - Image: zzy-2-2-4-1-1-r20_heatmap.png, Predicted: run, Actual: run
2024-07-10 02:15:45,366 - INFO - Image: zzy-2-2-4-1-1-r21_heatmap.png, Predicted: run, Actual: run
2024-07-10 02:15:45,374 - INFO - Image: zzy-2-2-4-1-1-r22_heatmap.png, Predicted: run, Actual: run
2024-07-10 02:15:45,384 - INFO - Image: zzy-2-2-4-1-1-r23_heatmap.png, Predicted: run, Actual: run
2024-07-10 02:15:45,394 - INFO - Image: zzy-2-2-4-1-1-r24_heatmap.png, Predicted: run, Actual: run
2024-07-10 02:15:45,404 - INFO - Image: zzy-2-2-4-1-1-r25_heatmap.png, Predicted: run, Actual: run
2024-07-10 02:15:45,414 - INFO - Image: zzy-2-2-4-1-1-r26_heatmap.png, Predicted: run, Actual: run
2024-07-10 02:15:45,424 - INFO - Image: zzy-2-2-4-1-1-r27_heatmap.png, Predicted: run, Actual: run
2024-07-10 02:15:45,434 - INFO - Image: zzy-2-2-4-1-1-r28_heatmap.png, Predicted: run, Actual: run
2024-07-10 02:15:45,446 - INFO - Image: zzy-2-2-4-1-1-r29_heatmap.png, Predicted: run, Actual: run
2024-07-10 02:15:45,457 - INFO - Image: zzy-2-2-4-1-1-r30_heatmap.png, Predicted: run, Actual: run
2024-07-10 02:15:45,467 - INFO - Image: zwb-2-2-4-1-1-sd61_heatmap.png, Predicted: sitdown, Actual: sitdown
2024-07-10 02:15:45,478 - INFO - Image: zwb-2-2-4-1-1-sd62_heatmap.png, Predicted: sitdown, Actual: sitdown
2024-07-10 02:15:45,487 - INFO - Image: zwb-2-2-4-1-1-sd63_heatmap.png, Predicted: sitdown, Actual: sitdown
2024-07-10 02:15:45,500 - INFO - Image: zwb-2-2-4-1-1-sd64_heatmap.png, Predicted: sitdown, Actual: sitdown
2024-07-10 02:15:45,510 - INFO - Image: zwb-2-2-4-1-1-sd65_heatmap.png, Predicted: sitdown, Actual: sitdown
2024-07-10 02:15:45,520 - INFO - Image: zwb-2-2-4-1-1-sd66_heatmap.png, Predicted: sitdown, Actual: sitdown
2024-07-10 02:15:45,530 - INFO - Image: zwb-2-2-4-1-1-sd67_heatmap.png, Predicted: sitdown, Actual: sitdown
2024-07-10 02:15:45,538 - INFO - Image: zwb-2-2-4-1-1-sd68_heatmap.png, Predicted: sitdown, Actual: sitdown
2024-07-10 02:15:45,548 - INFO - Image: zwb-2-2-4-1-1-sd69_heatmap.png, Predicted: sitdown, Actual: sitdown
2024-07-10 02:15:45,557 - INFO - Image: zwb-2-2-4-1-1-sd70_heatmap.png, Predicted: sitdown, Actual: sitdown
2024-07-10 02:15:45,566 - INFO - Image: zwb-2-2-4-1-1-sd71_heatmap.png, Predicted: sitdown, Actual: sitdown
2024-07-10 02:15:45,575 - INFO - Image: zwb-2-2-4-1-1-sd72_heatmap.png, Predicted: sitdown, Actual: sitdown
2024-07-10 02:15:45,584 - INFO - Image: zwb-2-2-4-1-1-sd73_heatmap.png, Predicted: sitdown, Actual: sitdown
2024-07-10 02:15:45,594 - INFO - Image: zwb-2-2-4-1-1-sd74_heatmap.png, Predicted: sitdown, Actual: sitdown
2024-07-10 02:15:45,607 - INFO - Image: zwb-2-2-4-1-1-sd75_heatmap.png, Predicted: sitdown, Actual: sitdown
2024-07-10 02:15:45,620 - INFO - Image: zwb-2-2-4-1-1-sd76_heatmap.png, Predicted: sitdown, Actual: sitdown
2024-07-10 02:15:45,630 - INFO - Image: zwb-2-2-4-1-1-sd77_heatmap.png, Predicted: sitdown, Actual: sitdown
2024-07-10 02:15:45,639 - INFO - Image: zwb-2-2-4-1-1-sd78_heatmap.png, Predicted: sitdown, Actual: sitdown
2024-07-10 02:15:45,648 - INFO - Image: zwb-2-2-4-1-1-sd79_heatmap.png, Predicted: sitdown, Actual: sitdown
2024-07-10 02:15:45,661 - INFO - Image: zwb-2-2-4-1-1-sd80_heatmap.png, Predicted: sitdown, Actual: sitdown
2024-07-10 02:15:45,670 - INFO - Image: zzy-2-2-4-1-1-sd01_heatmap.png, Predicted: sitdown, Actual: sitdown
2024-07-10 02:15:45,679 - INFO - Image: zzy-2-2-4-1-1-sd02_heatmap.png, Predicted: sitdown, Actual: sitdown
2024-07-10 02:15:45,688 - INFO - Image: zzy-2-2-4-1-1-sd03_heatmap.png, Predicted: sitdown, Actual: sitdown
2024-07-10 02:15:45,696 - INFO - Image: zzy-2-2-4-1-1-sd04_heatmap.png, Predicted: sitdown, Actual: sitdown
2024-07-10 02:15:45,705 - INFO - Image: zzy-2-2-4-1-1-sd05_heatmap.png, Predicted: sitdown, Actual: sitdown
2024-07-10 02:15:45,718 - INFO - Image: zzy-2-2-4-1-1-sd06_heatmap.png, Predicted: walk, Actual: sitdown
2024-07-10 02:15:45,731 - INFO - Image: zzy-2-2-4-1-1-sd07_heatmap.png, Predicted: sitdown, Actual: sitdown
2024-07-10 02:15:45,743 - INFO - Image: zzy-2-2-4-1-1-sd08_heatmap.png, Predicted: sitdown, Actual: sitdown
2024-07-10 02:15:45,754 - INFO - Image: zzy-2-2-4-1-1-sd09_heatmap.png, Predicted: sitdown, Actual: sitdown
2024-07-10 02:15:45,764 - INFO - Image: zzy-2-2-4-1-1-sd10_heatmap.png, Predicted: sitdown, Actual: sitdown
2024-07-10 02:15:45,774 - INFO - Image: zzy-2-2-4-1-1-sd11_heatmap.png, Predicted: sitdown, Actual: sitdown
2024-07-10 02:15:45,784 - INFO - Image: zzy-2-2-4-1-1-sd12_heatmap.png, Predicted: sitdown, Actual: sitdown
2024-07-10 02:15:45,795 - INFO - Image: zzy-2-2-4-1-1-sd13_heatmap.png, Predicted: sitdown, Actual: sitdown
2024-07-10 02:15:45,805 - INFO - Image: zzy-2-2-4-1-1-sd14_heatmap.png, Predicted: sitdown, Actual: sitdown
2024-07-10 02:15:45,817 - INFO - Image: zzy-2-2-4-1-1-sd15_heatmap.png, Predicted: sitdown, Actual: sitdown
2024-07-10 02:15:45,826 - INFO - Image: zzy-2-2-4-1-1-sd16_heatmap.png, Predicted: sitdown, Actual: sitdown
2024-07-10 02:15:45,836 - INFO - Image: zzy-2-2-4-1-1-sd17_heatmap.png, Predicted: sitdown, Actual: sitdown
2024-07-10 02:15:45,846 - INFO - Image: zzy-2-2-4-1-1-sd18_heatmap.png, Predicted: sitdown, Actual: sitdown
2024-07-10 02:15:45,856 - INFO - Image: zzy-2-2-4-1-1-sd19_heatmap.png, Predicted: sitdown, Actual: sitdown
2024-07-10 02:15:45,866 - INFO - Image: zzy-2-2-4-1-1-sd20_heatmap.png, Predicted: sitdown, Actual: sitdown
2024-07-10 02:15:45,876 - INFO - Image: zzy-2-2-4-1-1-sd21_heatmap.png, Predicted: sitdown, Actual: sitdown
2024-07-10 02:15:45,886 - INFO - Image: zzy-2-2-4-1-1-sd22_heatmap.png, Predicted: sitdown, Actual: sitdown
2024-07-10 02:15:45,895 - INFO - Image: zzy-2-2-4-1-1-sd23_heatmap.png, Predicted: sitdown, Actual: sitdown
2024-07-10 02:15:45,905 - INFO - Image: zzy-2-2-4-1-1-sd24_heatmap.png, Predicted: sitdown, Actual: sitdown
2024-07-10 02:15:45,915 - INFO - Image: zzy-2-2-4-1-1-sd25_heatmap.png, Predicted: sitdown, Actual: sitdown
2024-07-10 02:15:45,924 - INFO - Image: zzy-2-2-4-1-1-sd26_heatmap.png, Predicted: sitdown, Actual: sitdown
2024-07-10 02:15:45,933 - INFO - Image: zzy-2-2-4-1-1-sd27_heatmap.png, Predicted: sitdown, Actual: sitdown
2024-07-10 02:15:45,943 - INFO - Image: zzy-2-2-4-1-1-sd28_heatmap.png, Predicted: sitdown, Actual: sitdown
2024-07-10 02:15:45,953 - INFO - Image: zzy-2-2-4-1-1-sd29_heatmap.png, Predicted: standup, Actual: sitdown
2024-07-10 02:15:45,962 - INFO - Image: zzy-2-2-4-1-1-sd30_heatmap.png, Predicted: walk, Actual: sitdown
2024-07-10 02:15:45,972 - INFO - Image: zwb-2-2-4-1-1-su61_heatmap.png, Predicted: standup, Actual: standup
2024-07-10 02:15:45,981 - INFO - Image: zwb-2-2-4-1-1-su62_heatmap.png, Predicted: sitdown, Actual: standup
2024-07-10 02:15:45,991 - INFO - Image: zwb-2-2-4-1-1-su63_heatmap.png, Predicted: standup, Actual: standup
2024-07-10 02:15:45,999 - INFO - Image: zwb-2-2-4-1-1-su64_heatmap.png, Predicted: standup, Actual: standup
2024-07-10 02:15:46,010 - INFO - Image: zwb-2-2-4-1-1-su65_heatmap.png, Predicted: standup, Actual: standup
2024-07-10 02:15:46,022 - INFO - Image: zwb-2-2-4-1-1-su66_heatmap.png, Predicted: standup, Actual: standup
2024-07-10 02:15:46,030 - INFO - Image: zwb-2-2-4-1-1-su67_heatmap.png, Predicted: standup, Actual: standup
2024-07-10 02:15:46,042 - INFO - Image: zwb-2-2-4-1-1-su68_heatmap.png, Predicted: standup, Actual: standup
2024-07-10 02:15:46,054 - INFO - Image: zwb-2-2-4-1-1-su69_heatmap.png, Predicted: standup, Actual: standup
2024-07-10 02:15:46,066 - INFO - Image: zwb-2-2-4-1-1-su70_heatmap.png, Predicted: standup, Actual: standup
2024-07-10 02:15:46,080 - INFO - Image: zwb-2-2-4-1-1-su71_heatmap.png, Predicted: standup, Actual: standup
2024-07-10 02:15:46,090 - INFO - Image: zwb-2-2-4-1-1-su72_heatmap.png, Predicted: standup, Actual: standup
2024-07-10 02:15:46,100 - INFO - Image: zwb-2-2-4-1-1-su73_heatmap.png, Predicted: standup, Actual: standup
2024-07-10 02:15:46,108 - INFO - Image: zwb-2-2-4-1-1-su74_heatmap.png, Predicted: standup, Actual: standup
2024-07-10 02:15:46,118 - INFO - Image: zwb-2-2-4-1-1-su75_heatmap.png, Predicted: standup, Actual: standup
2024-07-10 02:15:46,130 - INFO - Image: zwb-2-2-4-1-1-su76_heatmap.png, Predicted: standup, Actual: standup
2024-07-10 02:15:46,143 - INFO - Image: zwb-2-2-4-1-1-su77_heatmap.png, Predicted: standup, Actual: standup
2024-07-10 02:15:46,153 - INFO - Image: zwb-2-2-4-1-1-su78_heatmap.png, Predicted: standup, Actual: standup
2024-07-10 02:15:46,162 - INFO - Image: zwb-2-2-4-1-1-su79_heatmap.png, Predicted: standup, Actual: standup
2024-07-10 02:15:46,175 - INFO - Image: zwb-2-2-4-1-1-su80_heatmap.png, Predicted: standup, Actual: standup
2024-07-10 02:15:46,188 - INFO - Image: zzy-2-2-4-1-1-su01_heatmap.png, Predicted: standup, Actual: standup
2024-07-10 02:15:46,202 - INFO - Image: zzy-2-2-4-1-1-su02_heatmap.png, Predicted: standup, Actual: standup
2024-07-10 02:15:46,215 - INFO - Image: zzy-2-2-4-1-1-su03_heatmap.png, Predicted: standup, Actual: standup
2024-07-10 02:15:46,228 - INFO - Image: zzy-2-2-4-1-1-su04_heatmap.png, Predicted: standup, Actual: standup
2024-07-10 02:15:46,241 - INFO - Image: zzy-2-2-4-1-1-su05_heatmap.png, Predicted: standup, Actual: standup
2024-07-10 02:15:46,253 - INFO - Image: zzy-2-2-4-1-1-su06_heatmap.png, Predicted: standup, Actual: standup
2024-07-10 02:15:46,265 - INFO - Image: zzy-2-2-4-1-1-su07_heatmap.png, Predicted: standup, Actual: standup
2024-07-10 02:15:46,277 - INFO - Image: zzy-2-2-4-1-1-su08_heatmap.png, Predicted: standup, Actual: standup
2024-07-10 02:15:46,291 - INFO - Image: zzy-2-2-4-1-1-su09_heatmap.png, Predicted: standup, Actual: standup
2024-07-10 02:15:46,304 - INFO - Image: zzy-2-2-4-1-1-su10_heatmap.png, Predicted: standup, Actual: standup
2024-07-10 02:15:46,318 - INFO - Image: zzy-2-2-4-1-1-su11_heatmap.png, Predicted: standup, Actual: standup
2024-07-10 02:15:46,331 - INFO - Image: zzy-2-2-4-1-1-su12_heatmap.png, Predicted: standup, Actual: standup
2024-07-10 02:15:46,342 - INFO - Image: zzy-2-2-4-1-1-su13_heatmap.png, Predicted: standup, Actual: standup
2024-07-10 02:15:46,354 - INFO - Image: zzy-2-2-4-1-1-su14_heatmap.png, Predicted: standup, Actual: standup
2024-07-10 02:15:46,364 - INFO - Image: zzy-2-2-4-1-1-su15_heatmap.png, Predicted: standup, Actual: standup
2024-07-10 02:15:46,375 - INFO - Image: zzy-2-2-4-1-1-su16_heatmap.png, Predicted: standup, Actual: standup
2024-07-10 02:15:46,387 - INFO - Image: zzy-2-2-4-1-1-su17_heatmap.png, Predicted: standup, Actual: standup
2024-07-10 02:15:46,397 - INFO - Image: zzy-2-2-4-1-1-su18_heatmap.png, Predicted: standup, Actual: standup
2024-07-10 02:15:46,407 - INFO - Image: zzy-2-2-4-1-1-su19_heatmap.png, Predicted: standup, Actual: standup
2024-07-10 02:15:46,420 - INFO - Image: zzy-2-2-4-1-1-su20_heatmap.png, Predicted: standup, Actual: standup
2024-07-10 02:15:46,431 - INFO - Image: zzy-2-2-4-1-1-su21_heatmap.png, Predicted: standup, Actual: standup
2024-07-10 02:15:46,441 - INFO - Image: zzy-2-2-4-1-1-su22_heatmap.png, Predicted: standup, Actual: standup
2024-07-10 02:15:46,452 - INFO - Image: zzy-2-2-4-1-1-su23_heatmap.png, Predicted: standup, Actual: standup
2024-07-10 02:15:46,462 - INFO - Image: zzy-2-2-4-1-1-su24_heatmap.png, Predicted: standup, Actual: standup
2024-07-10 02:15:46,474 - INFO - Image: zzy-2-2-4-1-1-su25_heatmap.png, Predicted: standup, Actual: standup
2024-07-10 02:15:46,485 - INFO - Image: zzy-2-2-4-1-1-su26_heatmap.png, Predicted: standup, Actual: standup
2024-07-10 02:15:46,495 - INFO - Image: zzy-2-2-4-1-1-su27_heatmap.png, Predicted: standup, Actual: standup
2024-07-10 02:15:46,506 - INFO - Image: zzy-2-2-4-1-1-su28_heatmap.png, Predicted: standup, Actual: standup
2024-07-10 02:15:46,517 - INFO - Image: zzy-2-2-4-1-1-su29_heatmap.png, Predicted: standup, Actual: standup
2024-07-10 02:15:46,527 - INFO - Image: zzy-2-2-4-1-1-su30_heatmap.png, Predicted: standup, Actual: standup
2024-07-10 02:15:46,537 - INFO - Image: zwb-2-2-4-1-1-w61_heatmap.png, Predicted: walk, Actual: walk
2024-07-10 02:15:46,547 - INFO - Image: zwb-2-2-4-1-1-w62_heatmap.png, Predicted: walk, Actual: walk
2024-07-10 02:15:46,558 - INFO - Image: zwb-2-2-4-1-1-w63_heatmap.png, Predicted: walk, Actual: walk
2024-07-10 02:15:46,568 - INFO - Image: zwb-2-2-4-1-1-w64_heatmap.png, Predicted: pickup, Actual: walk
2024-07-10 02:15:46,578 - INFO - Image: zwb-2-2-4-1-1-w65_heatmap.png, Predicted: walk, Actual: walk
2024-07-10 02:15:46,588 - INFO - Image: zwb-2-2-4-1-1-w66_heatmap.png, Predicted: walk, Actual: walk
2024-07-10 02:15:46,597 - INFO - Image: zwb-2-2-4-1-1-w67_heatmap.png, Predicted: walk, Actual: walk
2024-07-10 02:15:46,607 - INFO - Image: zwb-2-2-4-1-1-w68_heatmap.png, Predicted: walk, Actual: walk
2024-07-10 02:15:46,618 - INFO - Image: zwb-2-2-4-1-1-w69_heatmap.png, Predicted: walk, Actual: walk
2024-07-10 02:15:46,627 - INFO - Image: zwb-2-2-4-1-1-w70_heatmap.png, Predicted: walk, Actual: walk
2024-07-10 02:15:46,638 - INFO - Image: zwb-2-2-4-1-1-w71_heatmap.png, Predicted: walk, Actual: walk
2024-07-10 02:15:46,648 - INFO - Image: zwb-2-2-4-1-1-w72_heatmap.png, Predicted: walk, Actual: walk
2024-07-10 02:15:46,659 - INFO - Image: zwb-2-2-4-1-1-w73_heatmap.png, Predicted: walk, Actual: walk
2024-07-10 02:15:46,669 - INFO - Image: zwb-2-2-4-1-1-w74_heatmap.png, Predicted: walk, Actual: walk
2024-07-10 02:15:46,678 - INFO - Image: zwb-2-2-4-1-1-w75_heatmap.png, Predicted: walk, Actual: walk
2024-07-10 02:15:46,688 - INFO - Image: zwb-2-2-4-1-1-w76_heatmap.png, Predicted: sitdown, Actual: walk
2024-07-10 02:15:46,698 - INFO - Image: zwb-2-2-4-1-1-w77_heatmap.png, Predicted: walk, Actual: walk
2024-07-10 02:15:46,708 - INFO - Image: zwb-2-2-4-1-1-w78_heatmap.png, Predicted: walk, Actual: walk
2024-07-10 02:15:46,718 - INFO - Image: zwb-2-2-4-1-1-w79_heatmap.png, Predicted: walk, Actual: walk
2024-07-10 02:15:46,727 - INFO - Image: zwb-2-2-4-1-1-w80_heatmap.png, Predicted: walk, Actual: walk
2024-07-10 02:15:46,737 - INFO - Image: zzy-2-2-4-1-1-w01_heatmap.png, Predicted: walk, Actual: walk
2024-07-10 02:15:46,746 - INFO - Image: zzy-2-2-4-1-1-w02_heatmap.png, Predicted: walk, Actual: walk
2024-07-10 02:15:46,756 - INFO - Image: zzy-2-2-4-1-1-w03_heatmap.png, Predicted: walk, Actual: walk
2024-07-10 02:15:46,765 - INFO - Image: zzy-2-2-4-1-1-w04_heatmap.png, Predicted: walk, Actual: walk
2024-07-10 02:15:46,773 - INFO - Image: zzy-2-2-4-1-1-w05_heatmap.png, Predicted: walk, Actual: walk
2024-07-10 02:15:46,782 - INFO - Image: zzy-2-2-4-1-1-w06_heatmap.png, Predicted: walk, Actual: walk
2024-07-10 02:15:46,791 - INFO - Image: zzy-2-2-4-1-1-w07_heatmap.png, Predicted: walk, Actual: walk
2024-07-10 02:15:46,800 - INFO - Image: zzy-2-2-4-1-1-w08_heatmap.png, Predicted: walk, Actual: walk
2024-07-10 02:15:46,809 - INFO - Image: zzy-2-2-4-1-1-w09_heatmap.png, Predicted: walk, Actual: walk
2024-07-10 02:15:46,818 - INFO - Image: zzy-2-2-4-1-1-w10_heatmap.png, Predicted: walk, Actual: walk
2024-07-10 02:15:46,827 - INFO - Image: zzy-2-2-4-1-1-w11_heatmap.png, Predicted: walk, Actual: walk
2024-07-10 02:15:46,840 - INFO - Image: zzy-2-2-4-1-1-w12_heatmap.png, Predicted: walk, Actual: walk
2024-07-10 02:15:46,852 - INFO - Image: zzy-2-2-4-1-1-w13_heatmap.png, Predicted: walk, Actual: walk
2024-07-10 02:15:46,864 - INFO - Image: zzy-2-2-4-1-1-w14_heatmap.png, Predicted: walk, Actual: walk
2024-07-10 02:15:46,872 - INFO - Image: zzy-2-2-4-1-1-w15_heatmap.png, Predicted: walk, Actual: walk
2024-07-10 02:15:46,882 - INFO - Image: zzy-2-2-4-1-1-w16_heatmap.png, Predicted: walk, Actual: walk
2024-07-10 02:15:46,892 - INFO - Image: zzy-2-2-4-1-1-w17_heatmap.png, Predicted: walk, Actual: walk
2024-07-10 02:15:46,903 - INFO - Image: zzy-2-2-4-1-1-w18_heatmap.png, Predicted: walk, Actual: walk
2024-07-10 02:15:46,911 - INFO - Image: zzy-2-2-4-1-1-w19_heatmap.png, Predicted: walk, Actual: walk
2024-07-10 02:15:46,920 - INFO - Image: zzy-2-2-4-1-1-w20_heatmap.png, Predicted: walk, Actual: walk
2024-07-10 02:15:46,928 - INFO - Image: zzy-2-2-4-1-1-w21_heatmap.png, Predicted: walk, Actual: walk
2024-07-10 02:15:46,938 - INFO - Image: zzy-2-2-4-1-1-w22_heatmap.png, Predicted: walk, Actual: walk
2024-07-10 02:15:46,949 - INFO - Image: zzy-2-2-4-1-1-w23_heatmap.png, Predicted: walk, Actual: walk
2024-07-10 02:15:46,962 - INFO - Image: zzy-2-2-4-1-1-w24_heatmap.png, Predicted: walk, Actual: walk
2024-07-10 02:15:46,972 - INFO - Image: zzy-2-2-4-1-1-w25_heatmap.png, Predicted: walk, Actual: walk
2024-07-10 02:15:46,982 - INFO - Image: zzy-2-2-4-1-1-w26_heatmap.png, Predicted: walk, Actual: walk
2024-07-10 02:15:46,992 - INFO - Image: zzy-2-2-4-1-1-w27_heatmap.png, Predicted: walk, Actual: walk
2024-07-10 02:15:47,001 - INFO - Image: zzy-2-2-4-1-1-w28_heatmap.png, Predicted: walk, Actual: walk
2024-07-10 02:15:47,011 - INFO - Image: zzy-2-2-4-1-1-w29_heatmap.png, Predicted: walk, Actual: walk
2024-07-10 02:15:47,021 - INFO - Image: zzy-2-2-4-1-1-w30_heatmap.png, Predicted: walk, Actual: walk
2024-07-10 02:15:47,021 - INFO - Accuracy: 96.33%
